06-26 20:58:25.749  1887  2108 W BroadcastQueue: Background execution not allowed: receiving Intent { act=android.intent.action.PACKAGE_ADDED dat=package:io.rvkt.flutterify flg=0x4000010 (has extras) } to com.google.android.gms/.chimera.GmsIntentOperationService$PersistentTrustedReceiver
06-26 20:58:25.749  1887  2108 W BroadcastQueue: Background execution not allowed: receiving Intent { act=android.intent.action.PACKAGE_ADDED dat=package:io.rvkt.flutterify flg=0x4000010 (has extras) } to com.google.android.gms/.games.chimera.GamesSystemBroadcastReceiverProxy
06-26 20:58:25.749  1887  2108 W BroadcastQueue: Background execution not allowed: receiving Intent { act=android.intent.action.PACKAGE_ADDED dat=package:io.rvkt.flutterify flg=0x4000010 (has extras) } to com.google.android.gms/.gass.chimera.PackageChangeBroadcastReceiver
06-26 20:58:25.749  1887  2108 W BroadcastQueue: Background execution not allowed: receiving Intent { act=android.intent.action.PACKAGE_ADDED dat=package:io.rvkt.flutterify flg=0x4000010 (has extras) } to com.heytap.cloud/.receiver.ColorCloudReceiver
06-26 20:58:25.749  1887  2108 W BroadcastQueue: Background execution not allowed: receiving Intent { act=android.intent.action.PACKAGE_ADDED dat=package:io.rvkt.flutterify flg=0x4000010 (has extras) } to com.heytap.market/com.heytap.cdo.client.domain.receiver.PackageReceiver
06-26 20:58:25.749  1887  2108 W BroadcastQueue: Background execution not allowed: receiving Intent { act=android.intent.action.PACKAGE_ADDED dat=package:io.rvkt.flutterify flg=0x4000010 (has extras) } to com.nearme.gamecenter/com.heytap.cdo.client.domain.receiver.PackageReceiver
06-26 20:58:25.750  1887  2108 W BroadcastQueue: Background execution not allowed: receiving Intent { act=android.intent.action.PACKAGE_ADDED dat=package:io.rvkt.flutterify flg=0x4000010 (has extras) } to com.oppo.quicksearchbox/.core.receiver.AndroidPackageChangeReceiver
06-26 20:58:25.752  1887  2108 W BroadcastQueue: Background execution not allowed: receiving Intent { act=android.intent.action.PACKAGE_ADDED dat=package:io.rvkt.flutterify flg=0x4000010 (has extras) } to com.jio.myjio/com.inn.passivesdk.receiver.PackageReceiver
06-26 20:58:25.788   987   987 W ContextImpl: Calling a method in the system process without a qualified user: android.app.ContextImpl.startService:1717 android.content.ContextWrapper.startService:730 android.content.ContextWrapper.startService:730 com.coloros.securitypermission.permission.OppoPermissionReceiver.a:669 com.coloros.securitypermission.permission.OppoPermissionReceiver.onReceive:272 
06-26 20:58:25.808  1887  2073 W ActivityManager: Slow operation: 86ms so far, now at startProcess: returned from zygote!
06-26 20:58:25.831  3877  3877 W ContextImpl: Calling a method in the system process without a qualified user: android.app.ContextImpl.startService:1717 android.content.ContextWrapper.startService:730 android.content.ContextWrapper.startService:730 com.coloros.safecenter.appfrozen.receiver.AppFrozenReceiver.onReceive:236 android.app.ActivityThread.handleReceiver:4355 
06-26 20:58:25.832  1887  2073 W ActivityManager: Slow operation: 110ms so far, now at startProcess: done updating battery stats
06-26 20:58:25.832  1887  2073 W ActivityManager: Slow operation: 110ms so far, now at startProcess: building log message
06-26 20:58:25.832  1887  2073 I ActivityManager: Start proc 5563:com.heytap.mcs.statistics/1000 for content provider {com.heytap.mcs/com.heytap.mcs.biz.statistics.provider.StatisticsContentProvider}
06-26 20:58:25.832  1887  2073 W ActivityManager: Slow operation: 110ms so far, now at startProcess: starting to update pids map
06-26 20:58:25.832  1887  2073 W ActivityManager: Slow operation: 110ms so far, now at startProcess: done updating pids map
06-26 20:58:25.874 26881 27271 E ActivityThread: Failed to find provider info for com.oplus.phonemanager.RiskDetectDataProvider
06-26 20:58:25.910  1887  3395 I ActivityTaskManager: START u0 {act=android.intent.action.MAIN cat=[android.intent.category.LAUNCHER] flg=0x30000000 cmp=io.rvkt.flutterify/.MainActivity (has extras) mCallingUid=2000} from uid 2000 and from pid 5578
06-26 20:58:25.948  1887  1887 W Looper  : Slow dispatch took 363ms main h=android.app.ActivityThread$H c=android.app.-$$Lambda$LoadedApk$ReceiverDispatcher$Args$_BumDX2UKsnxLVrE6UJsJZkotuA@642e510 m=0
06-26 20:58:25.948  1887  1887 W Looper  : Slow delivery took 364ms main h=android.app.ActivityThread$H c=android.app.-$$Lambda$LoadedApk$ReceiverDispatcher$Args$_BumDX2UKsnxLVrE6UJsJZkotuA@6a69809 m=0
06-26 20:58:25.952  1887  3395 E ColorZoomWindowManagerService: onConfigurationChanged rotation not changed - prevRotation: 0
06-26 20:58:25.957  1887  3395 E ColorZoomWindowManagerService: onConfigurationChanged rotation not changed - prevRotation: 0
06-26 20:58:25.966  1887  3395 D ColorZoomWindowRUSConfigManager: isSupportZoomModeWithPolicyLocked: target = io.rvkt.flutterify/.MainActivity
06-26 20:58:25.966  1887  3395 D ColorZoomWindowRUSConfigManager: targetPkg = io.rvkt.flutterify
06-26 20:58:25.966  1887  3395 V ColorZoomWindowManagerService: unSupportZoom: false ,callingPid: 5578 ,sourceStack: null
06-26 20:58:25.970  1887  3395 D ActivityTaskManager: setWillCloseOrEnterPip:true ActivityRecord:ActivityRecord{6bde3a2 u0 com.teslacoilsw.launcher/.NovaLauncher t5} callers:com.android.server.wm.ActivityStack.resumeTopActivityInnerLocked:1921 com.android.server.wm.ActivityStack.resumeTopActivityUncheckedLocked:1710 com.android.server.wm.RootWindowContainer.resumeFocusedStacksTopActivities:2476 com.android.server.wm.ActivityStarter.startActivityInner:2288 com.android.server.wm.ActivityStarter.startActivityUnchecked:1997 
06-26 20:58:25.980  1887  4314 D ActivityTaskManager: setWillCloseOrEnterPip:false ActivityRecord:ActivityRecord{6bde3a2 u0 com.teslacoilsw.launcher/.NovaLauncher t5} callers:com.android.server.wm.ActivityStack.completePauseLocked:1325 com.android.server.wm.ActivityRecord.activityPaused:5483 com.android.server.wm.ActivityTaskManagerService.activityPaused:1998 android.app.IActivityTaskManager$Stub.onTransact:1956 com.android.server.wm.OppoActivityTaskManagerService.onTransact:174 
06-26 20:58:25.999  1887  2535 I MotorManagerService: notifyActivityChanged: mBackgroudPkg = com.teslacoilsw.launcher mFocusPkg = io.rvkt.flutterify mIsSplitMode = true mBackActivity = com.teslacoilsw.launcher.NovaLauncher mFocusActivity = io.rvkt.flutterify.MainActivity
06-26 20:58:26.004  1887  2011 D ColorViewRootUtil: initSwipState, isDisplayCompatApp false
06-26 20:58:26.004  1887  2011 D ColorViewRootUtil: mScreenHeight 2340, mScreenWidth 1080
06-26 20:58:26.034  1887  2011 D WindowManager: WARNING: focused app window can't receive keys, focusedApp:ActivityRecord{6bde3a2 u0 com.teslacoilsw.launcher/.NovaLauncher t5} window:Window{f7ea94b u0 com.teslacoilsw.launcher/com.teslacoilsw.launcher.NovaLauncher}
06-26 20:58:26.034  1887  2011 D WindowManager: isRecentsAnimationConsumingAppInput:false isParentWindowHidden:false mAnimatingExit:false mRelayoutCalled:true
06-26 20:58:26.035  1887  2011 V WindowManager: Changing focus from Window{f7ea94b u0 com.teslacoilsw.launcher/com.teslacoilsw.launcher.NovaLauncher} to null,diplayid=0
06-26 20:58:26.043  1887  2011 V OplusZoomWindowDecorViewHelper: setLastReportedMergedConfiguration mZoomDisplayHeight: 2340 getDecorView.DecorView@ad07c0b[flutterify]
06-26 20:58:26.084  1887  1887 W Looper  : Slow dispatch took 124ms main h=android.app.ActivityThread$H c=android.app.-$$Lambda$LoadedApk$ReceiverDispatcher$Args$_BumDX2UKsnxLVrE6UJsJZkotuA@d782095 m=0
06-26 20:58:26.084  1887  1887 D OppoBrightUtils: CtsTest = false
06-26 20:58:26.087  1887  1887 D OppoBaseLightsService: isCtsHardwareTestCases = false
06-26 20:58:26.165  1887  1887 V BackupManagerConstants: getFullBackupIntervalMilliseconds(...) returns 86400000
06-26 20:58:26.165  1887  1887 V BackupManagerConstants: getFullBackupRequiredNetworkType(...) returns 2
06-26 20:58:26.165  1887  1887 V BackupManagerConstants: getFullBackupRequireCharging(...) returns true
06-26 20:58:26.181  1887  2007 W Looper  : Slow dispatch took 222ms android.fg h=android.os.Handler c=com.android.internal.infra.-$$Lambda$ServiceConnector$Impl$Q3XwhehBxp2gunoWvuP2lFsbtBM@6002bba m=0
06-26 20:58:26.185  1887  2010 D CompatibilityChangeReporter: Compat change id reported: 135634846; UID 10814; state: DISABLED
06-26 20:58:26.187  1887  2073 D CompatibilityChangeReporter: Compat change id reported: 143937733; UID 10814; state: ENABLED
06-26 20:58:26.188  1887  2008 W Looper  : Slow dispatch took 358ms android.ui h=com.android.server.am.ActivityManagerService$UiHandler c=null m=53
06-26 20:58:26.188  1887  2010 D PowerManagerService: setScreenBrightnessOverrideFromWindowManagerInternal brightness=NaN mScreenBrightnessOverrideFromWindowManager=NaN
06-26 20:58:26.213  1887  2008 W Looper  : Slow delivery took 379ms android.ui h=com.android.server.am.ActivityManagerService$UiHandler c=null m=31
06-26 20:58:26.224  1887  2010 D OplusBaseBatteryStatsImpl: pausedBatteryLevel:79 activityFocusedTimeInMin:1
06-26 20:58:26.230  1887  2010 D PowerManagerService: setScreenBrightnessOverrideFromWindowManagerInternal brightness=NaN mScreenBrightnessOverrideFromWindowManager=NaN
06-26 20:58:26.231  1887  2010 I chatty  : uid=1000(system) android.display identical 1 line
06-26 20:58:26.231  1887  2010 D PowerManagerService: setScreenBrightnessOverrideFromWindowManagerInternal brightness=NaN mScreenBrightnessOverrideFromWindowManager=NaN
06-26 20:58:26.238  1887  2073 W ActivityManager: Slow operation: 54ms so far, now at startProcess: done updating battery stats
06-26 20:58:26.238  1887  2073 W ActivityManager: Slow operation: 54ms so far, now at startProcess: building log message
06-26 20:58:26.238  1887  2073 I ActivityManager: Start proc 5619:io.rvkt.flutterify/u0a814 for pre-top-activity {io.rvkt.flutterify/io.rvkt.flutterify.MainActivity}
06-26 20:58:26.238  1887  2073 W ActivityManager: Slow operation: 54ms so far, now at startProcess: starting to update pids map
06-26 20:58:26.238  1887  2073 W ActivityManager: Slow operation: 54ms so far, now at startProcess: done updating pids map
06-26 20:58:26.253  1887  2008 W Looper  : Drained
06-26 20:58:26.294  1887  5418 I SecurityPermissionService: updateCachedPermission pkgName:io.rvkt.flutterify, userId:0, delete:false
06-26 20:58:26.336  1887  2930 I ColorAppSwitchManagerService: appswitch hasProcess ActivityRecord{a900c4b u0 io.rvkt.flutterify/.MainActivity t1872}
06-26 20:58:26.336  1887  2930 I ColorAppSwitchManagerService: appswitch hasProcess ActivityRecord{a900c4b u0 io.rvkt.flutterify/.MainActivity t1872}
06-26 20:58:26.352  1887  5425 D ColorDefaultAppPolicyManager: check , currentMode = false mUd = 0
06-26 20:58:26.362  1887  3404 E OppoThermalStats: Error getting package info: io.rvkt.flutterify
06-26 20:58:26.362  1887  2930 D ColorDefaultAppPolicyManager: check , currentMode = false mUd = 0
06-26 20:58:26.415  1887  2010 D OplusBaseBatteryStatsImpl: resumedUid:10814 resumedBatteryLevel:79  resumedPackage:io.rvkt.flutterify  resumedBatteryRealtimeCapacity:2215
06-26 20:58:26.418  1887  2010 D PowerManagerService: setScreenBrightnessOverrideFromWindowManagerInternal brightness=NaN mScreenBrightnessOverrideFromWindowManager=NaN
06-26 20:58:26.418  1887  2010 D PowerManagerService: setScreenBrightnessOverrideFromWindowManagerInternal brightness=NaN mScreenBrightnessOverrideFromWindowManager=NaN
06-26 20:58:26.445  1887  1887 W Looper  : Slow dispatch took 358ms main h=android.app.ActivityThread$H c=android.app.-$$Lambda$LoadedApk$ReceiverDispatcher$Args$_BumDX2UKsnxLVrE6UJsJZkotuA@911b62f m=0
06-26 20:58:26.446  1887  1887 I AppsFilter: interaction: PackageSetting{2490e60 com.softmintdigital.flashmart.consumer.local/10808} -> PackageSetting{40ce365 io.rvkt.flutterify/10814} BLOCKED
06-26 20:58:26.446  1887  1887 I AppsFilter: interaction: PackageSetting{1911956 com.softmintdigital.sandbox/10799} -> PackageSetting{40ce365 io.rvkt.flutterify/10814} BLOCKED
06-26 20:58:26.446  1887  1887 I AppsFilter: interaction: PackageSetting{fba643b com.softmintindia.aeps2fasdk/10456} -> PackageSetting{40ce365 io.rvkt.flutterify/10814} BLOCKED
06-26 20:58:26.473  1887  1972 D ConnectivityService: requestNetwork for uid/pid:1000/5563 NetworkRequest [ TRACK_DEFAULT id=26268, [ Capabilities: INTERNET&NOT_RESTRICTED&TRUSTED Uid: 1000 AdministratorUids: [] RequestorUid: 1000 RequestorPackageName: com.heytap.mcs] ]
06-26 20:58:26.473  1887  2506 D ConnectivityService: NetReassign [26268 : null ? 271]
06-26 20:58:26.477  3877  4006 W ContextImpl: Calling a method in the system process without a qualified user: android.app.ContextImpl.sendBroadcast:1174 android.content.ContextWrapper.sendBroadcast:483 com.coloros.notificationmanager.AppModificationReceiver.notifyAppModified:42 com.coloros.notificationmanager.NotificationBackend.processBroadcast:2304 com.coloros.notificationmanager.NotificationBackend.access$300:97 
06-26 20:58:26.575  1887  3403 W ActivityManager: Unable to start service Intent { act=com.nearme.dcc.action.RECEIVE_MESSAGE pkg=com.oppo.quicksearchbox (has extras) } U=0: not found
06-26 20:58:26.576  5619  5619 D OplusInputMethodUtil: init DEBUG to false, update DEBUG_IME to false
06-26 20:58:26.624  1887  2011 V ColorZoomWindowManagerService: onAnimationFinished:  r = ActivityRecord{a900c4b u0 io.rvkt.flutterify/.MainActivity t1872}
06-26 20:58:26.624  1887  2011 I ColorAppSwitchManagerService:  handleAppVisible , r = ActivityRecord{a900c4b u0 io.rvkt.flutterify/.MainActivity t1872}
06-26 20:58:26.625  1887  2011 I OplusMirageDisplayManagerService: onAnimationFinished:
06-26 20:58:26.626  1887  2011 V ColorZoomWindowManagerService: onAnimationFinished:  r = ActivityRecord{6bde3a2 u0 com.teslacoilsw.launcher/.NovaLauncher t5}
06-26 20:58:26.626  1887  2011 I OplusMirageDisplayManagerService: onAnimationFinished:
06-26 20:58:26.658  1887  2010 D PowerManagerService: setScreenBrightnessOverrideFromWindowManagerInternal brightness=NaN mScreenBrightnessOverrideFromWindowManager=NaN
06-26 20:58:26.658  1887  2010 I chatty  : uid=1000(system) android.display identical 2 lines
06-26 20:58:26.670  1887  2010 D PowerManagerService: setScreenBrightnessOverrideFromWindowManagerInternal brightness=NaN mScreenBrightnessOverrideFromWindowManager=NaN
06-26 20:58:26.677  5619  5619 D ColorViewRootUtil: initSwipState, isDisplayCompatApp false
06-26 20:58:26.677  5619  5619 D ColorViewRootUtil: mScreenHeight 2340, mScreenWidth 1080
06-26 20:58:26.684  1887  2010 D PowerManagerService: setScreenBrightnessOverrideFromWindowManagerInternal brightness=NaN mScreenBrightnessOverrideFromWindowManager=NaN
06-26 20:58:26.692  1887  2771 D BatteryLed: getLightInColorState, oppoLightMgr empty!
06-26 20:58:26.724  1887  5351 V WindowManager: Changing focus from null to Window{77ad70e u0 io.rvkt.flutterify/io.rvkt.flutterify.MainActivity},diplayid=0
06-26 20:58:26.730  1887  2010 D PowerManagerService: setScreenBrightnessOverrideFromWindowManagerInternal brightness=NaN mScreenBrightnessOverrideFromWindowManager=NaN
06-26 20:58:26.731  5619  5619 V OplusZoomWindowDecorViewHelper: setLastReportedMergedConfiguration mZoomDisplayHeight: 2340 getDecorView.DecorView@c43316c[MainActivity]
06-26 20:58:26.773  1887  6052 D CompatibilityChangeReporter: Compat change id reported: 136274596; UID 10814; state: ENABLED
06-26 20:58:26.821  5619  5768 E AndroidRuntime: FATAL EXCEPTION: pool-2-thread-1
06-26 20:58:26.821  5619  5768 E AndroidRuntime: Process: io.rvkt.flutterify, PID: 5619
06-26 20:58:26.821  5619  5768 E AndroidRuntime: java.util.MissingResourceException: Error locating the logging class
06-26 20:58:26.821  5619  5768 E AndroidRuntime: 	at p1.b.a(SourceFile:27)
06-26 20:58:26.821  5619  5768 E AndroidRuntime: 	at o1.c.<init>(SourceFile:1)
06-26 20:58:26.821  5619  5768 E AndroidRuntime: 	at q0.a.run(SourceFile:26)
06-26 20:58:26.821  5619  5768 E AndroidRuntime: 	at java.util.concurrent.ThreadPoolExecutor.runWorker(ThreadPoolExecutor.java:1167)
06-26 20:58:26.821  5619  5768 E AndroidRuntime: 	at java.util.concurrent.ThreadPoolExecutor$Worker.run(ThreadPoolExecutor.java:641)
06-26 20:58:26.821  5619  5768 E AndroidRuntime: 	at java.lang.Thread.run(Thread.java:923)
06-26 20:58:26.842  1887  5492 W ActivityManager: setGlThreads detect 5619 5735
06-26 20:58:26.859  1887  4179 W ActivityTaskManager:   Force finishing activity io.rvkt.flutterify/.MainActivity
06-26 20:58:26.861  1887  5346 D ColorDefaultAppPolicyManager: check , currentMode = false mUd = 0
06-26 20:58:26.863  1887  4179 V WindowManager: Changing focus from Window{77ad70e u0 io.rvkt.flutterify/io.rvkt.flutterify.MainActivity} to null,diplayid=0
06-26 20:58:26.871  1887  4179 V ColorZoomWindowManagerService: prepareZoomTransition: curStack=Task{c7b8958 #1872 visible=false type=standard mode=fullscreen translucent=true I=io.rvkt.flutterify/.MainActivity U=0 StackId=1872 sz=1}   nextStackTask{9a8a699 #1 visible=true type=home mode=fullscreen translucent=true I=com.teslacoilsw.launcher/.NovaLauncher U=0 StackId=1 sz=1}
06-26 20:58:26.889  1887  3385 E OppoThermalStats: Error getting package info: com.teslacoilsw.launcher
06-26 20:58:26.911  1887  3872 D ActivityTaskManager: setWillCloseOrEnterPip:false ActivityRecord:ActivityRecord{a900c4b u0 io.rvkt.flutterify/.MainActivity t1872 f}} callers:com.android.server.wm.ActivityStack.completePauseLocked:1325 com.android.server.wm.ActivityRecord.activityPaused:5483 com.android.server.wm.ActivityTaskManagerService.activityPaused:1998 android.app.IActivityTaskManager$Stub.onTransact:1956 com.android.server.wm.OppoActivityTaskManagerService.onTransact:174 
06-26 20:58:26.917  1887  2535 I MotorManagerService: notifyActivityChanged: mBackgroudPkg = io.rvkt.flutterify mFocusPkg = com.teslacoilsw.launcher mIsSplitMode = true mBackActivity = io.rvkt.flutterify.MainActivity mFocusActivity = com.teslacoilsw.launcher.NovaLauncher
06-26 20:58:26.954  1887  3403 V WindowManager: Changing focus from null to Window{f7ea94b u0 com.teslacoilsw.launcher/com.teslacoilsw.launcher.NovaLauncher},diplayid=0
06-26 20:58:26.975  1887  2930 D CompatibilityChangeReporter: Compat change id reported: 136219221; UID 10814; state: ENABLED
06-26 20:58:26.979  1887  5425 W ActivityManager: setGlThreads detect 5619 5702
06-26 20:58:26.981  1887  2010 D PowerManagerService: setScreenBrightnessOverrideFromWindowManagerInternal brightness=NaN mScreenBrightnessOverrideFromWindowManager=NaN
06-26 20:58:26.981  1887  2010 I chatty  : uid=1000(system) android.display identical 1 line
06-26 20:58:26.982  1887  2010 D PowerManagerService: setScreenBrightnessOverrideFromWindowManagerInternal brightness=NaN mScreenBrightnessOverrideFromWindowManager=NaN
06-26 20:58:26.990  1887  2011 V WindowManager: mIsWallpaper: setAlpha ok mShownAlpha = 0.76
06-26 20:58:26.994  1887  2011 V ColorZoomWindowManagerService: onAnimationFinished:  r = ActivityRecord{6bde3a2 u0 com.teslacoilsw.launcher/.NovaLauncher t5}
06-26 20:58:26.994  1887  2011 I ColorAppSwitchManagerService:  handleAppVisible , r = ActivityRecord{6bde3a2 u0 com.teslacoilsw.launcher/.NovaLauncher t5}
06-26 20:58:26.994  1887  2011 I OplusMirageDisplayManagerService: onAnimationFinished:
06-26 20:58:26.994  1887  2011 I ColorAppSwitchManagerService:  handleAppVisible , r = ActivityRecord{6bde3a2 u0 com.teslacoilsw.launcher/.NovaLauncher t5}
06-26 20:58:27.004  1887  5351 D ColorDefaultAppPolicyManager: check , currentMode = false mUd = 0
06-26 20:58:27.015  1887  5787 I OplusServiceFactoryImpl: IOplusCpuExceptionMonitor
06-26 20:58:27.018  1887  1972 D ColorDefaultAppPolicyManager: check , currentMode = false mUd = 0
06-26 20:58:27.029  1887  3233 D OppoBasePowerManagerService: do restore jobs
06-26 20:58:27.037  1887  5787 I DropBoxManagerService: add tag=data_app_crash isTagEnabled=true flags=0x2
06-26 20:58:27.061  1887  2010 D OplusBaseBatteryStatsImpl: pausedBatteryLevel:79 activityFocusedTimeInMin:0
06-26 20:58:27.063  1887  5787 D DropBoxManagerService: file :: /data/system/dropbox/data_app_crash@1750951707052.txt
06-26 20:58:27.073  1887  2007 W Looper  : Slow dispatch took 289ms android.fg h=com.android.server.AppStateTracker$MyHandler c=null m=0
06-26 20:58:27.073  1887  2007 W Looper  : Slow delivery took 289ms android.fg h=com.android.server.AppStateTracker$MyHandler c=null m=1
06-26 20:58:27.073  1887  3233 D OppoBasePowerManagerService: do restore jobs
06-26 20:58:27.073  1887  3233 I chatty  : uid=1000(system) HansManagerHand identical 2 lines
06-26 20:58:27.073  1887  3233 D OppoBasePowerManagerService: do restore jobs
06-26 20:58:27.073  1887  1887 W Looper  : Slow dispatch took 548ms main h=com.android.providers.settings.SettingsProvider$SettingsRegistry$MyHandler c=null m=2
06-26 20:58:27.078  1887  2010 D OplusBaseBatteryStatsImpl: resumedUid:10489 resumedBatteryLevel:79  resumedPackage:com.teslacoilsw.launcher  resumedBatteryRealtimeCapacity:2214
06-26 20:58:27.081  1887  2108 W BroadcastQueue: Background execution not allowed: receiving Intent { act=android.intent.action.DROPBOX_ENTRY_ADDED flg=0x10 (has extras) } to com.google.android.gms/.stats.service.DropBoxEntryAddedReceiver
06-26 20:58:27.092  1887  2010 D PowerManagerService: setScreenBrightnessOverrideFromWindowManagerInternal brightness=NaN mScreenBrightnessOverrideFromWindowManager=NaN
06-26 20:58:27.093  1887  2010 I chatty  : uid=1000(system) android.display identical 2 lines
06-26 20:58:27.093  1887  2010 D PowerManagerService: setScreenBrightnessOverrideFromWindowManagerInternal brightness=NaN mScreenBrightnessOverrideFromWindowManager=NaN
06-26 20:58:27.094  1887  2007 W Looper  : Drained
06-26 20:58:27.096  1887  4147 D ColorAppListInterceptManager: shouldFilterTask
06-26 20:58:27.096  1887  4147 D ColorAppListInterceptManager: shouldFilterTask::packageName = io.rvkt.flutterify
06-26 20:58:27.096  1887  2010 D PowerManagerService: setScreenBrightnessOverrideFromWindowManagerInternal brightness=NaN mScreenBrightnessOverrideFromWindowManager=NaN
06-26 20:58:27.096  1887  4147 D ColorAppListInterceptManager: shouldFilterTask
06-26 20:58:27.096  1887  4147 D ColorAppListInterceptManager: shouldFilterTask::packageName = com.android.settings
06-26 20:58:27.096  1887  4147 D ColorAppListInterceptManager: shouldFilterTask
06-26 20:58:27.096  1887  4147 D ColorAppListInterceptManager: shouldFilterTask::packageName = com.whatsapp
06-26 20:58:27.096  1887  2010 D PowerManagerService: setScreenBrightnessOverrideFromWindowManagerInternal brightness=NaN mScreenBrightnessOverrideFromWindowManager=NaN
06-26 20:58:27.097  1887  2010 I chatty  : uid=1000(system) android.display identical 1 line
06-26 20:58:27.097  1887  2010 D PowerManagerService: setScreenBrightnessOverrideFromWindowManagerInternal brightness=NaN mScreenBrightnessOverrideFromWindowManager=NaN
06-26 20:58:27.120  1887  5492 D DisplayManagerService: Display listener for pid 5619 died.
06-26 20:58:27.120  1887  3403 I WindowManager: WIN DEATH: Window{77ad70e u0 io.rvkt.flutterify/io.rvkt.flutterify.MainActivity}
06-26 20:58:27.128  1887  3872 I ActivityManager: Process io.rvkt.flutterify (pid 5619) has died: fg +50 FGS 
06-26 20:58:27.129  1887  3418 W ContextImpl: Calling a method in the system process without a qualified user: android.app.ContextImpl.startService:1717 com.oplus.util.OplusStatisticsImpl.startService:216 com.oplus.util.OplusStatisticsImpl.sendDataToDCS:192 com.oplus.util.OplusStatisticsImpl.onCommonSync:84 com.oplus.util.OplusStatisticsImpl$1.run:124 
06-26 20:58:27.129  1887  3872 W ContextImpl: Calling a method in the system process without a qualified user: android.app.ContextImpl.sendBroadcast:1159 com.android.server.am.OppoExtraActivityManagerService.setKeyLockModeNormal:51 com.android.server.am.ActivityManagerService.appDiedLocked:4308 com.android.server.am.ActivityManagerService$AppDeathRecipient.binderDied:1777 android.os.IBinder$DeathRecipient.binderDied:305 
06-26 20:58:27.129  1887  2557 W WindowManager: Cannot find window which accessibility connection is added to
06-26 20:58:27.129  1887  2010 D PowerManagerService: setScreenBrightnessOverrideFromWindowManagerInternal brightness=NaN mScreenBrightnessOverrideFromWindowManager=NaN
06-26 20:58:27.170  1887  3872 W ActivityManager: Scheduling restart of crashed service io.rvkt.flutterify/.services.MqttTtsService in 1000ms for start-requested
06-26 20:58:27.196  1887  2010 W ActivityManager: setHasOverlayUi called on unknown pid: 5619
06-26 20:58:27.196  1887  2010 D PowerManagerService: setScreenBrightnessOverrideFromWindowManagerInternal brightness=NaN mScreenBrightnessOverrideFromWindowManager=NaN
06-26 20:58:27.199  1887  2010 D PowerManagerService: setScreenBrightnessOverrideFromWindowManagerInternal brightness=NaN mScreenBrightnessOverrideFromWindowManager=NaN
06-26 20:58:27.200  1887  6065 D ColorAppListInterceptManager: shouldFilterTask
06-26 20:58:27.200  1887  6065 D ColorAppListInterceptManager: shouldFilterTask::packageName = io.rvkt.flutterify
06-26 20:58:27.200  1887  6065 D ColorAppListInterceptManager: shouldFilterTask
06-26 20:58:27.200  1887  6065 D ColorAppListInterceptManager: shouldFilterTask::packageName = com.android.settings
06-26 20:58:27.200  1887  6065 D ColorAppListInterceptManager: shouldFilterTask
06-26 20:58:27.200  1887  6065 D ColorAppListInterceptManager: shouldFilterTask::packageName = com.whatsapp
06-26 20:58:27.203  1887  3872 D ColorAppListInterceptManager: shouldFilterTask
06-26 20:58:27.203  1887  3872 D ColorAppListInterceptManager: shouldFilterTask::packageName = io.rvkt.flutterify
06-26 20:58:27.203  1887  3872 D ColorAppListInterceptManager: shouldFilterTask
06-26 20:58:27.203  1887  3872 D ColorAppListInterceptManager: shouldFilterTask::packageName = com.android.settings
06-26 20:58:27.203  1887  3872 D ColorAppListInterceptManager: shouldFilterTask
06-26 20:58:27.203  1887  3872 D ColorAppListInterceptManager: shouldFilterTask::packageName = com.whatsapp
06-26 20:58:27.251  1887  1887 W Looper  : Slow dispatch took 177ms main h=android.app.ActivityThread$H c=android.app.LoadedApk$ServiceDispatcher$RunConnection@de40b9b m=0
06-26 20:58:27.295  1887  3872 D ColorDefaultAppPolicyManager: check , currentMode = false mUd = 0
06-26 20:58:27.350  1887  1887 W Looper  : Drained
06-26 20:58:27.546  1887  1887 I ColorStatusBarManagerService:  getTopIsFullscreen mTopIsFullscreen: false
06-26 20:58:27.548  1887  1887 D NotificationService: 0|io.rvkt.flutterify|1|null|10814: granting content://settings/system/notification_sound
06-26 20:58:27.550  1887  1887 I chatty  : uid=1000 system_server identical 5 lines
06-26 20:58:27.550  1887  1887 D NotificationService: 0|io.rvkt.flutterify|1|null|10814: granting content://settings/system/notification_sound
06-26 20:58:27.551  1887  1887 W NotificationHistory: Attempted to add notif for locked/gone/disabled user 0
06-26 20:58:27.556  1887  6065 D OppoUserManagerService: getMultiSystemUserId  res = -10000
06-26 20:58:28.172  1887  2072 D CompatibilityChangeReporter: Compat change id reported: 135634846; UID 10814; state: DISABLED
06-26 20:58:28.172  1887  2073 D CompatibilityChangeReporter: Compat change id reported: 143937733; UID 10814; state: ENABLED
06-26 20:58:28.202  1887  2073 I ActivityManager: Start proc 5853:io.rvkt.flutterify/u0a814 for service {io.rvkt.flutterify/io.rvkt.flutterify.services.MqttTtsService}
06-26 20:58:28.248  1887  3403 D CompatibilityChangeReporter: Compat change id reported: 136219221; UID 10814; state: ENABLED
06-26 20:58:28.338  1887  3407 I ColorGameSpaceManager: in handleApplicationSwitchInner ---- gamemode = 0 ----mModeStatus = 0
06-26 20:58:28.415  5853  5888 E AndroidRuntime: FATAL EXCEPTION: pool-2-thread-1
06-26 20:58:28.415  5853  5888 E AndroidRuntime: Process: io.rvkt.flutterify, PID: 5853
06-26 20:58:28.415  5853  5888 E AndroidRuntime: java.util.MissingResourceException: Error locating the logging class
06-26 20:58:28.415  5853  5888 E AndroidRuntime: 	at p1.b.a(SourceFile:27)
06-26 20:58:28.415  5853  5888 E AndroidRuntime: 	at o1.c.<init>(SourceFile:1)
06-26 20:58:28.415  5853  5888 E AndroidRuntime: 	at q0.a.run(SourceFile:26)
06-26 20:58:28.415  5853  5888 E AndroidRuntime: 	at java.util.concurrent.ThreadPoolExecutor.runWorker(ThreadPoolExecutor.java:1167)
06-26 20:58:28.415  5853  5888 E AndroidRuntime: 	at java.util.concurrent.ThreadPoolExecutor$Worker.run(ThreadPoolExecutor.java:641)
06-26 20:58:28.415  5853  5888 E AndroidRuntime: 	at java.lang.Thread.run(Thread.java:923)
06-26 20:58:28.426  1887  5897 I DropBoxManagerService: add tag=data_app_crash isTagEnabled=true flags=0x2
06-26 20:58:28.434 32534 24655 W ContextImpl: Calling a method in the system process without a qualified user: android.app.ContextImpl.startService:1717 android.content.ContextWrapper.startService:730 com.c.a.a.c.b.a:206 com.c.a.a.c.b.a:133 com.c.a.a.a.c.a:14 
06-26 20:58:28.442  1887  2108 W BroadcastQueue: Background execution not allowed: receiving Intent { act=android.intent.action.DROPBOX_ENTRY_ADDED flg=0x10 (has extras) } to com.google.android.gms/.stats.service.DropBoxEntryAddedReceiver
06-26 20:58:28.442  1887  5897 D DropBoxManagerService: file :: /data/system/dropbox/data_app_crash@1750951708434.txt
06-26 20:58:28.467  1887  1887 E NotificationService: Muting recently noisy 0|io.rvkt.flutterify|1|null|10814
06-26 20:58:28.467  1887  1887 D NotificationService: 0|io.rvkt.flutterify|1|null|10814: granting content://settings/system/notification_sound
06-26 20:58:28.477  1887  1887 I chatty  : uid=1000 system_server identical 5 lines
06-26 20:58:28.479  1887  1887 D NotificationService: 0|io.rvkt.flutterify|1|null|10814: granting content://settings/system/notification_sound
06-26 20:58:28.481  1887  3403 D DisplayManagerService: Display listener for pid 5853 died.
06-26 20:58:28.482  1887  5355 I ActivityManager: Process io.rvkt.flutterify (pid 5853) has died: prcp FGS 
06-26 20:58:28.482  1887  5355 W ContextImpl: Calling a method in the system process without a qualified user: android.app.ContextImpl.sendBroadcast:1159 com.android.server.am.OppoExtraActivityManagerService.setKeyLockModeNormal:51 com.android.server.am.ActivityManagerService.appDiedLocked:4308 com.android.server.am.ActivityManagerService$AppDeathRecipient.binderDied:1777 android.os.IBinder$DeathRecipient.binderDied:305 
06-26 20:58:28.483  1887  3418 W ContextImpl: Calling a method in the system process without a qualified user: android.app.ContextImpl.startService:1717 com.oplus.util.OplusStatisticsImpl.startService:216 com.oplus.util.OplusStatisticsImpl.sendDataToDCS:192 com.oplus.util.OplusStatisticsImpl.onCommonSync:84 com.oplus.util.OplusStatisticsImpl$1.run:124 
06-26 20:58:28.484  1887  1887 W NotificationHistory: Attempted to add notif for locked/gone/disabled user 0
06-26 20:58:28.489  1887  2930 D OppoUserManagerService: getMultiSystemUserId  res = -10000
06-26 20:58:28.490  1887  5355 W ActivityManager: Scheduling restart of crashed service io.rvkt.flutterify/.services.MqttTtsService in 1800000ms for start-requested
06-26 20:58:28.554  1887  1887 I ColorStatusBarManagerService:  getTopIsFullscreen mTopIsFullscreen: false
06-26 20:58:28.577  1887  1887 W NotificationHistory: Attempted to add notif for locked/gone/disabled user 0
06-26 20:58:28.585  1887  3403 D OppoUserManagerService: getMultiSystemUserId  res = -10000
06-26 20:58:28.922  1887  3407 I ColorGameSpaceManager: in handleApplicationSwitchInner ---- gamemode = 0 ----mModeStatus = 0
06-26 20:58:29.214 26881 27054 E ActivityThread: Failed to find provider info for com.oplus.securitypermission.AppControlCenterProvider
06-26 20:58:29.235 26881  5573 E ActivityThread: Failed to find provider info for com.oplus.securitypermission.AppControlCenterProvider
06-26 20:58:29.380  1887  2557 I ColorAppSwitchManagerService: appswitch registerAppSwitchObserver pName = com@@coloros@@gamespace observer = com.oplus.app.IOplusAppSwitchObserver$Stub$Proxy@29e5fa8 config = OplusAppSwitchConfig = {  mConfigs = {2=[TOM@@android@@printspooler, TOM@@yrs@@digital, TOM@@CO@@relax, TOM@@ubercab, TOM@@google@@ar@@core, TOM@@CO@@blacklistapp, TOM@@qualTOMm@@qti@@poweroffalarm, TOM@@phonepe@@app, TOM@@wapi@@wapicertmanage, TOM@@android@@wallpaper@@livepicker, TOM@@android@@internal@@systemui@@navbar@@gestural_narrow_back, TOM@@google@@android@@cellbroadcastservice, TOM@@android@@providers@@telephony, TOM@@android@@contacts, TOM@@google@@android@@partnersetup, TOM@@google@@android@@safetycenter@@resources, TOM@@google@@android@@tts, TOM@@CO@@phonemanager, TOM@@oplus@@onetrace, TOM@@instagram@@barcelona, TOM@@google@@android@@ext@@shared, TOM@@android@@cts@@ctsshim, TOM@@softmintindia@@aeps2fasdk, TOM@@OP@@OPpowermonitor, TOM@@android@@mtp, TOM@@color@@uiengine, TOM@@google@@android@@connectivity@@resources, TOM@@OP@@atlas, TOM@@android@@email@@partnerprovider, TOM@@android@@wifi@@resources@@overlay@@target, TOM@@heytap@@store, TOM@@CO@@weather2, TOM@@qualTOMm@@qti@@modemtestmode, TOM@@CO@@onekeylockscreen, TOM@@android@@carrierdefaultapp, TOM@@CO@@bootreg, TOM@@android@@internal@@systemui@@navbar@@gestural_extra_wide_back, TOM@@google@@android@@overlay@@gmsconfig@@TOMms, TOM@@CO@@screenshot, TOM@@CO@@weather@@service, TOM@@android@@theme@@icon@@squircle, org@@codeaurora@@ims, TOM@@dsi@@ant@@server, TOM@@android@@TOMpaniondevicemanager, TOM@@oplus@@customize@@coreapp, TOM@@google@@android@@cellbroadcastreceiver, TOM@@google@@android@@networkstack@@tethering, TOM@@android@@theme@@icon_pack@@rounded@@themepicker, TOM@@qualTOMm@@qcrilmsgtunnel, TOM@@android@@internal@@systemui@@navbar@@gestural_wide_back, TOM@@CO@@childrenspace, TOM@@google@@android@@overlay@@gmsconfig@@gsa, TOM@@android@@theme@@icon_pack@@rounded@@launcher, TOM@@softmintdigital@@flashmart@@consumer@@dev, TOM@@android@@shell, TOM@@qualTOMm@@embms, org@@torproject@@torbrowser, TOM@@ses@@entitlement@@o2, TOM@@android@@incallui, TOM@@android@@providers@@userdictionary, TOM@@google@@android@@gms@@location@@history, TOM@@google@@android@@feedback, TOM@@android@@carrierconfig@@overlay@@TOMmon, TOM@@android@@theme@@icon_pack@@rounded@@systemui, TOM@@OP@@ota, TOM@@android@@settings@@intelligence, TOM@@CO@@safecenter, TOM@@google@@android@@apps@@youtube@@music, TOM@@qualTOMm@@wfd@@service, TOM@@google@@android@@cellbroadcastservice@@overlay, TOM@@google@@android@@webview, TOM@@CO@@exsystemservice, TOM@@android@@theme@@icon_pack@@circular@@systemui, TOM@@qualTOMm@@qti@@simcontacts, TOM@@google@@android@@printservice@@reTOMmendation, TOM@@CO@@gallery3d, TOM@@teslacoilsw@@launcher@@prime, TOM@@android@@theme@@icon@@pebble, TOM@@qualTOMm@@qti@@server@@wigig@@tethering@@rro, TOM@@apps@@adrcotfas@@goodtime, TOM@@google@@android@@apps@@docs@@editors@@docs, TOM@@android@@externalstorage, TOM@@android@@wifi@@resources@@overlay@@TOMmon, TOM@@CO@@wallpapers, TOM@@android@@cellbroadcastreceiver@@overlay@@TOMmon, TOM@@CO@@backuprestore, TOM@@android@@keychain, TOM@@CO@@logkit, TOM@@oplus@@location, TOM@@android@@managedprovisioning, oplus@@frameworkres@@overlay@@display@@product, TOM@@openai@@chatgpt, TOM@@google@@android@@apps@@docs, TOM@@softmintdigital@@flashmart@@consumer, org@@torproject@@android, TOM@@authy@@authy, TOM@@CO@@screenrecorder, TOM@@google@@android@@cellbroadcastreceiver@@overlay, TOM@@google@@android@@videos, TOM@@OPex@@afterservice, TOM@@google@@android@@marvin@@talkback, TOM@@heytap@@cast, TOM@@jio@@myjio, TOM@@android@@theme@@color@@green, oplus, TOM@@android@@proxyhandler, net@@one97@@paytm, TOM@@whatsapp, TOM@@qti@@qualTOMm@@deviceinfo, TOM@@finshell@@fin, TOM@@google@@android@@safetycore, TOM@@oplus@@crashbox, TOM@@NM@@gamecenter, TOM@@qualTOMm@@atfwd, TOM@@nothing@@smartcenter, TOM@@android@@carrierconfig@@overlay, io@@rvkt@@timelytics, io@@cutshort, TOM@@dbs@@in@@digitalbank, TOM@@android@@dynsystem, TOM@@android@@htmlviewer, TOM@@g
06-26 20:58:29.380  1887  2557 I ColorAppSwitchStateDispatcher: registerAppSwitchObserver addDynamicListener OK, info = ColorAppSwitchRuleInfo = {  observer = com.oplus.app.IOplusAppSwitchObserver$Stub$Proxy@29e5fa8 observerFingerPrint = 8835487} rule size =1
06-26 20:58:29.382  1887  2557 I ColorAppSwitchManagerService: appswitch unregisterAppSwitchObserver pkgName = com.coloros.gamespace config = OplusAppSwitchConfig = {  mConfigs = {} observerFingerPrint = 209912689}
06-26 20:58:29.383  1887  2557 I ColorAppSwitchStateDispatcher: unregisterAppSwitchObserver ok, pkgName = com.coloros.gamespace info = ColorAppSwitchRuleInfo = {  observer = null observerFingerPrint = 209912689}
06-26 20:58:29.843 32534 24655 W ContextImpl: Calling a method in the system process without a qualified user: android.app.ContextImpl.startService:1717 android.content.ContextWrapper.startService:730 com.c.a.a.c.b.a:206 com.c.a.a.c.b.a:133 com.c.a.a.a.c.a:14 
06-26 20:58:30.920 32534 24655 I chatty  : uid=1000(system) pool-7-thread-1 identical 163 lines
06-26 20:58:30.941 32534 24655 W ContextImpl: Calling a method in the system process without a qualified user: android.app.ContextImpl.startService:1717 android.content.ContextWrapper.startService:730 com.c.a.a.c.b.a:206 com.c.a.a.c.b.a:133 com.c.a.a.a.c.a:14 
06-26 20:58:31.507  5563  5563 W ContextImpl: Calling a method in the system process without a qualified user: android.app.ContextImpl.startService:1717 android.content.ContextWrapper.startService:730 com.heytap.mcs.biz.statistics.StaticProcessTrackStatusManager.exitCurrentProcess:11 com.heytap.mcs.biz.statistics.StaticProcessTrackStatusManager$1.handleMessage:3 android.os.Handler.dispatchMessage:102 
06-26 20:58:31.589  1887  4342 I ActivityManager: Process com.heytap.mcs.statistics (pid 5563) has died: svcb SVC 
06-26 20:58:31.590  1887  4342 W ContextImpl: Calling a method in the system process without a qualified user: android.app.ContextImpl.sendBroadcast:1159 com.android.server.am.OppoExtraActivityManagerService.setKeyLockModeNormal:51 com.android.server.am.ActivityManagerService.appDiedLocked:4308 com.android.server.am.ActivityManagerService$AppDeathRecipient.binderDied:1777 android.os.IBinder$DeathRecipient.binderDied:305 
06-26 20:58:31.594 32241 32241 I ActivityThread: Removing dead content provider:android.content.ContentProviderProxy@51f2ba0
06-26 20:58:31.603  1887  4342 D DisplayManagerService: Display listener for pid 5563 died.
06-26 20:58:31.603  1887  3403 D ConnectivityService: ConnectivityService NetworkRequestInfo binderDied(NetworkRequest [ TRACK_DEFAULT id=26268, [ Capabilities: INTERNET&NOT_RESTRICTED&TRUSTED Uid: 1000 AdministratorUids: [] RequestorUid: 1000 RequestorPackageName: com.heytap.mcs] ], android.os.BinderProxy@57cf882)
06-26 20:58:31.603  1887  2506 D ConnectivityService: releasing NetworkRequest [ TRACK_DEFAULT id=26268, [ Capabilities: INTERNET&NOT_RESTRICTED&TRUSTED Uid: 1000 AdministratorUids: [] RequestorUid: 1000 RequestorPackageName: com.heytap.mcs] ] (release request)
06-26 20:58:31.666  1887  2771 D BatteryLed: getLightInColorState, oppoLightMgr empty!
06-26 20:58:34.200  1887  2530 D JobScheduler.Temperature: get temperature=36.406
--------- beginning of main
06-26 20:58:35.716 23028  6169 I chatty  : uid=2000(shell) /apex/com.android.adbd/bin/adbd expire 1 line
06-26 20:58:35.717 23028 23028 I chatty  : uid=2000(shell) /apex/com.android.adbd/bin/adbd expire 7 lines
06-26 20:58:35.723 23028  6171 I chatty  : uid=2000(shell) /apex/com.android.adbd/bin/adbd expire 1 line
06-26 20:58:35.723 23028  6170 I chatty  : uid=2000(shell) /apex/com.android.adbd/bin/adbd expire 3 lines
06-26 20:58:35.724 23028 23028 I chatty  : uid=2000(shell) /apex/com.android.adbd/bin/adbd expire 7 lines
06-26 20:58:35.730 23028  6174 I chatty  : uid=2000(shell) /apex/com.android.adbd/bin/adbd expire 1 line
06-26 20:58:35.731 23028  6172 I chatty  : uid=2000(shell) /apex/com.android.adbd/bin/adbd expire 3 lines
06-26 20:58:35.731 23028 23028 I chatty  : uid=2000(shell) /apex/com.android.adbd/bin/adbd expire 7 lines
06-26 20:58:35.738 23028  6175 I chatty  : uid=2000(shell) /apex/com.android.adbd/bin/adbd expire 2 lines
06-26 20:58:35.738 23028  6176 I chatty  : uid=2000(shell) /apex/com.android.adbd/bin/adbd expire 1 line
06-26 20:58:35.738 23028  6175 I chatty  : uid=2000(shell) /apex/com.android.adbd/bin/adbd expire 1 line
06-26 20:58:35.740 23028 23028 I chatty  : uid=2000(shell) /apex/com.android.adbd/bin/adbd expire 8 lines
06-26 20:58:35.746 23028  6177 I chatty  : uid=2000(shell) /apex/com.android.adbd/bin/adbd expire 3 lines
06-26 20:58:35.748 23028 23028 I chatty  : uid=2000(shell) /apex/com.android.adbd/bin/adbd expire 3 lines
06-26 20:58:35.749 23028  6178 I chatty  : uid=2000(shell) /apex/com.android.adbd/bin/adbd expire 1 line
06-26 20:58:35.749 23028 23028 I chatty  : uid=2000(shell) /apex/com.android.adbd/bin/adbd expire 3 lines
06-26 20:58:35.753 23028  6182 I chatty  : uid=2000(shell) /apex/com.android.adbd/bin/adbd expire 3 lines
06-26 20:58:35.753 23028  6183 I chatty  : uid=2000(shell) /apex/com.android.adbd/bin/adbd expire 1 line
06-26 20:58:35.754 23028 23028 I chatty  : uid=2000(shell) /apex/com.android.adbd/bin/adbd expire 7 lines
06-26 20:58:35.763 23028  6184 I chatty  : uid=2000(shell) /apex/com.android.adbd/bin/adbd expire 2 lines
06-26 20:58:35.763 23028  6185 I chatty  : uid=2000(shell) /apex/com.android.adbd/bin/adbd expire 1 line
06-26 20:58:35.764 23028  6184 I chatty  : uid=2000(shell) /apex/com.android.adbd/bin/adbd expire 1 line
06-26 20:58:35.764 23028 23028 I chatty  : uid=2000(shell) /apex/com.android.adbd/bin/adbd expire 7 lines
06-26 20:58:35.771 23028  6187 I chatty  : uid=2000(shell) /apex/com.android.adbd/bin/adbd expire 3 lines
06-26 20:58:35.773 23028 23028 I chatty  : uid=2000(shell) /apex/com.android.adbd/bin/adbd expire 3 lines
06-26 20:58:35.774 23028  6189 I chatty  : uid=2000(shell) /apex/com.android.adbd/bin/adbd expire 1 line
06-26 20:58:35.774 23028 23028 I chatty  : uid=2000(shell) /apex/com.android.adbd/bin/adbd expire 5 lines
06-26 20:58:36.050  4140  4140 W TcmReceiver: type=1400 audit(0.0:798024): avc: denied { write } for name="tcm" dev="tmpfs" ino=31780 scontext=u:r:oppotheme_app:s0:c512,c768 tcontext=u:object_r:vendor_dpmtcm_socket:s0 tclass=sock_file permissive=0 app=com.heytap.themestore
06-26 20:58:36.479 23028  6164 I chatty  : uid=2000(shell) /apex/com.android.adbd/bin/adbd expire 2 lines
06-26 20:58:36.479 23028 23028 I chatty  : uid=2000(shell) /apex/com.android.adbd/bin/adbd expire 1 line
06-26 20:58:36.507 23028 23034 I chatty  : uid=2000(shell) usb ffs open expire 2 lines
06-26 20:58:36.520 23028  6190 I chatty  : uid=2000(shell) /apex/com.android.adbd/bin/adbd expire 3 lines
06-26 20:58:36.530  1091 21868 I WifiHAL : event received NL80211_CMD_VENDOR, vendor_id = 0x1374, subcmd = 0xd
06-26 20:58:36.670 26798 26798 W kworker/0:0: type=1400 audit(0.0:798025): avc: denied { write } for name="oplus_charge" dev="sda13" ino=3670017 scontext=u:r:kernel:s0 tcontext=u:object_r:system_data_file:s0 tclass=dir permissive=0
06-26 20:58:36.703  1887  2771 D BatteryLed: getLightInColorState, oppoLightMgr empty!
06-26 20:58:36.721  3877  7687 E OppoGuardElf: ChargeProtectionUtils: First Alarm is Thu Jun 26 05:00:00 GMT+05:30 2025, nowRtc  = Thu Jun 26 20:58:36 GMT+05:30 2025, too close , ignore it.
06-26 20:58:37.050  4140  4140 W TcmReceiver: type=1400 audit(0.0:798026): avc: denied { write } for name="tcm" dev="tmpfs" ino=31780 scontext=u:r:oppotheme_app:s0:c512,c768 tcontext=u:object_r:vendor_dpmtcm_socket:s0 tclass=sock_file permissive=0 app=com.heytap.themestore
06-26 20:58:37.522 23028 23028 I chatty  : uid=2000(shell) /apex/com.android.adbd/bin/adbd expire 3 lines
06-26 20:58:37.558 23028 23034 I chatty  : uid=2000(shell) usb ffs open expire 2 lines
06-26 20:58:37.566 23028  6192 I chatty  : uid=2000(shell) /apex/com.android.adbd/bin/adbd expire 3 lines
06-26 20:58:38.060  4140  4140 W TcmReceiver: type=1400 audit(0.0:798027): avc: denied { write } for name="tcm" dev="tmpfs" ino=31780 scontext=u:r:oppotheme_app:s0:c512,c768 tcontext=u:object_r:vendor_dpmtcm_socket:s0 tclass=sock_file permissive=0 app=com.heytap.themestore
06-26 20:58:38.454  1630  1729 D HoraeHelper: getAllShellTemps tSize : 4
06-26 20:58:38.534  1091 21868 I WifiHAL : event received NL80211_CMD_VENDOR, vendor_id = 0x1374, subcmd = 0xd
06-26 20:58:38.568 23028 23028 I chatty  : uid=2000(shell) /apex/com.android.adbd/bin/adbd expire 3 lines
06-26 20:58:38.607 23028 23034 I chatty  : uid=2000(shell) usb ffs open expire 2 lines
06-26 20:58:38.617 23028  6193 I chatty  : uid=2000(shell) /apex/com.android.adbd/bin/adbd expire 3 lines
06-26 20:58:38.643  1630  1722 D HoraeHelper: Thermal length:1
06-26 20:58:38.685  1630  1738 E libc    : Access denied finding property "vendor.oplus.media.vpp.osie_sr.on"
06-26 20:58:38.980  1630  1739 D HoraeHelper: skinThermal:36.406
06-26 20:58:39.070  4140  4140 W TcmReceiver: type=1400 audit(0.0:798028): avc: denied { write } for name="tcm" dev="tmpfs" ino=31780 scontext=u:r:oppotheme_app:s0:c512,c768 tcontext=u:object_r:vendor_dpmtcm_socket:s0 tclass=sock_file permissive=0 app=com.heytap.themestore
06-26 20:58:39.619 23028 23028 I chatty  : uid=2000(shell) /apex/com.android.adbd/bin/adbd expire 3 lines
06-26 20:58:39.632 31516 31516 D BoundBrokerSvc: onUnbind: Intent { act=com.google.android.gms.safetynet.service.START pkg=com.google.android.gms }
06-26 20:58:39.666 23028 23034 I chatty  : uid=2000(shell) usb ffs open expire 2 lines
06-26 20:58:39.671 23028  6194 I chatty  : uid=2000(shell) /apex/com.android.adbd/bin/adbd expire 3 lines
06-26 20:58:39.885  1062 13039 I chatty  : uid=1002 bluetooth@1.0-s expire 11 lines
06-26 20:58:40.080  4140  4140 W TcmReceiver: type=1400 audit(0.0:798029): avc: denied { write } for name="tcm" dev="tmpfs" ino=31780 scontext=u:r:oppotheme_app:s0:c512,c768 tcontext=u:object_r:vendor_dpmtcm_socket:s0 tclass=sock_file permissive=0 app=com.heytap.themestore
06-26 20:58:40.543  1091 21868 I WifiHAL : event received NL80211_CMD_VENDOR, vendor_id = 0x1374, subcmd = 0xd
06-26 20:58:40.673 23028 23028 I chatty  : uid=2000(shell) /apex/com.android.adbd/bin/adbd expire 3 lines
06-26 20:58:40.707 23028 23034 I chatty  : uid=2000(shell) usb ffs open expire 2 lines
06-26 20:58:40.715 23028  6196 I chatty  : uid=2000(shell) /apex/com.android.adbd/bin/adbd expire 3 lines
06-26 20:58:40.829  1062 13020 I chatty  : uid=1002(bluetooth) POSIX timer 21 expire 3 lines
06-26 20:58:41.090  4140  4140 W TcmReceiver: type=1400 audit(0.0:798030): avc: denied { write } for name="tcm" dev="tmpfs" ino=31780 scontext=u:r:oppotheme_app:s0:c512,c768 tcontext=u:object_r:vendor_dpmtcm_socket:s0 tclass=sock_file permissive=0 app=com.heytap.themestore
06-26 20:58:41.156  5554  5554 I Athena  : AthenaService: onStartCommand action: oppo.intent.action.REQUEST_SMART_CLEAR_DELAY
06-26 20:58:41.170  1062 13039 I chatty  : uid=1002 bluetooth@1.0-s expire 15 lines
06-26 20:58:41.216  1887  5355 D ColorDefaultAppPolicyManager: check , currentMode = false mUd = 0
06-26 20:58:41.217  5554  7434 D VersionUtils: Get OsVersion Exception : java.lang.NoSuchFieldException: OplusOS_11_3
06-26 20:58:41.235  1887  3872 D ColorAppListInterceptManager: shouldFilterTask
06-26 20:58:41.235  1887  3872 D ColorAppListInterceptManager: shouldFilterTask::packageName = io.rvkt.flutterify
06-26 20:58:41.235  1887  3872 D ColorAppListInterceptManager: shouldFilterTask
06-26 20:58:41.236  1887  3872 D ColorAppListInterceptManager: shouldFilterTask::packageName = com.android.settings
06-26 20:58:41.236  1887  3872 D ColorAppListInterceptManager: shouldFilterTask
06-26 20:58:41.236  1887  3872 D ColorAppListInterceptManager: shouldFilterTask::packageName = com.whatsapp
06-26 20:58:41.230  5554  7434 I chatty  : uid=1000(system) smart_clear_ht identical 6 lines
06-26 20:58:41.231  5554  7434 D VersionUtils: Get OsVersion Exception : java.lang.NoSuchFieldException: OplusOS_11_3
06-26 20:58:41.283  8408  8408 I Finsky  : [2] SCH: job service start with id 9349.
06-26 20:58:41.295  5554  7434 D VersionUtils: Get OsVersion Exception : java.lang.NoSuchFieldException: OplusOS_11_3
06-26 20:58:41.304  5554  7434 D VersionUtils: Get OsVersion Exception : java.lang.NoSuchFieldException: OplusOS_11_3
06-26 20:58:41.305  8408  3981 I Finsky  : [106725] SCH: Satisfied jobs for 9349 are: 12-1
06-26 20:58:41.306  8408  6197 I Finsky  : [106747] SCH: Job 12-1 starting
06-26 20:58:41.307  8408  8408 I Finsky  : [2] [ContentSync] job started
06-26 20:58:41.393  8408  6198 E Parcel  : Reading a NULL string not supported here.
06-26 20:58:41.468  8408  6198 I chatty  : uid=10147(com.android.vending) identical 22 lines
06-26 20:58:41.477  8408  6198 E Parcel  : Reading a NULL string not supported here.
06-26 20:58:41.491  8408  6198 E Parcel  : Reading a NULL string not supported here.
06-26 20:58:41.625  8408  6198 E Parcel  : Reading a NULL string not supported here.
06-26 20:58:41.630 18969 18969 W kworker/0:6: type=1400 audit(0.0:798031): avc: denied { write } for name="oplus_charge" dev="sda13" ino=3670017 scontext=u:r:kernel:s0 tcontext=u:object_r:system_data_file:s0 tclass=dir permissive=0
06-26 20:58:41.661  1887  2771 D BatteryLed: getLightInColorState, oppoLightMgr empty!
06-26 20:58:41.667  3877  7687 E OppoGuardElf: ChargeProtectionUtils: First Alarm is Thu Jun 26 05:00:00 GMT+05:30 2025, nowRtc  = Thu Jun 26 20:58:41 GMT+05:30 2025, too close , ignore it.
06-26 20:58:41.717 23028 23028 I chatty  : uid=2000(shell) /apex/com.android.adbd/bin/adbd expire 3 lines
06-26 20:58:41.757 23028 23034 I chatty  : uid=2000(shell) usb ffs open expire 2 lines
06-26 20:58:41.762 23028  6202 I chatty  : uid=2000(shell) /apex/com.android.adbd/bin/adbd expire 3 lines
