06-26 20:59:00.151  1488  6381 D OplusUtils:   int32_t sample-rate = 44100
06-26 20:59:00.151  1488  6381 D OplusUtils:   int32_t max-input-size = 65307
06-26 20:59:00.151  1488  6381 D OplusUtils:   string file-format = "audio/ogg"
06-26 20:59:00.151  1488  6381 D OplusUtils:   int32_t priority = 0
06-26 20:59:00.151  1488  6381 D OplusUtils:   int32_t pcm-encoding = 2
06-26 20:59:00.151  1488  6381 D OplusUtils:   int64_t feedbackKey = 12780667054863101
06-26 20:59:00.151  1488  6381 D OplusUtils: }
06-26 20:59:00.152  1488  6382 D CCodec  : allocate(c2.android.vorbis.decoder)
06-26 20:59:00.155  1636 14259 D BufferPoolAccessor2.0: bufferpool2 0x7b15130428 : 0(0 size) total buffers - 0(0 size) used buffers - 0/0 (recycle/alloc) - 0/0 (fetch/transfer)
06-26 20:59:00.156  1488 12233 D BufferPoolAccessor2.0: bufferpool2 0xe3dfed98 : 0(0 size) total buffers - 0(0 size) used buffers - 0/5 (recycle/alloc) - 2/4 (fetch/transfer)
06-26 20:59:00.156  1488 12233 D BufferPoolAccessor2.0: Destruction - bufferpool2 0xe3dfed98 cached: 0/0M, 0/0% in use; allocs: 5, 0% recycled; transfers: 4, 50% unfetched
06-26 20:59:00.156  1636 14259 D BufferPoolAccessor2.0: bufferpool2 0x7b150e9828 : 0(0 size) total buffers - 0(0 size) used buffers - 12/15 (recycle/alloc) - 3/14 (fetch/transfer)
06-26 20:59:00.157  1488  6382 I CCodec  : Created component [c2.android.vorbis.decoder]
06-26 20:59:00.157  1488  6382 D CCodecConfig: read media type: audio/vorbis
06-26 20:59:00.158  1488 29025 D BufferPoolAccessor2.0: bufferpool2 0xe3dfe258 : 0(0 size) total buffers - 0(0 size) used buffers - 0/5 (recycle/alloc) - 2/4 (fetch/transfer)
06-26 20:59:00.158  1488 28840 D BufferPoolAccessor2.0: Destruction - bufferpool2 0xe3dfe258 cached: 0/0M, 0/0% in use; allocs: 5, 0% recycled; transfers: 4, 50% unfetched
06-26 20:59:00.160  1488  6382 D ReflectedParamUpdater: extent() != 1 for single value type: algo.buffers.max-count.values
06-26 20:59:00.160  1488  6382 D ReflectedParamUpdater: extent() != 1 for single value type: output.subscribed-indices.values
06-26 20:59:00.160  1488  6382 D ReflectedParamUpdater: extent() != 1 for single value type: input.buffers.allocator-ids.values
06-26 20:59:00.161  1488  6382 D ReflectedParamUpdater: extent() != 1 for single value type: output.buffers.allocator-ids.values
06-26 20:59:00.161  1488  6382 D ReflectedParamUpdater: extent() != 1 for single value type: algo.buffers.allocator-ids.values
06-26 20:59:00.161  1488  6382 D ReflectedParamUpdater: extent() != 1 for single value type: output.buffers.pool-ids.values
06-26 20:59:00.161  1488  6382 D ReflectedParamUpdater: extent() != 1 for single value type: algo.buffers.pool-ids.values
06-26 20:59:00.163  1488  6382 I CCodecConfig: query failed after returning 7 values (BAD_INDEX)
06-26 20:59:00.163  1488  6382 D CCodecConfig: c2 config diff is Dict {
06-26 20:59:00.163  1488  6382 D CCodecConfig:   c2::u32 coded.bitrate.value = 64000
06-26 20:59:00.163  1488  6382 D CCodecConfig:   c2::u32 input.buffers.max-size.value = 32768
06-26 20:59:00.163  1488  6382 D CCodecConfig:   c2::u32 input.delay.value = 0
06-26 20:59:00.163  1488  6382 D CCodecConfig:   string input.media-type.value = "audio/vorbis"
06-26 20:59:00.163  1488  6382 D CCodecConfig:   string output.media-type.value = "audio/raw"
06-26 20:59:00.163  1488  6382 D CCodecConfig:   c2::u32 raw.channel-count.value = 1
06-26 20:59:00.163  1488  6382 D CCodecConfig:   c2::u32 raw.sample-rate.value = 48000
06-26 20:59:00.163  1488  6382 D CCodecConfig: }
06-26 20:59:00.165  1488  6382 D CCodec  : [c2.android.vorbis.decoder] buffers are bound to CCodec for this session
06-26 20:59:00.165  1488  6382 D CCodecConfig: no c2 equivalents for durationUs
06-26 20:59:00.165  1488  6382 D CCodecConfig: no c2 equivalents for csd-1
06-26 20:59:00.165  1488  6382 D CCodecConfig: no c2 equivalents for language
06-26 20:59:00.165  1488  6382 D CCodecConfig: no c2 equivalents for file-format
06-26 20:59:00.165  1488  6382 D CCodecConfig: no c2 equivalents for feedbackKey
06-26 20:59:00.165  1488  6382 D CCodecConfig: no c2 equivalents for flags
06-26 20:59:00.166  1636  2760 E Codec2-ComponentInterface: We have a failed config
06-26 20:59:00.166  1488  6382 D CCodecConfig: config failed => CORRUPTED
06-26 20:59:00.167  1488  6382 D CCodecConfig: c2 config diff is   c2::u32 raw.channel-count.value = 2
06-26 20:59:00.167  1488  6382 D CCodecConfig:   c2::u32 raw.sample-rate.value = 44100
06-26 20:59:00.168  1488  6382 W Codec2Client: query -- param skipped: index = 1107298332.
06-26 20:59:00.168  1488  6382 D CCodec  : setup formats input: AMessage(what = 0x00000000) = {
06-26 20:59:00.168  1488  6382 D CCodec  :   int32_t channel-count = 2
06-26 20:59:00.168  1488  6382 D CCodec  :   int32_t max-input-size = 65307
06-26 20:59:00.168  1488  6382 D CCodec  :   string mime = "audio/vorbis"
06-26 20:59:00.168  1488  6382 D CCodec  :   int32_t sample-rate = 44100
06-26 20:59:00.168  1488  6382 D CCodec  : } and output: AMessage(what = 0x00000000) = {
06-26 20:59:00.168  1488  6382 D CCodec  :   int32_t channel-count = 2
06-26 20:59:00.168  1488  6382 D CCodec  :   string mime = "audio/raw"
06-26 20:59:00.168  1488  6382 D CCodec  :   int32_t sample-rate = 44100
06-26 20:59:00.168  1488  6382 D CCodec  : }
06-26 20:59:00.168  1488  6382 I MediaCodec: MediaCodec will operate in async mode
06-26 20:59:00.169  1488  6382 W Codec2Client: query -- param skipped: index = 1342179345.
06-26 20:59:00.169  1488  6382 W Codec2Client: query -- param skipped: index = 2415921170.
06-26 20:59:00.170  1488  6382 E FMQ     : grantorIdx must be less than 3
06-26 20:59:00.170  1488  6382 E FMQ     : grantorIdx must be less than 3
06-26 20:59:00.170  1488  6382 D BufferPoolAccessor2.0: bufferpool2 0xe6f962d8 : 4(261228 size) total buffers - 4(261228 size) used buffers - 11/19 (recycle/alloc) - 8/34 (fetch/transfer)
06-26 20:59:00.171  1488  6382 D CCodecBufferChannel: [c2.android.vorbis.decoder#35] Created input block pool with allocatorID 16 => poolID 2477 - OK (0)
06-26 20:59:00.172  1488  6382 I CCodecBufferChannel: [c2.android.vorbis.decoder#35] Created output block pool with allocatorID 16 => poolID 8245 - OK
06-26 20:59:00.172  1488  6382 D CCodecBufferChannel: [c2.android.vorbis.decoder#35] Configured output block pool ids 8245 => OK
06-26 20:59:00.172  1488  6382 D CCodecBufferChannel: [c2.android.vorbis.decoder#35] start: updating output delay 0
06-26 20:59:00.173  1636  6383 D SimpleC2Component: Using output block pool with poolID 8245 => got 8245 - 0
06-26 20:59:00.174  1488  6382 E FMQ     : grantorIdx must be less than 3
06-26 20:59:00.178  1488  6382 D CCodecBufferChannel: [c2.android.vorbis.decoder#35] Discard frames from previous generation.
06-26 20:59:00.178  1488  6382 D PipelineWatcher: onWorkDone: frameIndex not found (1); ignored
06-26 20:59:00.183  1636  6383 D SimpleC2Component: work form old generation: was 1 now 0
06-26 20:59:00.185  1488  6382 I hw-BpHwBinder: onLastStrongRef automatically unlinking death recipients
06-26 20:59:00.185  1636  2760 I hw-BpHwBinder: onLastStrongRef automatically unlinking death recipients
06-26 20:59:00.185  1636  2760 D BufferPoolAccessor2.0: Destruction - bufferpool2 0x7b11f16028 cached: 0/0M, 0/0% in use; allocs: 0, 0% recycled; transfers: 0, 0% unfetched
06-26 20:59:00.186  1636  5476 D BufferPoolAccessor2.0: Destruction - bufferpool2 0x7b11e44a28 cached: 0/0M, 0/0% in use; allocs: 0, 0% recycled; transfers: 0, 0% unfetched
06-26 20:59:00.187  1488  6369 I NuPlayer: performReset
06-26 20:59:00.187  1488  6369 I NuPlayer: performReset: mRendererLooper->stop()
06-26 20:59:00.187  1488  6369 I NuPlayer: performReset: mSource->stop()
06-26 20:59:00.188  1488  6369 I NuPlayer: performReset completed!
06-26 20:59:00.188  1488  6369 D NuPlayerDriver: notifyResetComplete(0xeda6e1a0)
06-26 20:59:00.188  1488  2765 D NuPlayerDriver: reset(0xeda6e1a0) mState = 0 get mLock
06-26 20:59:00.188  1488  2765 D NuPlayerDriver: ~NuPlayerDriver(0xeda6e1a0)
06-26 20:59:00.189  1488  2765 D IAtlas  : IAtlas::init CallingPid 2956
06-26 20:59:00.189  1488  2765 D IAtlas  : IAtlas::init this 0xeda58d40
06-26 20:59:00.190  1488  2765 W AMessage: failed to post message as target looper for handler 0 is gone.
06-26 20:59:00.190  1499  1560 D AtlasService: clientsCount 1
06-26 20:59:00.190  1499  1560 D AtlasService: notify 1028 to client
06-26 20:59:00.192  1887  5355 I MediaFocusControl: abandonAudioFocus() from uid/pid 10105/2956 clientId=android.media.AudioManager@46e3b40
06-26 20:59:00.230  4140  4140 W TcmReceiver: type=1400 audit(0.0:798058): avc: denied { write } for name="tcm" dev="tmpfs" ino=31780 scontext=u:r:oppotheme_app:s0:c512,c768 tcontext=u:object_r:vendor_dpmtcm_socket:s0 tclass=sock_file permissive=0 app=com.heytap.themestore
06-26 20:59:00.286  1062 13039 I chatty  : uid=1002 bluetooth@1.0-s expire 29 lines
06-26 20:59:00.511  1062 13020 I chatty  : uid=1002(bluetooth) POSIX timer 21 expire 4 lines
06-26 20:59:00.573  1091 21868 I WifiHAL : event received NL80211_CMD_VENDOR, vendor_id = 0x1374, subcmd = 0xd
06-26 20:59:00.034  1887  3403 E OplusCustomizeRestrictionManagerService: isBiometricDisabled start
06-26 20:59:00.575  1887  2073 D CompatibilityChangeReporter: Compat change id reported: 143937733; UID 10160; state: ENABLED
06-26 20:59:00.595   904   904 D Zygote  : Forked child process 6385
06-26 20:59:00.599  6385  6385 W Zygote  : Unable to open libbeluga.so: dlopen failed: library "libbeluga.so" not found.
06-26 20:59:00.600  1887  2073 I ActivityManager: Start proc 6385:com.google.android.gm/u0a160 for service {com.google.android.gm/androidx.work.impl.background.systemjob.SystemJobService}
06-26 20:59:00.601  1887  2073 D ColorAppStartupManager: Now Begin Monitor App StartInfo's Time == 908352557
06-26 20:59:00.619  6385  6385 E ogle.android.g: Unknown bits set in runtime_flags: 0x40000000
06-26 20:59:00.633  6385  6385 E ogle.android.g: Not starting debugger since process cannot load the jdwp agent.
06-26 20:59:00.640  6385  6385 E RefClass: java.lang.reflect.InvocationTargetException
06-26 20:59:00.641  6385  6385 I OneTrace: Mark active for pid=6385? true
06-26 20:59:00.661  1887  2072 D CompatibilityChangeReporter: Compat change id reported: 135634846; UID 10814; state: DISABLED
06-26 20:59:00.661  6385  6385 I oplus.android.OplusFrameworkFactoryImpl: get feature:IOplusScreenModeFeature
06-26 20:59:00.661  6385  6385 I oplus.android.OplusFrameworkFactoryImpl: getOplusScreenModeFeature
06-26 20:59:00.661  1887  2073 D CompatibilityChangeReporter: Compat change id reported: 143937733; UID 10814; state: ENABLED
06-26 20:59:00.672 23028  6378 W adbd    : timed out while waiting for FUNCTIONFS_BIND, trying again
06-26 20:59:00.672 23028  6378 I adbd    : UsbFfs: connection terminated: monitor thread finished
06-26 20:59:00.673 23028 23028 I adbd    : UsbFfs: already offline
06-26 20:59:00.673 23028 23028 I adbd    : destroying transport UsbFfs
06-26 20:59:00.673 23028 23028 I adbd    : UsbFfsConnection being destroyed
06-26 20:59:00.676  6385  6385 E libc    : Access denied finding property "ro.odm.prev.product.name"
06-26 20:59:00.679  2801 27499 D OplusCoreAppService: isPackageContainsOplusCertificates be called
06-26 20:59:00.680   904   904 D Zygote  : Forked child process 6408
06-26 20:59:00.682  6385  6385 I ogle.android.g: The ClassLoaderContext is a special shared library.
06-26 20:59:00.683  6408  6408 W Zygote  : Unable to open libbeluga.so: dlopen failed: library "libbeluga.so" not found.
06-26 20:59:00.684  1887  2073 I ActivityManager: Start proc 6408:io.rvkt.flutterify/u0a814 for service {io.rvkt.flutterify/io.rvkt.flutterify.services.MqttTtsService}
06-26 20:59:00.699  6408  6408 E rvkt.flutterif: Unknown bits set in runtime_flags: 0x40000000
06-26 20:59:00.703  6408  6408 E rvkt.flutterif: Not starting debugger since process cannot load the jdwp agent.
06-26 20:59:00.709  6408  6408 E RefClass: java.lang.reflect.InvocationTargetException
06-26 20:59:00.710  6408  6408 I OneTrace: Mark active for pid=6408? true
06-26 20:59:00.723  1887  6052 D CompatibilityChangeReporter: Compat change id reported: 136219221; UID 10814; state: ENABLED
06-26 20:59:00.730  6408  6408 I oplus.android.OplusFrameworkFactoryImpl: get feature:IOplusScreenModeFeature
06-26 20:59:00.730  6408  6408 I oplus.android.OplusFrameworkFactoryImpl: getOplusScreenModeFeature
06-26 20:59:00.741  6408  6408 E libc    : Access denied finding property "ro.odm.prev.product.name"
06-26 20:59:00.743  2801 27499 D OplusCoreAppService: isPackageContainsOplusCertificates be called
06-26 20:59:00.747 23028 23034 I adbd    : opening control endpoint /dev/usb-ffs/adb/ep0
06-26 20:59:00.749 23028 23034 I adbd    : UsbFfsConnection constructed
06-26 20:59:00.752 23028  6430 I adbd    : UsbFfs-monitor thread spawned
06-26 20:59:00.753  6408  6408 I Perf    : Connecting to perf service.
06-26 20:59:00.756  6385  6385 W ogle.android.g: JIT profile information will not be recorded: profile file does not exist.
06-26 20:59:00.756  6385  6385 I chatty  : uid=10160(com.google.android.gm) identical 1 line
06-26 20:59:00.756  6385  6385 W ogle.android.g: JIT profile information will not be recorded: profile file does not exist.
06-26 20:59:00.756  6408  6408 E Perf    :  perftest packageName : io.rvkt.flutterify App is allowed to use Hide APIs  
06-26 20:59:00.759  6408  6408 D NetworkSecurityConfig: No Network Security Config specified, using platform default
06-26 20:59:00.759  6408  6408 D NetworkSecurityConfig: No Network Security Config specified, using platform default
06-26 20:59:00.763  6385  6385 I Perf    : Connecting to perf service.
06-26 20:59:00.765  6385  6385 E Perf    :  perftest packageName : com.google.android.gm App is allowed to use Hide APIs  
06-26 20:59:00.768  6385  6385 D NetworkSecurityConfig: Using Network Security Config from resource network_security_config debugBuild: false
06-26 20:59:00.769  6385  6385 D NetworkSecurityConfig: Using Network Security Config from resource network_security_config debugBuild: false
06-26 20:59:00.771  6385  6385 W AndroidLoggerBackend: AndroidLoggerBackend configured with enableAndroidLogger:false; no logs will be emitted.
06-26 20:59:00.787 27360 29786 I chatty  : uid=10156(com.google.android.tts) Binder:27360_6 expire 1 line
06-26 20:59:00.788  6408  6408 I TextToSpeech: Sucessfully bound to com.google.android.tts
06-26 20:59:00.788 27360 27360 I chatty  : uid=10156(com.google.android.tts) expire 15 lines
06-26 20:59:00.821  6408  6437 E AndroidRuntime: FATAL EXCEPTION: pool-2-thread-1
06-26 20:59:00.821  6408  6437 E AndroidRuntime: Process: io.rvkt.flutterify, PID: 6408
06-26 20:59:00.821  6408  6437 E AndroidRuntime: java.util.MissingResourceException: Error locating the logging class
06-26 20:59:00.821  6408  6437 E AndroidRuntime: 	at p1.b.a(SourceFile:27)
06-26 20:59:00.821  6408  6437 E AndroidRuntime: 	at o1.c.<init>(SourceFile:1)
06-26 20:59:00.821  6408  6437 E AndroidRuntime: 	at q0.a.run(SourceFile:26)
06-26 20:59:00.821  6408  6437 E AndroidRuntime: 	at java.util.concurrent.ThreadPoolExecutor.runWorker(ThreadPoolExecutor.java:1167)
06-26 20:59:00.821  6408  6437 E AndroidRuntime: 	at java.util.concurrent.ThreadPoolExecutor$Worker.run(ThreadPoolExecutor.java:641)
06-26 20:59:00.821  6408  6437 E AndroidRuntime: 	at java.lang.Thread.run(Thread.java:923)
06-26 20:59:00.823  1887  3220 D ColorAppStartupMonitor: notifyUnstableAppInfo: Bundle[{unstableTime=1750951740822, reason=crash, userId=0, safecenter=unstable, exceptionMsg=Error locating the logging class, exceptionClass=java.util.MissingResourceException, packageName=io.rvkt.flutterify, unstable_restrict_switch=true}]
06-26 20:59:00.823 27360 27360 I native  : I0000 00:00:1750951740.823961   27360 affix_word_splitter_data.cc:33] Ambiguous affix entries for spelling ['s] -- their grammars should disambiguate them.
06-26 20:59:00.823 27360 27360 I native  : I0000 00:00:1750951740.823987   27360 affix_word_splitter_data.cc:33] Ambiguous affix entries for spelling ['s] -- their grammars should disambiguate them.
06-26 20:59:00.824 27360 27360 I native  : I0000 00:00:1750951740.823998   27360 affix_word_splitter_data.cc:33] Ambiguous affix entries for spelling [s] -- their grammars should disambiguate them.
06-26 20:59:00.824 27360 27360 I native  : I0000 00:00:1750951740.824010   27360 affix_word_splitter_data.cc:33] Ambiguous affix entries for spelling [s] -- their grammars should disambiguate them.
06-26 20:59:00.824 27360 27360 I native  : I0000 00:00:1750951740.824017   27360 affix_word_splitter_data.cc:33] Ambiguous affix entries for spelling [s] -- their grammars should disambiguate them.
06-26 20:59:00.824 27360 27360 I native  : I0000 00:00:1750951740.824031   27360 affix_word_splitter_data.cc:33] Ambiguous affix entries for spelling [ed] -- their grammars should disambiguate them.
06-26 20:59:00.824 27360 27360 I native  : I0000 00:00:1750951740.824039   27360 affix_word_splitter_data.cc:33] Ambiguous affix entries for spelling [ed] -- their grammars should disambiguate them.
06-26 20:59:00.824 27360 27360 I native  : I0000 00:00:1750951740.824046   27360 affix_word_splitter_data.cc:33] Ambiguous affix entries for spelling [ed] -- their grammars should disambiguate them.
06-26 20:59:00.824 27360 27360 I native  : I0000 00:00:1750951740.824057   27360 affix_word_splitter_data.cc:89] Loaded affixes in [/data/user_de/0/com.google.android.tts/files/superpacks/en-gb/en-gb-x-multi-seanet-r64/../en-gb-x-multi-r64/affixes_params_en_gb.pb].
06-26 20:59:00.824 27360 27360 I native  : I0000 00:00:1750951740.824082   27360 android_resource_loader.cc:100] Built resource affix_word_splitter
06-26 20:59:00.824 27360 27360 I native  : I0000 00:00:1750951740.824091   27360 android_resource_loader.cc:116] Loaded resource:affix_word_splitter
06-26 20:59:00.824 27360 27360 I native  : I0000 00:00:1750951740.824108   27360 data_source.cc:95] Opening data source "/data/user_de/0/com.google.android.tts/files/superpacks/en-gb/en-gb-x-multi-seanet-r64/../en-gb-x-multi-r64/roman_numeral_android.far" (as: FILE) ...
06-26 20:59:00.824 27360 27360 I native  : I0000 00:00:1750951740.824126   27360 data_source.cc:99] ... Opened data source "/data/user_de/0/com.google.android.tts/files/superpacks/en-gb/en-gb-x-multi-seanet-r64/../en-gb-x-multi-r64/roman_numeral_android.far" of size 5112
06-26 20:59:00.823  3877  9642 D StartupManager: onUpdateUnstableRecord: unstable crash!
06-26 20:59:00.824  3877  9642 D StartupManager: onSysStateChanged: Bundle[{unstableTime=1750951740822, reason=crash, userId=0, safecenter=unstable, exceptionMsg=Error locating the logging class, exceptionClass=java.util.MissingResourceException, packageName=io.rvkt.flutterify, unstable_restrict_switch=true}]
06-26 20:59:00.824  1887  5351 D OplusAmsUtilsFeatrue: detectExceptionsForOIDT type:0
06-26 20:59:00.824 27360 27360 I native  : I0000 00:00:1750951740.824403   27360 android_resource_loader.cc:100] Built resource classify_roman_numerals_grm_fst
06-26 20:59:00.824 27360 27360 I native  : I0000 00:00:1750951740.824418   27360 android_resource_loader.cc:116] Loaded resource:classify_roman_numerals_grm_fst
06-26 20:59:00.824 27360 27360 I native  : I0000 00:00:1750951740.824431   27360 data_source.cc:95] Opening data source "/data/user_de/0/com.google.android.tts/files/superpacks/en-gb/en-gb-x-multi-seanet-r64/../en-gb-x-multi-r64/en_gb_pronounce.far" (as: FILE) ...
06-26 20:59:00.824 27360 27360 I native  : I0000 00:00:1750951740.824452   27360 data_source.cc:99] ... Opened data source "/data/user_de/0/com.google.android.tts/files/superpacks/en-gb/en-gb-x-multi-seanet-r64/../en-gb-x-multi-r64/en_gb_pronounce.far" of size 5040
06-26 20:59:00.824 27360 27360 I native  : I0000 00:00:1750951740.824558   27360 android_resource_loader.cc:100] Built resource compound_pronounce_grm_fst
06-26 20:59:00.824 27360 27360 I native  : I0000 00:00:1750951740.824570   27360 android_resource_loader.cc:116] Loaded resource:compound_pronounce_grm_fst
06-26 20:59:00.824 27360 27360 I native  : I0000 00:00:1750951740.824587   27360 data_source.cc:95] Opening data source "/data/user_de/0/com.google.android.tts/files/superpacks/en-gb/en-gb-x-multi-seanet-r64/../en-gb-x-multi-r64/disambiguation_rules_en_gb.pb" (as: FILE) ...
06-26 20:59:00.824 27360 27360 I native  : I0000 00:00:1750951740.824606   27360 data_source.cc:99] ... Opened data source "/data/user_de/0/com.google.android.tts/files/superpacks/en-gb/en-gb-x-multi-seanet-r64/../en-gb-x-multi-r64/disambiguation_rules_en_gb.pb" of size 145036
06-26 20:59:00.829  1887  6457 I DropBoxManagerService: add tag=data_app_crash isTagEnabled=true flags=0x2
06-26 20:59:00.831  6408  6437 I Process : Sending signal. PID: 6408 SIG: 9
06-26 20:59:00.838 31516 21429 W OplusExSystemServiceHelper: checkOplusExSystemService intent getComponent is null
06-26 20:59:00.841 31516 31516 D BoundBrokerSvc: onBind: Intent { act=com.google.android.mobstore.service.START pkg=com.google.android.gms }
06-26 20:59:00.841 27360 27360 I native  : I0000 00:00:1750951740.841255   27360 android_resource_loader.cc:100] Built resource disambiguation_rules
06-26 20:59:00.841 31516 31516 D BoundBrokerSvc: Loading bound service for intent: Intent { act=com.google.android.mobstore.service.START pkg=com.google.android.gms }
06-26 20:59:00.841 27360 27360 I native  : I0000 00:00:1750951740.841315   27360 android_resource_loader.cc:116] Loaded resource:disambiguation_rules
06-26 20:59:00.841 27360 27360 I native  : I0000 00:00:1750951740.841347   27360 data_source.cc:95] Opening data source "/data/user_de/0/com.google.android.tts/files/superpacks/en-gb/en-gb-x-multi-seanet-r64/engine_config_en_gb_x_embedded_havoc.pb" (as: FILE) ...
06-26 20:59:00.841 27360 27360 I native  : I0000 00:00:1750951740.841388   27360 data_source.cc:99] ... Opened data source "/data/user_de/0/com.google.android.tts/files/superpacks/en-gb/en-gb-x-multi-seanet-r64/engine_config_en_gb_x_embedded_havoc.pb" of size 54
06-26 20:59:00.841  1887  2108 W BroadcastQueue: Background execution not allowed: receiving Intent { act=android.intent.action.DROPBOX_ENTRY_ADDED flg=0x10 (has extras) } to com.google.android.gms/.stats.service.DropBoxEntryAddedReceiver
06-26 20:59:00.841 27360 27360 I native  : I0000 00:00:1750951740.841481   27360 android_resource_loader.cc:100] Built resource engine_config
06-26 20:59:00.841 27360 27360 I native  : I0000 00:00:1750951740.841492   27360 android_resource_loader.cc:116] Loaded resource:engine_config
06-26 20:59:00.841 27360 27360 I native  : I0000 00:00:1750951740.841519   27360 android_resource_loader.cc:100] Built resource guided_synthesis
06-26 20:59:00.841 27360 27360 I native  : I0000 00:00:1750951740.841530   27360 android_resource_loader.cc:116] Loaded resource:guided_synthesis
06-26 20:59:00.841 27360 27360 I native  : I0000 00:00:1750951740.841545   27360 data_source.cc:95] Opening data source "/data/user_de/0/com.google.android.tts/files/superpacks/en-gb/en-gb-x-multi-seanet-r64/../en-gb-x-multi-r64/mapping_grammar_en.far" (as: FILE) ...
06-26 20:59:00.841 27360 27360 I native  : I0000 00:00:1750951740.841566   27360 data_source.cc:99] ... Opened data source "/data/user_de/0/com.google.android.tts/files/superpacks/en-gb/en-gb-x-multi-seanet-r64/../en-gb-x-multi-r64/mapping_grammar_en.far" of size 863
06-26 20:59:00.841 27360 27360 I native  : I0000 00:00:1750951740.841705   27360 android_resource_loader.cc:100] Built resource homograph_mapping_grammar
06-26 20:59:00.841 27360 27360 I native  : I0000 00:00:1750951740.841718   27360 android_resource_loader.cc:116] Loaded resource:homograph_mapping_grammar
06-26 20:59:00.841 27360 27360 I native  : I0000 00:00:1750951740.841733   27360 data_source.cc:95] Opening data source "/data/user_de/0/com.google.android.tts/files/superpacks/en-gb/en-gb-x-multi-seanet-r64/../en-gb-x-multi-r64/lettuce_model.fb" (as: MEMORY) ...
06-26 20:59:00.841 27360 27360 I native  : I0000 00:00:1750951740.841772   27360 data_source.cc:99] ... Opened data source "/data/user_de/0/com.google.android.tts/files/superpacks/en-gb/en-gb-x-multi-seanet-r64/../en-gb-x-multi-r64/lettuce_model.fb" of size 1020200
06-26 20:59:00.841 27360 27360 I native  : I0000 00:00:1750951740.841944   27360 android_resource_loader.cc:100] Built resource lettuce_model_resource
06-26 20:59:00.841 27360 27360 I native  : I0000 00:00:1750951740.841964   27360 android_resource_loader.cc:116] Loaded resource:lettuce_model_resource
06-26 20:59:00.841 27360 27360 I native  : I0000 00:00:1750951740.841981   27360 android_resource_loader.cc:100] Built resource lettuce_model_scorer
06-26 20:59:00.841 27360 27360 I native  : I0000 00:00:1750951740.841990   27360 android_resource_loader.cc:116] Loaded resource:lettuce_model_scorer
06-26 20:59:00.842 27360 27360 I native  : I0000 00:00:1750951740.842001   27360 data_source.cc:95] Opening data source "/data/user_de/0/com.google.android.tts/files/superpacks/en-gb/en-gb-x-multi-seanet-r64/../en-gb-x-multi-r64/lettuce_classify_embedded_gb_generated_android.far" (as: FILE) ...
06-26 20:59:00.842 27360 27360 I native  : I0000 00:00:1750951740.842022   27360 data_source.cc:99] ... Opened data source "/data/user_de/0/com.google.android.tts/files/superpacks/en-gb/en-gb-x-multi-seanet-r64/../en-gb-x-multi-r64/lettuce_classify_embedded_gb_generated_android.far" of size 2912953
06-26 20:59:00.845  1887  6457 D DropBoxManagerService: file :: /data/system/dropbox/data_app_crash@1750951740835.txt
06-26 20:59:00.854 27360 27360 I native  : I0000 00:00:1750951740.854672   27360 android_resource_loader.cc:100] Built resource lettuce_node_generator_grm
06-26 20:59:00.854 27360 27360 I native  : I0000 00:00:1750951740.854805   27360 android_resource_loader.cc:116] Loaded resource:lettuce_node_generator_grm
06-26 20:59:00.854 27360 27360 I native  : I0000 00:00:1750951740.854836   27360 data_source.cc:95] Opening data source "/data/user_de/0/com.google.android.tts/files/superpacks/en-gb/en-gb-x-multi-seanet-r64/../en-gb-x-multi-r64/feats_android.far" (as: FILE) ...
06-26 20:59:00.854 27360 27360 I native  : I0000 00:00:1750951740.854878   27360 data_source.cc:99] ... Opened data source "/data/user_de/0/com.google.android.tts/files/superpacks/en-gb/en-gb-x-multi-seanet-r64/../en-gb-x-multi-r64/feats_android.far" of size 950
06-26 20:59:00.855 27360 27360 I native  : I0000 00:00:1750951740.855026   27360 android_resource_loader.cc:100] Built resource lseq_classifier_grammar
06-26 20:59:00.855 27360 27360 I native  : I0000 00:00:1750951740.855040   27360 android_resource_loader.cc:116] Loaded resource:lseq_classifier_grammar
06-26 20:59:00.855 27360 27360 I native  : I0000 00:00:1750951740.855053   27360 data_source.cc:95] Opening data source "/data/user_de/0/com.google.android.tts/files/superpacks/en-gb/en-gb-x-multi-seanet-r64/../en-gb-x-multi-r64/lucid_collection_android.far" (as: FILE) ...
06-26 20:59:00.855 27360 27360 I native  : I0000 00:00:1750951740.855070   27360 data_source.cc:99] ... Opened data source "/data/user_de/0/com.google.android.tts/files/superpacks/en-gb/en-gb-x-multi-seanet-r64/../en-gb-x-multi-r64/lucid_collection_android.far" of size 306120
06-26 20:59:00.856 27360 27360 I native  : I0000 00:00:1750951740.856305   27360 android_resource_loader.cc:100] Built resource lucid_parser_grm_fst
06-26 20:59:00.856 27360 27360 I native  : I0000 00:00:1750951740.856388   27360 android_resource_loader.cc:116] Loaded resource:lucid_parser_grm_fst
06-26 20:59:00.856 27360 27360 I native  : I0000 00:00:1750951740.856415   27360 data_source.cc:95] Opening data source "/data/user_de/0/com.google.android.tts/files/superpacks/en-gb/en-gb-x-multi-seanet-r64/../en-gb-x-multi-r64/markup_triggers.pb" (as: FILE) ...
06-26 20:59:00.856 27360 27360 I native  : I0000 00:00:1750951740.856456   27360 data_source.cc:99] ... Opened data source "/data/user_de/0/com.google.android.tts/files/superpacks/en-gb/en-gb-x-multi-seanet-r64/../en-gb-x-multi-r64/markup_triggers.pb" of size 930
06-26 20:59:00.856 27360 27360 I native  : I0000 00:00:1750951740.856756   27360 android_resource_loader.cc:100] Built resource markup_triggers
06-26 20:59:00.856 27360 27360 I native  : I0000 00:00:1750951740.856780   27360 android_resource_loader.cc:116] Loaded resource:markup_triggers
06-26 20:59:00.856 27360 27360 I native  : I0000 00:00:1750951740.856802   27360 data_source.cc:95] Opening data source "/data/user_de/0/com.google.android.tts/files/superpacks/en-gb/en-gb-x-multi-seanet-r64/../en-gb-x-multi-r64/morphosyntactic_mapping.pb" (as: FILE) ...
06-26 20:59:00.856 27360 27360 I native  : I0000 00:00:1750951740.856826   27360 data_source.cc:99] ... Opened data source "/data/user_de/0/com.google.android.tts/files/superpacks/en-gb/en-gb-x-multi-seanet-r64/../en-gb-x-multi-r64/morphosyntactic_mapping.pb" of size 6
06-26 20:59:00.856 27360 27360 I native  : I0000 00:00:1750951740.856868   27360 android_resource_loader.cc:100] Built resource morph_analyzer_attribute_map
06-26 20:59:00.856 27360 27360 I native  : I0000 00:00:1750951740.856878   27360 android_resource_loader.cc:116] Loaded resource:morph_analyzer_attribute_map
06-26 20:59:00.856 27360 27360 I native  : I0000 00:00:1750951740.856907   27360 android_resource_loader.cc:100] Built resource multilingual_capabilities
06-26 20:59:00.856 27360 27360 I native  : I0000 00:00:1750951740.856916   27360 android_resource_loader.cc:116] Loaded resource:multilingual_capabilities
06-26 20:59:00.856 27360 27360 I native  : I0000 00:00:1750951740.856934   27360 data_source.cc:95] Opening data source "/data/user_de/0/com.google.android.tts/files/superpacks/en-gb/en-gb-x-multi-seanet-r64/../en-gb-x-multi-r64/en_gb_phonology.pb" (as: FILE) ...
06-26 20:59:00.856 27360 27360 I native  : I0000 00:00:1750951740.856954   27360 data_source.cc:99] ... Opened data source "/data/user_de/0/com.google.android.tts/files/superpacks/en-gb/en-gb-x-multi-seanet-r64/../en-gb-x-multi-r64/en_gb_phonology.pb" of size 2055
06-26 20:59:00.857 27360 27360 W native  : W0000 00:00:1750951740.857247   27360 phonology.cc:80] Phonemes l, r\ have non-distinctive features. See b/111971558.
06-26 20:59:00.857 27360 27360 W native  : W0000 00:00:1750951740.857265   27360 phonology.cc:80] Phonemes eI, e@ have non-distinctive features. See b/111971558.
06-26 20:59:00.857 27360 27360 I native  : I0000 00:00:1750951740.857586   27360 android_resource_loader.cc:100] Built resource phonology
06-26 20:59:00.857 27360 27360 I native  : I0000 00:00:1750951740.857628   27360 android_resource_loader.cc:116] Loaded resource:phonology
06-26 20:59:00.857 27360 27360 I native  : I0000 00:00:1750951740.857656   27360 data_source.cc:95] Opening data source "/data/user_de/0/com.google.android.tts/files/superpacks/en-gb/en-gb-x-multi-seanet-r64/../en-gb-x-multi-r64/en_morphology" (as: FILE) ...
06-26 20:59:00.857 27360 27360 I native  : I0000 00:00:1750951740.857696   27360 data_source.cc:99] ... Opened data source "/data/user_de/0/com.google.android.tts/files/superpacks/en-gb/en-gb-x-multi-seanet-r64/../en-gb-x-multi-r64/en_morphology" of size 2753822
06-26 20:59:00.860 27360 27360 I native  : I0000 00:00:1750951740.860652   27360 model-api.cc:46] Registered model under key morphology
06-26 20:59:00.863 27360 27360 I native  : I0000 00:00:1750951740.863089   27360 android_resource_loader.cc:100] Built resource analyze_morphology_saft_portable_algo
06-26 20:59:00.863 27360 27360 I native  : I0000 00:00:1750951740.863154   27360 android_resource_loader.cc:116] Loaded resource:analyze_morphology_saft_portable_algo
06-26 20:59:00.863 27360 27360 I native  : I0000 00:00:1750951740.863200   27360 data_source.cc:95] Opening data source "/data/user_de/0/com.google.android.tts/files/superpacks/en-gb/en-gb-x-multi-seanet-r64/../en-gb-x-multi-r64/ipa_to_tts_to-en_gb.far" (as: FILE) ...
06-26 20:59:00.863 27360 27360 I native  : I0000 00:00:1750951740.863242   27360 data_source.cc:99] ... Opened data source "/data/user_de/0/com.google.android.tts/files/superpacks/en-gb/en-gb-x-multi-seanet-r64/../en-gb-x-multi-r64/ipa_to_tts_to-en_gb.far" of size 89652
06-26 20:59:00.863 27360 27360 I native  : I0000 00:00:1750951740.863813   27360 android_resource_loader.cc:100] Built resource ipa_to_tts_phoneme_mapper
06-26 20:59:00.863 27360 27360 I native  : I0000 00:00:1750951740.863846   27360 android_resource_loader.cc:116] Loaded resource:ipa_to_tts_phoneme_mapper
06-26 20:59:00.863 27360 27360 I native  : I0000 00:00:1750951740.863866   27360 data_source.cc:95] Opening data source "/data/user_de/0/com.google.android.tts/files/superpacks/en-gb/en-gb-x-multi-seanet-r64/../en-gb-x-multi-r64/en_gb.hlex.bin" (as: MEMORY) ...
06-26 20:59:00.863 27360 27360 I native  : I0000 00:00:1750951740.863920   27360 data_source.cc:99] ... Opened data source "/data/user_de/0/com.google.android.tts/files/superpacks/en-gb/en-gb-x-multi-seanet-r64/../en-gb-x-multi-r64/en_gb.hlex.bin" of size 3011048
06-26 20:59:00.864 27360 27360 I native  : I0000 00:00:1750951740.864094   27360 android_resource_loader.cc:100] Built resource lexicon
06-26 20:59:00.864 27360 27360 I native  : I0000 00:00:1750951740.864108   27360 android_resource_loader.cc:116] Loaded resource:lexicon
06-26 20:59:00.864 27360 27360 I native  : I0000 00:00:1750951740.864128   27360 data_source.cc:95] Opening data source "/data/user_de/0/com.google.android.tts/files/superpacks/en-gb/en-gb-x-multi-seanet-r64/../en-gb-x-multi-r64/homographs_model_en_gb_embedded.bin" (as: MEMORY) ...
06-26 20:59:00.864 27360 27360 I native  : I0000 00:00:1750951740.864160   27360 data_source.cc:99] ... Opened data source "/data/user_de/0/com.google.android.tts/files/superpacks/en-gb/en-gb-x-multi-seanet-r64/../en-gb-x-multi-r64/homographs_model_en_gb_embedded.bin" of size 353576
06-26 20:59:00.867 31494 19794 E Parcel  : Reading a NULL string not supported here.
06-26 20:59:00.868 31516 31683 E Parcel  : Reading a NULL string not supported here.
06-26 20:59:00.869 27360 27360 I native  : I0000 00:00:1750951740.868971   27360 android_resource_loader.cc:100] Built resource homograph_classifier_model_resource
06-26 20:59:00.869 27360 27360 I native  : I0000 00:00:1750951740.869053   27360 android_resource_loader.cc:116] Loaded resource:homograph_classifier_model_resource
06-26 20:59:00.869 27360 27360 I native  : I0000 00:00:1750951740.869090   27360 data_source.cc:95] Opening data source "/data/user_de/0/com.google.android.tts/files/superpacks/en-gb/en-gb-x-multi-seanet-r64/lettuce_node_generator_params_embedded_gb_runtime.pb" (as: FILE) ...
06-26 20:59:00.869 27360 27360 I native  : I0000 00:00:1750951740.869145   27360 data_source.cc:99] ... Opened data source "/data/user_de/0/com.google.android.tts/files/superpacks/en-gb/en-gb-x-multi-seanet-r64/lettuce_node_generator_params_embedded_gb_runtime.pb" of size 2507
06-26 20:59:00.871  6385  6460 D StrictMode: StrictMode policy violation: android.os.strictmode.DiskReadViolation
06-26 20:59:00.871  6385  6460 D StrictMode: 	at android.os.StrictMode$AndroidBlockGuardPolicy.onReadFromDisk(StrictMode.java:1596)
06-26 20:59:00.871  6385  6460 D StrictMode: 	at libcore.io.BlockGuardOs.access(BlockGuardOs.java:71)
06-26 20:59:00.871  6385  6460 D StrictMode: 	at libcore.io.ForwardingOs.access(ForwardingOs.java:72)
06-26 20:59:00.871  6385  6460 D StrictMode: 	at android.app.ActivityThread$AndroidOs.access(ActivityThread.java:8165)
06-26 20:59:00.871  6385  6460 D StrictMode: 	at java.io.UnixFileSystem.checkAccess(UnixFileSystem.java:281)
06-26 20:59:00.871  6385  6460 D StrictMode: 	at java.io.File.exists(File.java:815)
06-26 20:59:00.871  6385  6460 D StrictMode: 	at android.app.ContextImpl.ensurePrivateDirExists(ContextImpl.java:704)
06-26 20:59:00.871  6385  6460 D StrictMode: 	at android.app.ContextImpl.ensurePrivateDirExists(ContextImpl.java:695)
06-26 20:59:00.871  6385  6460 D StrictMode: 	at android.app.ContextImpl.getPreferencesDir(ContextImpl.java:651)
06-26 20:59:00.871  6385  6460 D StrictMode: 	at android.app.ContextImpl.getSharedPreferencesPath(ContextImpl.java:888)
06-26 20:59:00.871  6385  6460 D StrictMode: 	at android.app.ContextImpl.getSharedPreferences(ContextImpl.java:498)
06-26 20:59:00.871  6385  6460 D StrictMode: 	at android.content.ContextWrapper.getSharedPreferences(ContextWrapper.java:198)
06-26 20:59:00.871  6385  6460 D StrictMode: 	at ihv.<init>(PG:49)
06-26 20:59:00.871  6385  6460 D StrictMode: 	at gyq.<init>(PG:13)
06-26 20:59:00.871  6385  6460 D StrictMode: 	at gyq.l(PG:16)
06-26 20:59:00.871  6385  6460 D StrictMode: 	at pmu.a(PG:32)
06-26 20:59:00.871  6385  6460 D StrictMode: 	at pmu.q(PG:9)
06-26 20:59:00.871  6385  6460 D StrictMode: 	at afbn.ag(PG:120)
06-26 20:59:00.871  6385  6460 D StrictMode: 	at afbn.ac(PG:26)
06-26 20:59:00.871  6385  6460 D StrictMode: 	at azsx.N(PG:5)
06-26 20:59:00.871  6385  6460 D StrictMode: 	at nci.a(PG:618)
06-26 20:59:00.871  6385  6460 D StrictMode: 	at bjbv.a(PG:57)
06-26 20:59:00.871  6385  6460 D StrictMode: 	at bjbg.c(PG:3)
06-26 20:59:00.871  6385  6460 D StrictMode: 	at bjbi.run(PG:38)
06-26 20:59:00.871  6385  6460 D StrictMode: 	at adtm.run(PG:7)
06-26 20:59:00.871  6385  6460 D StrictMode: 	at bisa.run(PG:44)
06-26 20:59:00.871  6385  6460 D StrictMode: 	at sap.run(PG:25)
06-26 20:59:00.871  6385  6460 D StrictMode: 	at java.lang.Thread.run(Thread.java:923)
06-26 20:59:00.871  6385  6460 D StrictMode: 	at adue.run(PG:61)
06-26 20:59:00.871  6385  6385 I TetheringManager: registerTetheringEventCallback:com.google.android.gm
06-26 20:59:00.872  1887  5355 D DisplayManagerService: Display listener for pid 6408 died.
06-26 20:59:00.873  1887  5346 D TheiaCrashMonitor: io.rvkt.flutterifycrash
06-26 20:59:00.873  1887  4714 D TheiaSocketClient: TheiaSend receive content : 4298113028:ApplicationFGCrash:1750951740873
06-26 20:59:00.873  1887  5346 I ActivityManager: Process io.rvkt.flutterify (pid 6408) has died: prcp FGS 
06-26 20:59:00.873  1887  4714 D TheiaSocketClient: send message success
06-26 20:59:00.874  1887  5346 W ContextImpl: Calling a method in the system process without a qualified user: android.app.ContextImpl.sendBroadcast:1159 com.android.server.am.OppoExtraActivityManagerService.setKeyLockModeNormal:51 com.android.server.am.ActivityManagerService.appDiedLocked:4308 com.android.server.am.ActivityManagerService$AppDeathRecipient.binderDied:1777 android.os.IBinder$DeathRecipient.binderDied:305 
06-26 20:59:00.874  1887  3418 W ContextImpl: Calling a method in the system process without a qualified user: android.app.ContextImpl.startService:1717 com.oplus.util.OplusStatisticsImpl.startService:216 com.oplus.util.OplusStatisticsImpl.sendDataToDCS:192 com.oplus.util.OplusStatisticsImpl.onCommonSync:84 com.oplus.util.OplusStatisticsImpl$1.run:124 
06-26 20:59:00.874  1887  2098 I libprocessgroup: Successfully killed process cgroup uid 10814 pid 6408 in 1ms
06-26 20:59:00.874  1716  4722 I theia_socket: recv 4298113028:ApplicationFGCrash:1750951740873
06-26 20:59:00.874  1716  4722 I theia_socket: nowEvent is not KeyEvent
06-26 20:59:00.875   904   904 I Zygote  : Process 6408 exited due to signal 9 (Killed)
06-26 20:59:00.877  1887  5351 D ConnectivityService: requestNetwork for uid/pid:10160/6385 NetworkRequest [ TRACK_DEFAULT id=26269, [ Capabilities: INTERNET&NOT_RESTRICTED&TRUSTED Uid: 10160 AdministratorUids: [] RequestorUid: 10160 RequestorPackageName: com.google.android.gm] ]
06-26 20:59:00.878  1887  2506 D ConnectivityService: NetReassign [26269 : null ? 271]
06-26 20:59:00.879  1887  5346 W ActivityManager: Scheduling restart of crashed service io.rvkt.flutterify/.services.MqttTtsService in 1800000ms for start-requested
06-26 20:59:00.879  1887  2470 D UntrustedWifiNetworkFactory: got request NetworkRequest [ TRACK_DEFAULT id=26269, [ Capabilities: INTERNET&NOT_RESTRICTED&TRUSTED Uid: 10160 AdministratorUids: [] RequestorUid: 10160 RequestorPackageName: com.google.android.gm] ] with score 79 and providerId 6
06-26 20:59:00.879  1887  2662 D Ethernet: got request NetworkRequest [ TRACK_DEFAULT id=26269, [ Capabilities: INTERNET&NOT_RESTRICTED&TRUSTED Uid: 10160 AdministratorUids: [] RequestorUid: 10160 RequestorPackageName: com.google.android.gm] ] with score 79 and providerId 6
06-26 20:59:00.880  1887  2499 D OplusWifiNetworkFactory2: got request NetworkRequest [ TRACK_DEFAULT id=26269, [ Capabilities: INTERNET&NOT_RESTRICTED&TRUSTED Uid: 10160 AdministratorUids: [] RequestorUid: 10160 RequestorPackageName: com.google.android.gm] ] with score 79 and providerId 6
06-26 20:59:00.880  3323  3323 D PhoneSwitcherNetworkRequstListener: got request NetworkRequest [ TRACK_DEFAULT id=26269, [ Capabilities: INTERNET&NOT_RESTRICTED&TRUSTED Uid: 10160 AdministratorUids: [] RequestorUid: 10160 RequestorPackageName: com.google.android.gm] ] with score 79 and providerId 6
06-26 20:59:00.881  1887  2470 D WifiNetworkFactory: got request NetworkRequest [ TRACK_DEFAULT id=26269, [ Capabilities: INTERNET&NOT_RESTRICTED&TRUSTED Uid: 10160 AdministratorUids: [] RequestorUid: 10160 RequestorPackageName: com.google.android.gm] ] with score 79 and providerId 6
06-26 20:59:00.882  6385  6460 D StrictMode: StrictMode policy violation: android.os.strictmode.DiskReadViolation
06-26 20:59:00.882  6385  6460 D StrictMode: 	at android.os.StrictMode$AndroidBlockGuardPolicy.onReadFromDisk(StrictMode.java:1596)
06-26 20:59:00.882  6385  6460 D StrictMode: 	at android.app.SharedPreferencesImpl.awaitLoadedLocked(SharedPreferencesImpl.java:275)
06-26 20:59:00.882  6385  6460 D StrictMode: 	at android.app.SharedPreferencesImpl.edit(SharedPreferencesImpl.java:368)
06-26 20:59:00.882  6385  6460 D StrictMode: 	at ihv.<init>(PG:55)
06-26 20:59:00.882  6385  6460 D StrictMode: 	at gyq.<init>(PG:13)
06-26 20:59:00.882  6385  6460 D StrictMode: 	at gyq.l(PG:16)
06-26 20:59:00.882  6385  6460 D StrictMode: 	at pmu.a(PG:32)
06-26 20:59:00.882  6385  6460 D StrictMode: 	at pmu.q(PG:9)
06-26 20:59:00.882  6385  6460 D StrictMode: 	at afbn.ag(PG:120)
06-26 20:59:00.882  6385  6460 D StrictMode: 	at afbn.ac(PG:26)
06-26 20:59:00.882  6385  6460 D StrictMode: 	at azsx.N(PG:5)
06-26 20:59:00.882  6385  6460 D StrictMode: 	at nci.a(PG:618)
06-26 20:59:00.882  6385  6460 D StrictMode: 	at bjbv.a(PG:57)
06-26 20:59:00.882  6385  6460 D StrictMode: 	at bjbg.c(PG:3)
06-26 20:59:00.882  6385  6460 D StrictMode: 	at bjbi.run(PG:38)
06-26 20:59:00.882  6385  6460 D StrictMode: 	at adtm.run(PG:7)
06-26 20:59:00.882  6385  6460 D StrictMode: 	at bisa.run(PG:44)
06-26 20:59:00.882  6385  6460 D StrictMode: 	at sap.run(PG:25)
06-26 20:59:00.882  6385  6460 D StrictMode: 	at java.lang.Thread.run(Thread.java:923)
06-26 20:59:00.882  6385  6460 D StrictMode: 	at adue.run(PG:61)
06-26 20:59:00.884  6385  6446 E Parcel  : Reading a NULL string not supported here.
06-26 20:59:00.888  1887  1887 I OppoPhoneWindowManager: KeyLockModeReceiver KeyLockMode: 0 ProcessName: io.rvkt.flutterify
06-26 20:59:00.899 21120 21144 W [0]DCS  : Common Record event failed. DCS reject event: [appId=20120,logTag=CriticalLog,eventId=Theia] . Pls check server config.
06-26 20:59:00.916  6385  6465 D StrictMode: StrictMode policy violation: android.os.strictmode.DiskReadViolation
06-26 20:59:00.916  6385  6465 D StrictMode: 	at android.os.StrictMode$AndroidBlockGuardPolicy.onReadFromDisk(StrictMode.java:1596)
06-26 20:59:00.916  6385  6465 D StrictMode: 	at libcore.io.BlockGuardOs.access(BlockGuardOs.java:71)
06-26 20:59:00.916  6385  6465 D StrictMode: 	at libcore.io.ForwardingOs.access(ForwardingOs.java:72)
06-26 20:59:00.916  6385  6465 D StrictMode: 	at android.app.ActivityThread$AndroidOs.access(ActivityThread.java:8165)
06-26 20:59:00.916  6385  6465 D StrictMode: 	at java.io.UnixFileSystem.checkAccess(UnixFileSystem.java:281)
06-26 20:59:00.916  6385  6465 D StrictMode: 	at java.io.File.exists(File.java:815)
06-26 20:59:00.916  6385  6465 D StrictMode: 	at android.app.ContextImpl.ensurePrivateDirExists(ContextImpl.java:704)
06-26 20:59:00.916  6385  6465 D StrictMode: 	at android.app.ContextImpl.ensurePrivateDirExists(ContextImpl.java:695)
06-26 20:59:00.916  6385  6465 D StrictMode: 	at android.app.ContextImpl.getPreferencesDir(ContextImpl.java:651)
06-26 20:59:00.916  6385  6465 D StrictMode: 	at android.app.ContextImpl.getSharedPreferencesPath(ContextImpl.java:888)
06-26 20:59:00.916  6385  6465 D StrictMode: 	at android.app.ContextImpl.getSharedPreferences(ContextImpl.java:498)
06-26 20:59:00.916  6385  6465 D StrictMode: 	at android.content.ContextWrapper.getSharedPreferences(ContextWrapper.java:198)
06-26 20:59:00.916  6385  6465 D StrictMode: 	at ihv.<init>(PG:49)
06-26 20:59:00.916  6385  6465 D StrictMode: 	at gyq.<init>(PG:13)
06-26 20:59:00.916  6385  6465 D StrictMode: 	at gyq.l(PG:16)
06-26 20:59:00.916  6385  6465 D StrictMode: 	at pmu.a(PG:32)
06-26 20:59:00.916  6385  6465 D StrictMode: 	at pmu.q(PG:9)
06-26 20:59:00.916  6385  6465 D StrictMode: 	at afbn.ag(PG:120)
06-26 20:59:00.916  6385  6465 D StrictMode: 	at afbn.ac(PG:26)
06-26 20:59:00.916  6385  6465 D StrictMode: 	at azsx.N(PG:5)
06-26 20:59:00.916  6385  6465 D StrictMode: 	at nci.a(PG:618)
06-26 20:59:00.916  6385  6465 D StrictMode: 	at bjbv.a(PG:57)
06-26 20:59:00.916  6385  6465 D StrictMode: 	at bjbg.c(PG:3)
06-26 20:59:00.916  6385  6465 D StrictMode: 	at bjbi.run(PG:38)
06-26 20:59:00.916  6385  6465 D StrictMode: 	at adtm.run(PG:7)
06-26 20:59:00.916  6385  6465 D StrictMode: 	at bisa.run(PG:44)
06-26 20:59:00.916  6385  6465 D StrictMode: 	at sap.run(PG:25)
06-26 20:59:00.916  6385  6465 D StrictMode: 	at java.lang.Thread.run(Thread.java:923)
06-26 20:59:00.916  6385  6465 D StrictMode: 	at adue.run(PG:61)
06-26 20:59:00.921  6385  6465 D StrictMode: StrictMode policy violation: android.os.strictmode.DiskReadViolation
06-26 20:59:00.921  6385  6465 D StrictMode: 	at android.os.StrictMode$AndroidBlockGuardPolicy.onReadFromDisk(StrictMode.java:1596)
06-26 20:59:00.921  6385  6465 D StrictMode: 	at android.app.SharedPreferencesImpl.awaitLoadedLocked(SharedPreferencesImpl.java:275)
06-26 20:59:00.921  6385  6465 D StrictMode: 	at android.app.SharedPreferencesImpl.edit(SharedPreferencesImpl.java:368)
06-26 20:59:00.921  6385  6465 D StrictMode: 	at ihv.<init>(PG:55)
06-26 20:59:00.921  6385  6465 D StrictMode: 	at gyq.<init>(PG:13)
06-26 20:59:00.921  6385  6465 D StrictMode: 	at gyq.l(PG:16)
06-26 20:59:00.921  6385  6465 D StrictMode: 	at pmu.a(PG:32)
06-26 20:59:00.921  6385  6465 D StrictMode: 	at pmu.q(PG:9)
06-26 20:59:00.921  6385  6465 D StrictMode: 	at afbn.ag(PG:120)
06-26 20:59:00.921  6385  6465 D StrictMode: 	at afbn.ac(PG:26)
06-26 20:59:00.921  6385  6465 D StrictMode: 	at azsx.N(PG:5)
06-26 20:59:00.921  6385  6465 D StrictMode: 	at nci.a(PG:618)
06-26 20:59:00.921  6385  6465 D StrictMode: 	at bjbv.a(PG:57)
06-26 20:59:00.921  6385  6465 D StrictMode: 	at bjbg.c(PG:3)
06-26 20:59:00.921  6385  6465 D StrictMode: 	at bjbi.run(PG:38)
06-26 20:59:00.921  6385  6465 D StrictMode: 	at adtm.run(PG:7)
06-26 20:59:00.921  6385  6465 D StrictMode: 	at bisa.run(PG:44)
06-26 20:59:00.921  6385  6465 D StrictMode: 	at sap.run(PG:25)
06-26 20:59:00.921  6385  6465 D StrictMode: 	at java.lang.Thread.run(Thread.java:923)
06-26 20:59:00.921  6385  6465 D StrictMode: 	at adue.run(PG:61)
06-26 20:59:00.928  6385  6466 D StrictMode: StrictMode policy violation: android.os.strictmode.DiskReadViolation
06-26 20:59:00.928  6385  6466 D StrictMode: 	at android.os.StrictMode$AndroidBlockGuardPolicy.onReadFromDisk(StrictMode.java:1596)
06-26 20:59:00.928  6385  6466 D StrictMode: 	at libcore.io.BlockGuardOs.access(BlockGuardOs.java:71)
06-26 20:59:00.928  6385  6466 D StrictMode: 	at libcore.io.ForwardingOs.access(ForwardingOs.java:72)
06-26 20:59:00.928  6385  6466 D StrictMode: 	at android.app.ActivityThread$AndroidOs.access(ActivityThread.java:8165)
06-26 20:59:00.928  6385  6466 D StrictMode: 	at java.io.UnixFileSystem.checkAccess(UnixFileSystem.java:281)
06-26 20:59:00.928  6385  6466 D StrictMode: 	at java.io.File.exists(File.java:815)
06-26 20:59:00.928  6385  6466 D StrictMode: 	at android.app.ContextImpl.ensurePrivateDirExists(ContextImpl.java:704)
06-26 20:59:00.928  6385  6466 D StrictMode: 	at android.app.ContextImpl.ensurePrivateDirExists(ContextImpl.java:695)
06-26 20:59:00.928  6385  6466 D StrictMode: 	at android.app.ContextImpl.getPreferencesDir(ContextImpl.java:651)
06-26 20:59:00.928  6385  6466 D StrictMode: 	at android.app.ContextImpl.getSharedPreferencesPath(ContextImpl.java:888)
06-26 20:59:00.928  6385  6466 D StrictMode: 	at android.app.ContextImpl.getSharedPreferences(ContextImpl.java:498)
06-26 20:59:00.928  6385  6466 D StrictMode: 	at android.content.ContextWrapper.getSharedPreferences(ContextWrapper.java:198)
06-26 20:59:00.928  6385  6466 D StrictMode: 	at ihv.<init>(PG:49)
06-26 20:59:00.928  6385  6466 D StrictMode: 	at gyq.<init>(PG:13)
06-26 20:59:00.928  6385  6466 D StrictMode: 	at gyq.l(PG:16)
06-26 20:59:00.928  6385  6466 D StrictMode: 	at pmu.a(PG:32)
06-26 20:59:00.928  6385  6466 D StrictMode: 	at pmu.q(PG:9)
06-26 20:59:00.928  6385  6466 D StrictMode: 	at afbn.ag(PG:120)
06-26 20:59:00.928  6385  6466 D StrictMode: 	at afbn.ac(PG:26)
06-26 20:59:00.928  6385  6466 D StrictMode: 	at azsx.N(PG:5)
06-26 20:59:00.928  6385  6466 D StrictMode: 	at nci.a(PG:618)
06-26 20:59:00.928  6385  6466 D StrictMode: 	at bjbv.a(PG:57)
06-26 20:59:00.928  6385  6466 D StrictMode: 	at bjbg.c(PG:3)
06-26 20:59:00.928  6385  6466 D StrictMode: 	at bjbi.run(PG:38)
06-26 20:59:00.928  6385  6466 D StrictMode: 	at adtm.run(PG:7)
06-26 20:59:00.928  6385  6466 D StrictMode: 	at bisa.run(PG:44)
06-26 20:59:00.928  6385  6466 D StrictMode: 	at sap.run(PG:25)
06-26 20:59:00.928  6385  6466 D StrictMode: 	at java.lang.Thread.run(Thread.java:923)
06-26 20:59:00.928  6385  6466 D StrictMode: 	at adue.run(PG:61)
