--------- beginning of system
06-26 20:53:55.794 32241 32371 W ContextImpl: Calling a method in the system process without a qualified user: android.app.ContextImpl.bindService:1819 android.content.ContextWrapper.bindService:766 com.heytap.mcs.biz.statistics.agent.OBUSAgent.bindStatisticsApiService:8 com.heytap.mcs.biz.statistics.agent.OBUSAgent.upload:7 com.heytap.mcs.biz.statistics.agent.AgentManager.upload:3 
06-26 20:53:55.808  1887  5348 I chatty  : uid=1000(system) Binder:1887_15 expire 2 lines
06-26 20:53:55.811 32241 32371 W ContextImpl: Calling a method in the system process without a qualified user: android.app.ContextImpl.startService:1717 android.content.ContextWrapper.startService:730 com.heytap.mcs.service.McsService.a:13 com.heytap.mcs.service.McsService.a:4 com.heytap.mcs.service.McsService$c.run:41 
06-26 20:53:55.825 32241 32371 W ContextImpl: Calling a method in the system process without a qualified user: android.app.ContextImpl.bindService:1819 android.content.ContextWrapper.bindService:766 com.heytap.mcs.biz.message.g.b:8 com.heytap.mcs.biz.message.g.a:94 com.heytap.mcs.biz.message.g.j:1 
06-26 20:53:55.839  1887  2073 I chatty  : uid=1000(system) ActivityManager expire 6 lines
06-26 20:53:55.840  1887  3385 I chatty  : uid=1000(system) Binder:1887_7 expire 5 lines
06-26 20:53:56.044  1887  2506 I chatty  : uid=1000(system) ConnectivitySer expire 2 lines
06-26 20:53:56.099 31803 31876 W ContextImpl: Calling a method in the system process without a qualified user: android.app.ContextImpl.startService:1717 android.content.ContextWrapper.startService:730 com.heytap.mcs.biz.message.h.a:18 com.heytap.mcs.biz.message.h.a:6 com.heytap.mcs.base.task.a.b:6 
06-26 20:53:56.175  1887  6064 I chatty  : uid=1000(system) Binder:1887_1F expire 1 line
06-26 20:53:56.703  1887  2771 I chatty  : uid=1000(system) HwBinder:1887_2 expire 4 lines
06-26 20:53:57.605  1887  2466 I chatty  : uid=1000(system) NetworkPolicy expire 4 lines
06-26 20:54:00.052  1887  5492 I chatty  : uid=1000(system) Binder:1887_1B expire 5 lines
06-26 20:54:01.058 31776 31776 W ContextImpl: Calling a method in the system process without a qualified user: android.app.ContextImpl.startService:1717 android.content.ContextWrapper.startService:730 com.heytap.mcs.biz.statistics.StaticProcessTrackStatusManager.exitCurrentProcess:11 com.heytap.mcs.biz.statistics.StaticProcessTrackStatusManager$1.handleMessage:3 android.os.Handler.dispatchMessage:102 
06-26 20:54:01.130  1887  6065 I chatty  : uid=1000(system) Binder:1887_20 expire 2 lines
06-26 20:54:02.395  1887  2378 I chatty  : uid=1000(system) PackageInstalle expire 4 lines
06-26 20:54:02.477  1887  2226 I chatty  : uid=1000(system) PackageManager expire 185 lines
06-26 20:54:03.974  1887  2530 I chatty  : uid=1000(system) temperatureProv expire 2 lines
06-26 20:54:12.899  1887  2128 I chatty  : uid=1000(system) batterystats-wo expire 2 lines
06-26 20:54:15.978  1887  2226 I chatty  : uid=1000(system) PackageManager expire 133 lines
06-26 20:54:16.134  1887  5492 I chatty  : uid=1000(system) Binder:1887_1B expire 1 line
06-26 20:54:16.134  1887  6065 I chatty  : uid=1000(system) Binder:1887_20 expire 2 lines
06-26 20:54:16.468  1887  2007 I chatty  : uid=1000(system) android.fg expire 1 line
06-26 20:54:16.505  1887  2108 I chatty  : uid=1000(system) BroadcastQueue expire 14 lines
06-26 20:54:16.516 32241 32383 W ContextImpl: Calling a method in the system process without a qualified user: android.app.ContextImpl.startService:1717 android.content.ContextWrapper.startService:730 com.heytap.mcs.pkginstall.a.a:24 com.heytap.mcs.pkginstall.a.a:10 com.heytap.mcs.pkginstall.a.d:0 
06-26 20:54:16.544  3877  4006 W ContextImpl: Calling a method in the system process without a qualified user: android.app.ContextImpl.sendBroadcast:1174 android.content.ContextWrapper.sendBroadcast:483 com.coloros.notificationmanager.AppModificationReceiver.notifyAppModified:42 com.coloros.notificationmanager.NotificationBackend.processBroadcast:2304 com.coloros.notificationmanager.NotificationBackend.access$300:97 
06-26 20:54:16.560  1887  2008 I chatty  : uid=1000(system) android.ui expire 1 line
06-26 20:54:16.570  1887  1972 I chatty  : uid=1000(system) Binder:1887_1 expire 1 line
06-26 20:54:16.573  1887  4147 I chatty  : uid=1000(system) Binder:1887_E expire 1 line
06-26 20:54:16.636  1887  2073 I chatty  : uid=1000(system) ActivityManager expire 26 lines
06-26 20:54:16.643  3877  3877 W ContextImpl: Calling a method in the system process without a qualified user: android.app.ContextImpl.startService:1717 android.content.ContextWrapper.startService:730 android.content.ContextWrapper.startService:730 com.coloros.safecenter.appfrozen.receiver.AppFrozenReceiver.onReceive:236 android.app.ActivityThread.handleReceiver:4355 
06-26 20:54:16.665   987   987 W ContextImpl: Calling a method in the system process without a qualified user: android.app.ContextImpl.startService:1717 android.content.ContextWrapper.startService:730 android.content.ContextWrapper.startService:730 com.coloros.securitypermission.permission.OppoPermissionReceiver.a:669 com.coloros.securitypermission.permission.OppoPermissionReceiver.onReceive:272 
06-26 20:54:16.705  1887  2771 I chatty  : uid=1000(system) HwBinder:1887_2 expire 1 line
06-26 20:54:16.718 26881 26951 E ActivityThread: Failed to find provider info for com.oplus.phonemanager.RiskDetectDataProvider
06-26 20:54:16.814  1887  1887 I chatty  : uid=1000 system_server expire 5 lines
06-26 20:54:16.839  1887  6064 I chatty  : uid=1000(system) Binder:1887_1F expire 1 line
06-26 20:54:16.847  1887  1973 I chatty  : uid=1000(system) Binder:1887_2 expire 8 lines
06-26 20:54:16.905  1887  5425 I chatty  : uid=1000(system) Binder:1887_1A expire 1 line
06-26 20:54:16.996 32053 32053 E LoadedApk: Unable to instantiate appComponentFactory
06-26 20:54:16.996 32053 32053 E LoadedApk: java.lang.ClassNotFoundException: Didn't find class "androidx.core.app.CoreComponentFactory" on path: DexPathList[[zip file "/system/system_ext/app/UXDesign/UXDesign.apk"],nativeLibraryDirectories=[/system/system_ext/app/UXDesign/lib/arm, /system/system_ext/app/UXDesign/UXDesign.apk!/lib/armeabi-v7a, /system/lib, /system/system_ext/lib, /vendor/lib, /odm/lib, /system/lib, /system/system_ext/lib, /vendor/lib, /odm/lib]]
06-26 20:54:16.996 32053 32053 E LoadedApk: 	at dalvik.system.BaseDexClassLoader.findClass(BaseDexClassLoader.java:207)
06-26 20:54:16.996 32053 32053 E LoadedApk: 	at java.lang.ClassLoader.loadClass(ClassLoader.java:379)
06-26 20:54:16.996 32053 32053 E LoadedApk: 	at java.lang.ClassLoader.loadClass(ClassLoader.java:312)
06-26 20:54:16.996 32053 32053 E LoadedApk: 	at android.app.LoadedApk.createAppFactory(LoadedApk.java:286)
06-26 20:54:16.996 32053 32053 E LoadedApk: 	at android.app.LoadedApk.createOrUpdateClassLoaderLocked(LoadedApk.java:981)
06-26 20:54:16.996 32053 32053 E LoadedApk: 	at android.app.LoadedApk.getClassLoader(LoadedApk.java:1034)
06-26 20:54:16.996 32053 32053 E LoadedApk: 	at android.app.LoadedApk.getResources(LoadedApk.java:1266)
06-26 20:54:16.996 32053 32053 E LoadedApk: 	at android.app.ContextImpl.createAppContext(ContextImpl.java:2765)
06-26 20:54:16.996 32053 32053 E LoadedApk: 	at android.app.ContextImpl.createAppContext(ContextImpl.java:2757)
06-26 20:54:16.996 32053 32053 E LoadedApk: 	at android.app.ActivityThread.handleBindApplication(ActivityThread.java:7150)
06-26 20:54:16.996 32053 32053 E LoadedApk: 	at android.app.ActivityThread.access$1600(ActivityThread.java:306)
06-26 20:54:16.996 32053 32053 E LoadedApk: 	at android.app.ActivityThread$H.handleMessage(ActivityThread.java:2164)
06-26 20:54:16.996 32053 32053 E LoadedApk: 	at android.os.Handler.dispatchMessage(Handler.java:106)
06-26 20:54:16.996 32053 32053 E LoadedApk: 	at android.os.Looper.loop(Looper.java:263)
06-26 20:54:16.996 32053 32053 E LoadedApk: 	at android.app.ActivityThread.main(ActivityThread.java:8296)
06-26 20:54:16.996 32053 32053 E LoadedApk: 	at java.lang.reflect.Method.invoke(Native Method)
06-26 20:54:16.996 32053 32053 E LoadedApk: 	at com.android.internal.os.RuntimeInit$MethodAndArgsCaller.run(RuntimeInit.java:612)
06-26 20:54:16.996 32053 32053 E LoadedApk: 	at com.android.internal.os.ZygoteInit.main(ZygoteInit.java:1006)
06-26 20:54:17.065  1887  3385 I chatty  : uid=1000(system) Binder:1887_7 expire 1 line
06-26 20:54:17.076  1887  2535 I chatty  : uid=1000(system) MotorManager expire 1 line
06-26 20:54:17.110  1887  2011 I chatty  : uid=1000(system) android.anim expire 2 lines
06-26 20:54:17.112  1887  6052 I chatty  : uid=1000(system) Binder:1887_1D expire 1 line
06-26 20:54:17.113  1887  2506 I chatty  : uid=1000(system) ConnectivitySer expire 10 lines
06-26 20:54:17.193  1887  2011 I chatty  : uid=1000(system) android.anim expire 9 lines
06-26 20:54:17.285  1887  1887 I chatty  : uid=1000 system_server expire 20 lines
06-26 20:54:17.294  1887  2010 I chatty  : uid=1000(system) android.display expire 25 lines
06-26 20:54:17.296  1887  2073 I chatty  : uid=1000(system) ActivityManager expire 16 lines
06-26 20:54:17.448  1887  2108 I chatty  : uid=1000(system) BroadcastQueue expire 1 line
06-26 20:54:17.547  1887  3403 I chatty  : uid=1000(system) Binder:1887_B expire 4 lines
06-26 20:54:17.549  1887  4147 I chatty  : uid=1000(system) Binder:1887_E expire 19 lines
06-26 20:54:17.567  1887  3418 I chatty  : uid=1000(system) pool-15-thread- expire 3 lines
06-26 20:54:17.611  1887  2007 I chatty  : uid=1000(system) android.fg expire 4 lines
06-26 20:54:17.645  1887  4298 I chatty  : uid=1000(system) Binder:1887_10 expire 1 line
06-26 20:54:17.664  1887  6065 I chatty  : uid=1000(system) Binder:1887_20 expire 5 lines
06-26 20:54:17.932  1887  3395 I chatty  : uid=1000(system) Binder:1887_8 expire 1 line
06-26 20:54:18.057  3877  4006 W ContextImpl: Calling a method in the system process without a qualified user: android.app.ContextImpl.sendBroadcast:1174 android.content.ContextWrapper.sendBroadcast:483 com.coloros.notificationmanager.AppModificationReceiver.notifyAppModified:42 com.coloros.notificationmanager.NotificationBackend.processBroadcast:2304 com.coloros.notificationmanager.NotificationBackend.access$300:97 
06-26 20:54:18.216  1887  2008 I chatty  : uid=1000(system) android.ui expire 1 line
06-26 20:54:18.617  1887  3233 I chatty  : uid=1000(system) HansManagerHand expire 1 line
06-26 20:54:18.710 32199 32199 D OplusInputMethodUtil: init DEBUG to false, update DEBUG_IME to false
06-26 20:54:18.800 32199 32199 D ColorViewRootUtil: initSwipState, isDisplayCompatApp false
06-26 20:54:18.800 32199 32199 D ColorViewRootUtil: mScreenHeight 2340, mScreenWidth 1080
06-26 20:54:18.925  1887  1973 I chatty  : uid=1000(system) Binder:1887_2 expire 3 lines
06-26 20:54:18.927  3877 16743 W ContextImpl: Calling a method in the system process without a qualified user: android.app.ContextImpl.startService:1717 android.content.ContextWrapper.startService:730 com.oppo.a.a.c.a.a:13 com.oppo.a.a.c.a.a:234 com.oppo.a.a.a.c.a:16 
06-26 20:54:18.934 32199 32199 V OplusZoomWindowDecorViewHelper: setLastReportedMergedConfiguration mZoomDisplayHeight: 2340 getDecorView.DecorView@45f5e17[MainActivity]
06-26 20:54:18.939  3877 16708 W ContextImpl: Calling a method in the system process without a qualified user: android.app.ContextImpl.sendBroadcast:1174 android.content.ContextWrapper.sendBroadcast:483 com.oppo.qualityprotect.f.a:71 com.oppo.qualityprotect.f.a:9 com.oppo.qualityprotect.c.w.c:255 
06-26 20:54:19.184  1887  2466 I chatty  : uid=1000(system) NetworkPolicy expire 4 lines
06-26 20:54:19.209  1887  6016 I chatty  : uid=1000(system) Binder:1887_1C expire 3 lines
06-26 20:54:19.550  1887  3407 I chatty  : uid=1000(system) gameSpaceThread expire 1 line
06-26 20:54:20.270  1887  3401 I chatty  : uid=1000(system) Binder:1887_9 expire 4 lines
06-26 20:54:21.702  1887  2013 I chatty  : uid=1000(system) watchdog expire 3 lines
06-26 20:54:21.716  1887  2771 I chatty  : uid=1000(system) HwBinder:1887_2 expire 12 lines
06-26 20:54:21.742 32144 32457 E ActivityThread: Failed to find provider info for com.oplus.sau.toggle_book
06-26 20:54:22.042 26881 27054 E ActivityThread: Failed to find provider info for com.oplus.securitypermission.AppControlCenterProvider
06-26 20:54:22.082 26881 32074 E ActivityThread: Failed to find provider info for com.oplus.securitypermission.AppControlCenterProvider
06-26 20:54:22.147 32021 32021 W ContextImpl: Calling a method in the system process without a qualified user: android.app.ContextImpl.startService:1717 android.content.ContextWrapper.startService:730 com.heytap.mcs.biz.statistics.StaticProcessTrackStatusManager.exitCurrentProcess:11 com.heytap.mcs.biz.statistics.StaticProcessTrackStatusManager$1.handleMessage:3 android.os.Handler.dispatchMessage:102 
06-26 20:54:22.197  1887  2557 I chatty  : uid=1000(system) Binder:1887_3 expire 10 lines
06-26 20:54:22.201 32241 32241 I ActivityThread: Removing dead content provider:android.content.ContentProviderProxy@880599c
06-26 20:54:23.987  1887  2530 I chatty  : uid=1000(system) temperatureProv expire 9 lines
06-26 20:54:32.924  1887  6061 I chatty  : uid=1000(system) Binder:1887_1E expire 2 lines
06-26 20:54:33.139  1887  5492 I chatty  : uid=1000(system) Binder:1887_1B expire 18 lines
06-26 20:54:33.176  1887  3385 I chatty  : uid=1000(system) Binder:1887_7 expire 11 lines
06-26 20:54:41.683  1887  2128 I chatty  : uid=1000(system) batterystats-wo expire 1 line
06-26 20:54:41.760  1887  2523 I chatty  : uid=1000(system) OplusJobSchedul expire 2 lines
06-26 20:54:41.808  1887  2054 I chatty  : uid=1000(system) android.bg expire 1 line
06-26 20:54:47.538  1887  2072 I chatty  : uid=1000(system) ActivityManager expire 1 line
06-26 20:55:17.393  4291 19192 W ContextImpl: Calling a method in the system process without a qualified user: android.app.ContextImpl.startService:1717 android.content.ContextWrapper.startService:730 com.oplus.util.OplusStatisticsImpl.startService:216 com.oplus.util.OplusStatisticsImpl.sendDataToDCS:192 com.oplus.util.OplusStatisticsImpl.onCommonSync:84 
06-26 20:55:21.668  1887  2771 I chatty  : uid=1000(system) HwBinder:1887_2 expire 7 lines
06-26 20:55:34.814  1887  2010 I chatty  : uid=1000(system) android.display expire 7 lines
06-26 20:55:47.840  1887  2073 I chatty  : uid=1000(system) ActivityManager expire 3 lines
06-26 20:55:48.034 32241 14794 W ContextImpl: Calling a method in the system process without a qualified user: android.app.ContextImpl.bindService:1819 android.content.ContextWrapper.bindService:766 com.heytap.mcs.biz.message.g.b:8 com.heytap.mcs.biz.message.g.a:11 com.heytap.mcs.biz.message.parser.b$a.run:37 
06-26 20:55:48.037  1887  5492 I chatty  : uid=1000(system) Binder:1887_1B expire 3 lines
06-26 20:55:51.708  1887  2013 I chatty  : uid=1000(system) watchdog expire 1 line
06-26 20:55:53.263  1852  1852 W ContextImpl: Calling a method in the system process without a qualified user: android.app.ContextImpl.startService:1717 android.content.ContextWrapper.startService:730 com.heytap.mcs.biz.statistics.StaticProcessTrackStatusManager.exitCurrentProcess:11 com.heytap.mcs.biz.statistics.StaticProcessTrackStatusManager$1.handleMessage:3 android.os.Handler.dispatchMessage:102 
06-26 20:55:53.354  1887  3385 I chatty  : uid=1000(system) Binder:1887_7 expire 2 lines
06-26 20:55:53.354  1887  4147 I chatty  : uid=1000(system) Binder:1887_E expire 4 lines
06-26 20:55:53.354  1887  2506 I chatty  : uid=1000(system) ConnectivitySer expire 1 line
06-26 20:55:53.358 32241 32241 I ActivityThread: Removing dead content provider:android.content.ContentProviderProxy@cbe132b
06-26 20:55:53.358  2020  2020 I ActivityThread: Removing dead content provider:android.content.ContentProviderProxy@c43316c
06-26 20:55:54.060  1887  2530 I chatty  : uid=1000(system) temperatureProv expire 2 lines
06-26 20:55:56.714  1887  2771 I chatty  : uid=1000(system) HwBinder:1887_2 expire 3 lines
06-26 20:55:58.110 32241 32241 I ActivityThread: Removing dead content provider:android.content.ContentProviderProxy@5077388
06-26 20:55:58.252  2020  2157 W ContextImpl: Calling a method in the system process without a qualified user: android.app.ContextImpl.startService:1717 android.content.ContextWrapper.startService:730 com.heytap.mcs.biz.message.h.a:18 com.heytap.mcs.biz.message.h.e:6 com.heytap.mcs.biz.message.i.g:4 
06-26 20:55:58.321  1887  6065 I chatty  : uid=1000(system) Binder:1887_20 expire 3 lines
06-26 20:56:00.062  1887  6061 I chatty  : uid=1000(system) Binder:1887_1E expire 1 line
06-26 20:56:10.816  1887  2072 I chatty  : uid=1000(system) ActivityManager expire 11 lines
06-26 20:56:10.816  1887  2227 I chatty  : uid=1000 system_server expire 2 lines
06-26 20:56:10.842  1887  2226 I chatty  : uid=1000(system) PackageManager expire 317 lines
06-26 20:56:10.931  1887  3401 I chatty  : uid=1000(system) Binder:1887_9 expire 4 lines
06-26 20:56:11.108  1887  2535 I chatty  : uid=1000(system) MotorManager expire 1 line
06-26 20:56:11.149  1887  1973 I chatty  : uid=1000(system) Binder:1887_2 expire 1 line
06-26 20:56:11.155  1887  5346 I chatty  : uid=1000(system) Binder:1887_14 expire 1 line
06-26 20:56:11.157  1887  4147 I chatty  : uid=1000(system) Binder:1887_E expire 1 line
06-26 20:56:11.160  1887  2072 I chatty  : uid=1000(system) ActivityManager expire 2 lines
06-26 20:56:11.204  1887  2010 I chatty  : uid=1000(system) android.display expire 20 lines
06-26 20:56:11.208  1887  6016 I chatty  : uid=1000(system) Binder:1887_1C expire 13 lines
06-26 20:56:11.244  1887  6061 I chatty  : uid=1000(system) Binder:1887_1E expire 1 line
06-26 20:56:11.265  1887  2008 I chatty  : uid=1000(system) android.ui expire 3 lines
06-26 20:56:11.290  1887  2011 I chatty  : uid=1000(system) android.anim expire 4 lines
06-26 20:56:11.322  1887  6065 I chatty  : uid=1000(system) Binder:1887_20 expire 1 line
06-26 20:56:11.337  1887  3395 I chatty  : uid=1000(system) Binder:1887_8 expire 2 lines
06-26 20:56:11.340  1887  2506 I chatty  : uid=1000(system) ConnectivitySer expire 1 line
06-26 20:56:11.515  1887  2523 I chatty  : uid=1000(system) OplusJobSchedul expire 1 line
06-26 20:56:11.515  1887  2073 I chatty  : uid=1000(system) ActivityManager expire 5 lines
06-26 20:56:11.516  1887  2007 I chatty  : uid=1000(system) android.fg expire 3 lines
06-26 20:56:11.547  1887  3233 I chatty  : uid=1000(system) HansManagerHand expire 5 lines
06-26 20:56:11.655  1887  2771 I chatty  : uid=1000(system) HwBinder:1887_2 expire 1 line
06-26 20:56:11.854  1887  2226 I chatty  : uid=1000(system) PackageManager expire 5 lines
06-26 20:56:12.344  1887  2454 I chatty  : uid=1000(system) StorageManagerS expire 1 line
06-26 20:56:12.391  3877  4006 W ContextImpl: Calling a method in the system process without a qualified user: android.app.ContextImpl.sendBroadcast:1174 android.content.ContextWrapper.sendBroadcast:483 com.coloros.notificationmanager.AppModificationReceiver.notifyAppModified:42 com.coloros.notificationmanager.NotificationBackend.processBroadcast:2304 com.coloros.notificationmanager.NotificationBackend.access$300:97 
06-26 20:56:12.399  1887  2108 I chatty  : uid=1000(system) BroadcastQueue expire 17 lines
06-26 20:56:12.410  1887  1887 I chatty  : uid=1000 system_server expire 16 lines
06-26 20:56:12.418  1887  2007 I chatty  : uid=1000(system) android.fg expire 9 lines
06-26 20:56:12.447  1887  2008 I chatty  : uid=1000(system) android.ui expire 2 lines
06-26 20:56:12.461  1887  4179 I chatty  : uid=1000(system) Binder:1887_F expire 1 line
06-26 20:56:12.496  1887  2466 I chatty  : uid=1000(system) NetworkPolicy expire 2 lines
06-26 20:56:12.498  1887  5351 I chatty  : uid=1000(system) Binder:1887_16 expire 8 lines
06-26 20:56:12.506  1887  5355 I chatty  : uid=1000(system) Binder:1887_18 expire 4 lines
06-26 20:56:12.600  1887  2073 I chatty  : uid=1000(system) ActivityManager expire 33 lines
06-26 20:56:12.674  1887  2397 I chatty  : uid=1000(system) RollbackManager expire 1 line
06-26 20:56:12.844  1887  3418 I chatty  : uid=1000(system) pool-15-thread- expire 2 lines
06-26 20:56:12.889  1887  3403 I chatty  : uid=1000(system) Binder:1887_B expire 10 lines
06-26 20:56:12.890  1887  6052 I chatty  : uid=1000(system) Binder:1887_1D expire 9 lines
06-26 20:56:12.898  3877  3877 W ContextImpl: Calling a method in the system process without a qualified user: android.app.ContextImpl.startService:1717 android.content.ContextWrapper.startService:730 android.content.ContextWrapper.startService:730 com.coloros.safecenter.appfrozen.receiver.AppFrozenReceiver.onReceive:218 android.app.ActivityThread.handleReceiver:4355 
06-26 20:56:12.900   987   987 W ContextImpl: Calling a method in the system process without a qualified user: android.app.ContextImpl.startService:1717 android.content.ContextWrapper.startService:730 android.content.ContextWrapper.startService:730 com.coloros.securitypermission.permission.OppoPermissionReceiver.a:669 com.coloros.securitypermission.permission.OppoPermissionReceiver.onReceive:294 
06-26 20:56:12.960 15227 15227 W ContextImpl: Calling a method in the system process without a qualified user: android.app.ContextImpl.startService:1717 android.content.ContextWrapper.startService:730 android.content.ContextWrapper.startService:730 com.coloros.sau.strategy.AppInstallReceiver.onReceive:64 android.app.ActivityThread.handleReceiver:4355 
06-26 20:56:12.977 32241 32385 W ContextImpl: Calling a method in the system process without a qualified user: android.app.ContextImpl.startService:1717 android.content.ContextWrapper.startService:730 com.heytap.mcs.receiver.McsReceiver.a:13 com.heytap.mcs.receiver.McsReceiver.a:1 com.heytap.mcs.receiver.McsReceiver$a.run:40 
06-26 20:56:12.983  1887  6065 I chatty  : uid=1000(system) Binder:1887_20 expire 2 lines
06-26 20:56:13.171  1887  2010 I chatty  : uid=1000(system) android.display expire 1 line
06-26 20:56:13.219  1887  3395 I chatty  : uid=1000(system) Binder:1887_8 expire 2 lines
06-26 20:56:13.276  1887  2506 I chatty  : uid=1000(system) ConnectivitySer expire 2 lines
06-26 20:56:13.324  1887  5348 I chatty  : uid=1000(system) Binder:1887_15 expire 1 line
06-26 20:56:13.509  1887  4298 I chatty  : uid=1000(system) Binder:1887_10 expire 20 lines
06-26 20:56:13.543  1887  5425 I chatty  : uid=1000(system) Binder:1887_1A expire 9 lines
06-26 20:56:13.567  1887  5354 I chatty  : uid=1000(system) Binder:1887_17 expire 8 lines
06-26 20:56:13.592  1887  4147 I chatty  : uid=1000(system) Binder:1887_E expire 7 lines
06-26 20:56:13.607  1887  2986 I chatty  : uid=1000(system) Binder:1887_6 expire 13 lines
06-26 20:56:13.657  1887  3402 I chatty  : uid=1000(system) Binder:1887_A expire 9 lines
06-26 20:56:13.660  1887  3385 I chatty  : uid=1000(system) Binder:1887_7 expire 2 lines
06-26 20:56:13.709  1887  5346 I chatty  : uid=1000(system) Binder:1887_14 expire 23 lines
06-26 20:56:14.067  1887  2530 I chatty  : uid=1000(system) temperatureProv expire 1 line
06-26 20:56:14.267  1887  2557 I chatty  : uid=1000(system) Binder:1887_3 expire 7 lines
06-26 20:56:14.398  1887  4342 I chatty  : uid=1000(system) Binder:1887_12 expire 18 lines
06-26 20:56:14.692  1887  2986 I chatty  : uid=1000(system) Binder:1887_6 expire 16 lines
06-26 20:56:14.702  1887  4298 I chatty  : uid=1000(system) Binder:1887_10 expire 43 lines
06-26 20:56:14.711  1887  5346 I chatty  : uid=1000(system) Binder:1887_14 expire 46 lines
06-26 20:56:14.744  1887  3402 I chatty  : uid=1000(system) Binder:1887_A expire 40 lines
06-26 20:56:14.788  1887  2073 I chatty  : uid=1000(system) ActivityManager expire 3 lines
06-26 20:56:14.824  1887  3403 I chatty  : uid=1000(system) Binder:1887_B expire 17 lines
06-26 20:56:14.836  1887  2506 I chatty  : uid=1000(system) ConnectivitySer expire 6 lines
06-26 20:56:14.936  1887  5355 I chatty  : uid=1000(system) Binder:1887_18 expire 37 lines
06-26 20:56:15.156  1887  5351 I chatty  : uid=1000(system) Binder:1887_16 expire 28 lines
06-26 20:56:15.288  2265  2265 D OplusInputMethodUtil: init DEBUG to false, update DEBUG_IME to false
06-26 20:56:16.371  1887  6065 I chatty  : uid=1000(system) Binder:1887_20 expire 6 lines
06-26 20:56:16.377  1887  5354 I chatty  : uid=1000(system) Binder:1887_17 expire 15 lines
06-26 20:56:16.698  1887  4298 I chatty  : uid=1000(system) Binder:1887_10 expire 19 lines
06-26 20:56:16.701  1887  2771 I chatty  : uid=1000(system) HwBinder:1887_2 expire 11 lines
06-26 20:56:16.713  1887  4342 I chatty  : uid=1000(system) Binder:1887_12 expire 23 lines
06-26 20:56:16.719  1887  2073 I chatty  : uid=1000(system) ActivityManager expire 9 lines
06-26 20:56:16.788  1887  5355 I chatty  : uid=1000(system) Binder:1887_18 expire 3 lines
06-26 20:56:16.794  1887  3402 I chatty  : uid=1000(system) Binder:1887_A expire 21 lines
06-26 20:56:16.842  1887  2557 I chatty  : uid=1000(system) Binder:1887_3 expire 2 lines
06-26 20:56:21.710  1887  2013 I chatty  : uid=1000(system) watchdog expire 2 lines
06-26 20:56:24.080  1887  2530 I chatty  : uid=1000(system) temperatureProv expire 5 lines
06-26 20:56:25.341  1887  2506 I chatty  : uid=1000(system) ConnectivitySer expire 3 lines
06-26 20:56:28.379  1887  5351 I chatty  : uid=1000(system) Binder:1887_16 expire 6 lines
06-26 20:56:28.529  1887  6065 I chatty  : uid=1000(system) Binder:1887_20 expire 2 lines
06-26 20:56:28.530  1887  2986 I chatty  : uid=1000(system) Binder:1887_6 expire 2 lines
06-26 20:56:33.138 32241 32241 I ActivityThread: Removing dead content provider:android.content.ContentProviderProxy@b7a4946
06-26 20:56:38.423  1887  2466 I chatty  : uid=1000(system) NetworkPolicy expire 3 lines
06-26 20:56:42.450  1887  2054 I chatty  : uid=1000(system) android.bg expire 2 lines
06-26 20:56:42.546  1887  5346 I chatty  : uid=1000(system) Binder:1887_14 expire 1 line
06-26 20:56:42.546  1887  4298 I chatty  : uid=1000(system) Binder:1887_10 expire 1 line
06-26 20:56:43.589  1887  3402 I chatty  : uid=1000(system) Binder:1887_A expire 3 lines
06-26 20:56:46.774  1887  2128 I chatty  : uid=1000(system) batterystats-wo expire 17 lines
06-26 20:56:46.779  1887  1887 I chatty  : uid=1000 system_server expire 2 lines
06-26 20:57:00.054  1887  6052 I chatty  : uid=1000(system) Binder:1887_1D expire 1 line
06-26 20:57:08.509  1887  2378 I chatty  : uid=1000(system) PackageInstalle expire 4 lines
06-26 20:57:08.562  1887  2226 I chatty  : uid=1000(system) PackageManager expire 72 lines
06-26 20:57:11.478  1887  4147 I chatty  : uid=1000(system) Binder:1887_E expire 1 line
06-26 20:57:11.602  1887  2226 I chatty  : uid=1000(system) PackageManager expire 209 lines
06-26 20:57:11.665  1887  2771 I chatty  : uid=1000(system) HwBinder:1887_2 expire 2 lines
06-26 20:57:11.671  1887  2226 I chatty  : uid=1000(system) PackageManager expire 37 lines
06-26 20:57:11.851  1887  2008 I chatty  : uid=1000(system) android.ui expire 4 lines
06-26 20:57:13.031  1887  2007 I chatty  : uid=1000(system) android.fg expire 5 lines
06-26 20:57:13.097  3877  4006 W ContextImpl: Calling a method in the system process without a qualified user: android.app.ContextImpl.sendBroadcast:1174 android.content.ContextWrapper.sendBroadcast:483 com.coloros.notificationmanager.AppModificationReceiver.notifyAppModified:42 com.coloros.notificationmanager.NotificationBackend.processBroadcast:2304 com.coloros.notificationmanager.NotificationBackend.access$300:97 
06-26 20:57:13.104 32241 32383 W ContextImpl: Calling a method in the system process without a qualified user: android.app.ContextImpl.startService:1717 android.content.ContextWrapper.startService:730 com.heytap.mcs.pkginstall.a.a:24 com.heytap.mcs.pkginstall.a.a:10 com.heytap.mcs.pkginstall.a.d:0 
06-26 20:57:13.147  1887  2108 I chatty  : uid=1000(system) BroadcastQueue expire 16 lines
06-26 20:57:13.153  1887  5351 I chatty  : uid=1000(system) Binder:1887_16 expire 1 line
06-26 20:57:13.153  1887  2073 I chatty  : uid=1000(system) ActivityManager expire 36 lines
06-26 20:57:13.158  1887  2986 I chatty  : uid=1000(system) Binder:1887_6 expire 1 line
06-26 20:57:13.267  3877  3877 W ContextImpl: Calling a method in the system process without a qualified user: android.app.ContextImpl.startService:1717 android.content.ContextWrapper.startService:730 android.content.ContextWrapper.startService:730 com.coloros.safecenter.appfrozen.receiver.AppFrozenReceiver.onReceive:236 android.app.ActivityThread.handleReceiver:4355 
06-26 20:57:13.282   987   987 W ContextImpl: Calling a method in the system process without a qualified user: android.app.ContextImpl.startService:1717 android.content.ContextWrapper.startService:730 android.content.ContextWrapper.startService:730 com.coloros.securitypermission.permission.OppoPermissionReceiver.a:669 com.coloros.securitypermission.permission.OppoPermissionReceiver.onReceive:272 
06-26 20:57:13.307  1887  3418 I chatty  : uid=1000(system) pool-15-thread- expire 1 line
06-26 20:57:13.324  1887  1887 I chatty  : uid=1000 system_server expire 25 lines
06-26 20:57:13.343 26881 26954 E ActivityThread: Failed to find provider info for com.oplus.phonemanager.RiskDetectDataProvider
06-26 20:57:13.387  1887  5348 I chatty  : uid=1000(system) Binder:1887_15 expire 3 lines
06-26 20:57:13.391  1887  1973 I chatty  : uid=1000(system) Binder:1887_2 expire 3 lines
06-26 20:57:13.467  3991  3991 E LoadedApk: Unable to instantiate appComponentFactory
06-26 20:57:13.467  3991  3991 E LoadedApk: java.lang.ClassNotFoundException: Didn't find class "androidx.core.app.CoreComponentFactory" on path: DexPathList[[zip file "/system/system_ext/app/UXDesign/UXDesign.apk"],nativeLibraryDirectories=[/system/system_ext/app/UXDesign/lib/arm, /system/system_ext/app/UXDesign/UXDesign.apk!/lib/armeabi-v7a, /system/lib, /system/system_ext/lib, /vendor/lib, /odm/lib, /system/lib, /system/system_ext/lib, /vendor/lib, /odm/lib]]
06-26 20:57:13.467  3991  3991 E LoadedApk: 	at dalvik.system.BaseDexClassLoader.findClass(BaseDexClassLoader.java:207)
06-26 20:57:13.467  3991  3991 E LoadedApk: 	at java.lang.ClassLoader.loadClass(ClassLoader.java:379)
06-26 20:57:13.467  3991  3991 E LoadedApk: 	at java.lang.ClassLoader.loadClass(ClassLoader.java:312)
06-26 20:57:13.467  3991  3991 E LoadedApk: 	at android.app.LoadedApk.createAppFactory(LoadedApk.java:286)
06-26 20:57:13.467  3991  3991 E LoadedApk: 	at android.app.LoadedApk.createOrUpdateClassLoaderLocked(LoadedApk.java:981)
06-26 20:57:13.467  3991  3991 E LoadedApk: 	at android.app.LoadedApk.getClassLoader(LoadedApk.java:1034)
06-26 20:57:13.467  3991  3991 E LoadedApk: 	at android.app.LoadedApk.getResources(LoadedApk.java:1266)
06-26 20:57:13.467  3991  3991 E LoadedApk: 	at android.app.ContextImpl.createAppContext(ContextImpl.java:2765)
06-26 20:57:13.467  3991  3991 E LoadedApk: 	at android.app.ContextImpl.createAppContext(ContextImpl.java:2757)
06-26 20:57:13.467  3991  3991 E LoadedApk: 	at android.app.ActivityThread.handleBindApplication(ActivityThread.java:7150)
06-26 20:57:13.467  3991  3991 E LoadedApk: 	at android.app.ActivityThread.access$1600(ActivityThread.java:306)
06-26 20:57:13.467  3991  3991 E LoadedApk: 	at android.app.ActivityThread$H.handleMessage(ActivityThread.java:2164)
06-26 20:57:13.467  3991  3991 E LoadedApk: 	at android.os.Handler.dispatchMessage(Handler.java:106)
06-26 20:57:13.467  3991  3991 E LoadedApk: 	at android.os.Looper.loop(Looper.java:263)
06-26 20:57:13.467  3991  3991 E LoadedApk: 	at android.app.ActivityThread.main(ActivityThread.java:8296)
06-26 20:57:13.467  3991  3991 E LoadedApk: 	at java.lang.reflect.Method.invoke(Native Method)
06-26 20:57:13.467  3991  3991 E LoadedApk: 	at com.android.internal.os.RuntimeInit$MethodAndArgsCaller.run(RuntimeInit.java:612)
06-26 20:57:13.467  3991  3991 E LoadedApk: 	at com.android.internal.os.ZygoteInit.main(ZygoteInit.java:1006)
06-26 20:57:13.909  1887  2557 I chatty  : uid=1000(system) Binder:1887_3 expire 3 lines
06-26 20:57:13.910  1887  2506 I chatty  : uid=1000(system) ConnectivitySer expire 2 lines
06-26 20:57:13.988  1887  2010 I chatty  : uid=1000(system) android.display expire 26 lines
06-26 20:57:13.994  1887  6064 I chatty  : uid=1000(system) Binder:1887_1F expire 1 line
06-26 20:57:14.003  3877  4006 W ContextImpl: Calling a method in the system process without a qualified user: android.app.ContextImpl.sendBroadcast:1174 android.content.ContextWrapper.sendBroadcast:483 com.coloros.notificationmanager.AppModificationReceiver.notifyAppModified:42 com.coloros.notificationmanager.NotificationBackend.processBroadcast:2304 com.coloros.notificationmanager.NotificationBackend.access$300:97 
06-26 20:57:14.040  1887  3402 I chatty  : uid=1000(system) Binder:1887_A expire 1 line
06-26 20:57:14.136  1887  2530 I chatty  : uid=1000(system) temperatureProv expire 1 line
06-26 20:57:14.298  1887  6016 I chatty  : uid=1000(system) Binder:1887_1C expire 3 lines
06-26 20:57:16.810  1887  3395 I chatty  : uid=1000(system) Binder:1887_8 expire 6 lines
06-26 20:57:16.811  1887  5355 I chatty  : uid=1000(system) Binder:1887_18 expire 10 lines
06-26 20:57:17.382  1887  3403 I chatty  : uid=1000(system) Binder:1887_B expire 1 line
06-26 20:57:17.541  1887  3385 I chatty  : uid=1000(system) Binder:1887_7 expire 8 lines
06-26 20:57:17.570  1887  4342 I chatty  : uid=1000(system) Binder:1887_12 expire 2 lines
06-26 20:57:17.574  1887  2535 I chatty  : uid=1000(system) MotorManager expire 2 lines
06-26 20:57:17.594  1887  2011 I chatty  : uid=1000(system) android.anim expire 16 lines
06-26 20:57:17.781 26881 27077 E ActivityThread: Failed to find provider info for com.oplus.securitypermission.AppControlCenterProvider
06-26 20:57:17.838 26881 26952 E ActivityThread: Failed to find provider info for com.oplus.securitypermission.AppControlCenterProvider
06-26 20:57:17.904  4444  4444 D OplusInputMethodUtil: init DEBUG to false, update DEBUG_IME to false
06-26 20:57:17.951  4444  4444 D ColorViewRootUtil: initSwipState, isDisplayCompatApp false
06-26 20:57:17.951  4444  4444 D ColorViewRootUtil: mScreenHeight 2340, mScreenWidth 1080
06-26 20:57:17.993  4444  4444 V OplusZoomWindowDecorViewHelper: setLastReportedMergedConfiguration mZoomDisplayHeight: 2340 getDecorView.DecorView@c43316c[MainActivity]
--------- beginning of crash
06-26 20:57:18.091  4444  4557 E AndroidRuntime: FATAL EXCEPTION: pool-2-thread-1
06-26 20:57:18.091  4444  4557 E AndroidRuntime: Process: io.rvkt.flutterify, PID: 4444
06-26 20:57:18.091  4444  4557 E AndroidRuntime: java.util.MissingResourceException: Error locating the logging class
06-26 20:57:18.091  4444  4557 E AndroidRuntime: 	at p1.b.a(SourceFile:27)
06-26 20:57:18.091  4444  4557 E AndroidRuntime: 	at o1.c.<init>(SourceFile:1)
06-26 20:57:18.091  4444  4557 E AndroidRuntime: 	at q0.a.run(SourceFile:26)
06-26 20:57:18.091  4444  4557 E AndroidRuntime: 	at java.util.concurrent.ThreadPoolExecutor.runWorker(ThreadPoolExecutor.java:1167)
06-26 20:57:18.091  4444  4557 E AndroidRuntime: 	at java.util.concurrent.ThreadPoolExecutor$Worker.run(ThreadPoolExecutor.java:641)
06-26 20:57:18.091  4444  4557 E AndroidRuntime: 	at java.lang.Thread.run(Thread.java:923)
06-26 20:57:18.122  4140  4373 E ActivityThread: Failed to find provider info for com.oplus.sau.toggle_book
06-26 20:57:18.173  1887  4570 I chatty  : uid=1000 system_server expire 3 lines
06-26 20:57:18.244  1887  3233 I chatty  : uid=1000(system) HansManagerHand expire 4 lines
06-26 20:57:18.280  1887  2010 D PowerManagerService: setScreenBrightnessOverrideFromWindowManagerInternal brightness=NaN mScreenBrightnessOverrideFromWindowManager=NaN
06-26 20:57:18.283  1887  5492 D ColorAppListInterceptManager: shouldFilterTask
06-26 20:57:18.283  1887  5492 D ColorAppListInterceptManager: shouldFilterTask::packageName = io.rvkt.flutterify
06-26 20:57:18.283  1887  5492 D ColorAppListInterceptManager: shouldFilterTask
06-26 20:57:18.283  1887  5492 D ColorAppListInterceptManager: shouldFilterTask::packageName = com.android.settings
06-26 20:57:18.283  1887  5492 D ColorAppListInterceptManager: shouldFilterTask
06-26 20:57:18.283  1887  5492 D ColorAppListInterceptManager: shouldFilterTask::packageName = com.whatsapp
06-26 20:57:18.286  1887  2010 D PowerManagerService: setScreenBrightnessOverrideFromWindowManagerInternal brightness=NaN mScreenBrightnessOverrideFromWindowManager=NaN
06-26 20:57:18.291  1887  5355 I WindowManager: WIN DEATH: Window{8c40b97 u0 io.rvkt.flutterify/io.rvkt.flutterify.MainActivity}
06-26 20:57:18.291  1887  3403 D DisplayManagerService: Display listener for pid 4444 died.
06-26 20:57:18.297  1887  4342 W WindowManager: Cannot find window which accessibility connection is added to
06-26 20:57:18.297  1887  2010 D PowerManagerService: setScreenBrightnessOverrideFromWindowManagerInternal brightness=NaN mScreenBrightnessOverrideFromWindowManager=NaN
06-26 20:57:18.304  1887  4179 I ActivityManager: Process io.rvkt.flutterify (pid 4444) has died: fg +50 FGS 
06-26 20:57:18.304  1887  3418 W ContextImpl: Calling a method in the system process without a qualified user: android.app.ContextImpl.startService:1717 com.oplus.util.OplusStatisticsImpl.startService:216 com.oplus.util.OplusStatisticsImpl.sendDataToDCS:192 com.oplus.util.OplusStatisticsImpl.onCommonSync:84 com.oplus.util.OplusStatisticsImpl$1.run:124 
06-26 20:57:18.304  1887  4179 W ContextImpl: Calling a method in the system process without a qualified user: android.app.ContextImpl.sendBroadcast:1159 com.android.server.am.OppoExtraActivityManagerService.setKeyLockModeNormal:51 com.android.server.am.ActivityManagerService.appDiedLocked:4308 com.android.server.am.ActivityManagerService$AppDeathRecipient.binderDied:1777 android.os.IBinder$DeathRecipient.binderDied:305 
06-26 20:57:18.308  1887  5351 E ORMS_Platform : OplusResourceManagerPlatformUtils: readFile function exception:/sys/devices/platform/soc/5000000.qcom,kgsl-3d0/kgsl/kgsl-3d0/freq_table_mhz: open failed: EACCES (Permission denied)
06-26 20:57:18.314  1887  4179 W ActivityManager: Scheduling restart of crashed service io.rvkt.flutterify/.services.MqttTtsService in 1000ms for start-requested
06-26 20:57:18.321  1887  2010 W ActivityManager: setHasOverlayUi called on unknown pid: 4444
06-26 20:57:18.336  1887  6016 E ORMS_Platform : OplusResourceManagerPlatformUtils: readFile function exception:/sys/devices/platform/soc/5000000.qcom,kgsl-3d0/kgsl/kgsl-3d0/freq_table_mhz: open failed: EACCES (Permission denied)
06-26 20:57:18.397  1887  2010 D PowerManagerService: setScreenBrightnessOverrideFromWindowManagerInternal brightness=NaN mScreenBrightnessOverrideFromWindowManager=NaN
06-26 20:57:18.408  1887  2010 I chatty  : uid=1000(system) android.display identical 1 line
06-26 20:57:18.411  1887  2010 D PowerManagerService: setScreenBrightnessOverrideFromWindowManagerInternal brightness=NaN mScreenBrightnessOverrideFromWindowManager=NaN
06-26 20:57:18.411  1887  1973 D ColorAppListInterceptManager: shouldFilterTask
06-26 20:57:18.411  1887  1973 D ColorAppListInterceptManager: shouldFilterTask::packageName = io.rvkt.flutterify
06-26 20:57:18.411  1887  1973 D ColorAppListInterceptManager: shouldFilterTask
06-26 20:57:18.411  1887  1973 D ColorAppListInterceptManager: shouldFilterTask::packageName = com.android.settings
06-26 20:57:18.411  1887  1973 D ColorAppListInterceptManager: shouldFilterTask
06-26 20:57:18.411  1887  1973 D ColorAppListInterceptManager: shouldFilterTask::packageName = com.whatsapp
06-26 20:57:18.415  1887  4179 D ColorAppListInterceptManager: shouldFilterTask
06-26 20:57:18.415  1887  4179 D ColorAppListInterceptManager: shouldFilterTask::packageName = io.rvkt.flutterify
06-26 20:57:18.415  1887  4179 D ColorAppListInterceptManager: shouldFilterTask
06-26 20:57:18.415  1887  4179 D ColorAppListInterceptManager: shouldFilterTask::packageName = com.android.settings
06-26 20:57:18.415  1887  4179 D ColorAppListInterceptManager: shouldFilterTask
06-26 20:57:18.415  1887  4179 D ColorAppListInterceptManager: shouldFilterTask::packageName = com.whatsapp
06-26 20:57:19.026  4032  4032 W ContextImpl: Calling a method in the system process without a qualified user: android.app.ContextImpl.startService:1717 android.content.ContextWrapper.startService:730 com.heytap.mcs.biz.statistics.StaticProcessTrackStatusManager.exitCurrentProcess:11 com.heytap.mcs.biz.statistics.StaticProcessTrackStatusManager$1.handleMessage:3 android.os.Handler.dispatchMessage:102 
06-26 20:57:19.089  1887  4342 D ConnectivityService: ConnectivityService NetworkRequestInfo binderDied(NetworkRequest [ TRACK_DEFAULT id=26261, [ Capabilities: INTERNET&NOT_RESTRICTED&TRUSTED Uid: 1000 AdministratorUids: [] RequestorUid: 1000 RequestorPackageName: com.heytap.mcs] ], android.os.BinderProxy@4abff77)
06-26 20:57:19.089  1887  5351 D DisplayManagerService: Display listener for pid 4032 died.
06-26 20:57:19.089  1887  4179 I ActivityManager: Process com.heytap.mcs.statistics (pid 4032) has died: svcb SVC 
06-26 20:57:19.089  1887  2506 D ConnectivityService: releasing NetworkRequest [ TRACK_DEFAULT id=26261, [ Capabilities: INTERNET&NOT_RESTRICTED&TRUSTED Uid: 1000 AdministratorUids: [] RequestorUid: 1000 RequestorPackageName: com.heytap.mcs] ] (release request)
06-26 20:57:19.089  1887  4179 W ContextImpl: Calling a method in the system process without a qualified user: android.app.ContextImpl.sendBroadcast:1159 com.android.server.am.OppoExtraActivityManagerService.setKeyLockModeNormal:51 com.android.server.am.ActivityManagerService.appDiedLocked:4308 com.android.server.am.ActivityManagerService$AppDeathRecipient.binderDied:1777 android.os.IBinder$DeathRecipient.binderDied:305 
06-26 20:57:19.092 32241 32241 I ActivityThread: Removing dead content provider:android.content.ContentProviderProxy@3644034
06-26 20:57:19.317  1887  2072 D CompatibilityChangeReporter: Compat change id reported: 135634846; UID 10813; state: DISABLED
06-26 20:57:19.318  1887  2073 D CompatibilityChangeReporter: Compat change id reported: 143937733; UID 10813; state: ENABLED
06-26 20:57:19.343  1887  2073 I ActivityManager: Start proc 4621:io.rvkt.flutterify/u0a813 for service {io.rvkt.flutterify/io.rvkt.flutterify.services.MqttTtsService}
06-26 20:57:19.357  1887  4179 W ActivityManager: Stopping service due to app idle: u0a813 -1s421ms io.rvkt.flutterify/.services.MqttTtsService
06-26 20:57:19.385  1887  4179 D CompatibilityChangeReporter: Compat change id reported: 136219221; UID 10813; state: ENABLED
06-26 20:57:19.557  4621  4646 E AndroidRuntime: FATAL EXCEPTION: pool-2-thread-1
06-26 20:57:19.557  4621  4646 E AndroidRuntime: Process: io.rvkt.flutterify, PID: 4621
06-26 20:57:19.557  4621  4646 E AndroidRuntime: java.util.MissingResourceException: Error locating the logging class
06-26 20:57:19.557  4621  4646 E AndroidRuntime: 	at p1.b.a(SourceFile:27)
06-26 20:57:19.557  4621  4646 E AndroidRuntime: 	at o1.c.<init>(SourceFile:1)
06-26 20:57:19.557  4621  4646 E AndroidRuntime: 	at q0.a.run(SourceFile:26)
06-26 20:57:19.557  4621  4646 E AndroidRuntime: 	at java.util.concurrent.ThreadPoolExecutor.runWorker(ThreadPoolExecutor.java:1167)
06-26 20:57:19.557  4621  4646 E AndroidRuntime: 	at java.util.concurrent.ThreadPoolExecutor$Worker.run(ThreadPoolExecutor.java:641)
06-26 20:57:19.557  4621  4646 E AndroidRuntime: 	at java.lang.Thread.run(Thread.java:923)
06-26 20:57:19.595  1887  1887 I ColorStatusBarManagerService:  getTopIsFullscreen mTopIsFullscreen: false
06-26 20:57:19.598  1887  1887 D NotificationService: 0|io.rvkt.flutterify|1|null|10813: granting content://settings/system/notification_sound
06-26 20:57:19.600  1887  1887 I chatty  : uid=1000 system_server identical 5 lines
06-26 20:57:19.600  1887  1887 D NotificationService: 0|io.rvkt.flutterify|1|null|10813: granting content://settings/system/notification_sound
06-26 20:57:19.603  1887  1887 W NotificationHistory: Attempted to add notif for locked/gone/disabled user 0
06-26 20:57:19.605  1887  5348 D DisplayManagerService: Display listener for pid 4621 died.
06-26 20:57:19.605  1887  5351 I ActivityManager: Process io.rvkt.flutterify (pid 4621) has died: cch+5 CEM 
06-26 20:57:19.606  1887  5351 W ContextImpl: Calling a method in the system process without a qualified user: android.app.ContextImpl.sendBroadcast:1159 com.android.server.am.OppoExtraActivityManagerService.setKeyLockModeNormal:51 com.android.server.am.ActivityManagerService.appDiedLocked:4308 com.android.server.am.ActivityManagerService$AppDeathRecipient.binderDied:1777 android.os.IBinder$DeathRecipient.binderDied:305 
06-26 20:57:19.626  1887  6016 D OppoUserManagerService: getMultiSystemUserId  res = -10000
06-26 20:57:19.673  1887  3407 I ColorGameSpaceManager: in handleApplicationSwitchInner ---- gamemode = 0 ----mModeStatus = 0
06-26 20:57:20.116  1887  2010 D PowerManagerService: setScreenBrightnessOverrideFromWindowManagerInternal brightness=NaN mScreenBrightnessOverrideFromWindowManager=NaN
06-26 20:57:20.142  1887  3407 I ColorGameSpaceManager: in handleApplicationSwitchInner ---- gamemode = 0 ----mModeStatus = 0
06-26 20:57:20.188  1887  4179 V WindowManager: Changing focus from Window{f7ea94b u0 com.teslacoilsw.launcher/com.teslacoilsw.launcher.NovaLauncher} to Window{a8a0a73 u0 NotificationShade},diplayid=0
06-26 20:57:20.195  1887  2010 D PowerManagerService: setScreenBrightnessOverrideFromWindowManagerInternal brightness=NaN mScreenBrightnessOverrideFromWindowManager=NaN
06-26 20:57:20.218  1887  2010 I chatty  : uid=1000(system) android.display identical 1 line
06-26 20:57:20.233  1887  2010 D PowerManagerService: setScreenBrightnessOverrideFromWindowManagerInternal brightness=NaN mScreenBrightnessOverrideFromWindowManager=NaN
06-26 20:57:20.281  1887  2466 W NetworkPolicy: shared quota unsupported; generating rule for each iface
06-26 20:57:20.361  1887  1973 I OplusCustomizeService: pkg:com.android.systemui isPlatformSigned, return true drectly 
06-26 20:57:20.362  1887  1973 I OplusCustomizeService: pkg:com.android.systemui isPlatformSigned, return true drectly 
06-26 20:57:20.366  1887  5348 I OplusCustomizeService: pkg:com.android.systemui isPlatformSigned, return true drectly 
06-26 20:57:20.368  1887  5348 I chatty  : uid=1000(system) Binder:1887_15 identical 1 line
06-26 20:57:20.368  1887  5348 I OplusCustomizeService: pkg:com.android.systemui isPlatformSigned, return true drectly 
06-26 20:57:20.368  1887  5348 E OplusCustomizeRestrictionManagerService: getMobileDataMode error :s == null
06-26 20:57:20.369  1887  5348 I OplusCustomizeService: pkg:com.android.systemui isPlatformSigned, return true drectly 
06-26 20:57:20.370  1887  5348 I OplusCustomizeService: pkg:com.android.systemui isPlatformSigned, return true drectly 
06-26 20:57:20.373  1887  4342 D OppoUserManagerService: getMultiSystemUserId  res = -10000
06-26 20:57:20.374  1887  4342 I OplusCustomizeService: pkg:com.android.systemui isPlatformSigned, return true drectly 
06-26 20:57:20.376  1887  4342 I OplusCustomizeService: pkg:com.android.systemui isPlatformSigned, return true drectly 
06-26 20:57:20.379  1887  5348 I OplusCustomizeService: pkg:com.android.systemui isPlatformSigned, return true drectly 
06-26 20:57:20.384  1887  4342 I OplusCustomizeService: pkg:com.android.systemui isPlatformSigned, return true drectly 
06-26 20:57:20.384  1887  4342 I OplusCustomizeService: pkg:com.android.systemui isPlatformSigned, return true drectly 
06-26 20:57:20.384  1887  4342 E OplusCustomizeRestrictionManagerService: getMobileDataMode error :s == null
06-26 20:57:20.387  1887  4342 I OplusCustomizeService: pkg:com.android.systemui isPlatformSigned, return true drectly 
06-26 20:57:20.389  1887  4342 I chatty  : uid=1000(system) Binder:1887_12 identical 1 line
06-26 20:57:20.389  1887  4342 I OplusCustomizeService: pkg:com.android.systemui isPlatformSigned, return true drectly 
06-26 20:57:20.389  1887  4342 E OplusCustomizeRestrictionManagerService: getMobileDataMode error :s == null
06-26 20:57:20.395  1887  4342 I OplusCustomizeService: pkg:com.android.systemui isPlatformSigned, return true drectly 
06-26 20:57:20.398  1887  5348 I OplusCustomizeService: pkg:com.android.systemui isPlatformSigned, return true drectly 
06-26 20:57:20.399  1887  5348 I OplusCustomizeService: pkg:com.android.systemui isPlatformSigned, return true drectly 
06-26 20:57:20.399  1887  5348 E OplusCustomizeRestrictionManagerService: getMobileDataMode error :s == null
06-26 20:57:20.401  1887  5348 I OplusCustomizeService: pkg:com.android.systemui isPlatformSigned, return true drectly 
06-26 20:57:20.403  1887  4342 I OplusCustomizeService: pkg:com.android.systemui isPlatformSigned, return true drectly 
06-26 20:57:20.403  1887  4342 I OplusCustomizeService: pkg:com.android.systemui isPlatformSigned, return true drectly 
06-26 20:57:20.404  1887  4342 E OplusCustomizeRestrictionManagerService: getMobileDataMode error :s == null
06-26 20:57:20.404  1887  4342 I OplusCustomizeService: pkg:com.android.systemui isPlatformSigned, return true drectly 
06-26 20:57:20.406  1887  5348 I OplusCustomizeService: pkg:com.android.systemui isPlatformSigned, return true drectly 
06-26 20:57:20.407  1887  4342 I OplusCustomizeService: pkg:com.android.systemui isPlatformSigned, return true drectly 
06-26 20:57:20.412  1887  5348 I OplusCustomizeService: pkg:com.android.systemui isPlatformSigned, return true drectly 
06-26 20:57:20.897 32534 24655 W ContextImpl: Calling a method in the system process without a qualified user: android.app.ContextImpl.startService:1717 android.content.ContextWrapper.startService:730 com.c.a.a.c.b.a:206 com.c.a.a.c.b.a:133 com.c.a.a.a.c.a:14 
06-26 20:57:20.904 32534 24655 W ContextImpl: Calling a method in the system process without a qualified user: android.app.ContextImpl.startService:1717 android.content.ContextWrapper.startService:730 com.c.a.a.c.b.a:206 com.c.a.a.c.b.a:133 com.c.a.a.a.c.a:14 
