06-26 20:57:21.655  1887  2771 D BatteryLed: getLightInColorState, oppoLightMgr empty!
06-26 20:57:21.716  1887  2013 W OppoBaseWatchdog: !@WatchDog_14776
06-26 20:57:22.221  1887  4179 V WindowManager: Changing focus from Window{a8a0a73 u0 NotificationShade} to Window{f7ea94b u0 com.teslacoilsw.launcher/com.teslacoilsw.launcher.NovaLauncher},diplayid=0
06-26 20:57:22.226  1887  2010 D PowerManagerService: setScreenBrightnessOverrideFromWindowManagerInternal brightness=NaN mScreenBrightnessOverrideFromWindowManager=NaN
06-26 20:57:22.259  1887  2010 I chatty  : uid=1000(system) android.display identical 1 line
06-26 20:57:22.275  1887  2010 D PowerManagerService: setScreenBrightnessOverrideFromWindowManagerInternal brightness=NaN mScreenBrightnessOverrideFromWindowManager=NaN
06-26 20:57:22.815  1887  5348 D ColorInputMethodManagerServiceEx: onHandleImeWindowVisibleStatus handledVis: 0, switcher visible: 0, switcher active: 0, needsToShowImeSwitcher: false
06-26 20:57:22.821  1887  1973 I ActivityTaskManager: START u0 {act=android.intent.action.MAIN cat=[android.intent.category.LAUNCHER] flg=0x10200000 cmp=io.rvkt.flutterify/.MainActivity bnds=[354,988][435,1069] mCallingUid=10489} from uid 10489 and from pid 5528
06-26 20:57:22.822  1887  1973 D MultiApp.CMAService: changeIntentIfNeed --- from launcher
06-26 20:57:22.826  1887  1973 E ColorZoomWindowManagerService: onConfigurationChanged rotation not changed - prevRotation: 0
06-26 20:57:22.831  1887  1973 E ColorZoomWindowManagerService: onConfigurationChanged rotation not changed - prevRotation: 0
06-26 20:57:22.837  1887  1973 V ColorZoomWindowManagerService: windowMode: 0 ,stack: Task{b8a26d2 #1871 visible=true type=standard mode=fullscreen translucent=true I=io.rvkt.flutterify/.MainActivity U=0 StackId=1871 sz=1}
06-26 20:57:22.839  1887  1973 D ActivityTaskManager: setWillCloseOrEnterPip:true ActivityRecord:ActivityRecord{6bde3a2 u0 com.teslacoilsw.launcher/.NovaLauncher t5} callers:com.android.server.wm.ActivityStack.resumeTopActivityInnerLocked:1921 com.android.server.wm.ActivityStack.resumeTopActivityUncheckedLocked:1710 com.android.server.wm.RootWindowContainer.resumeFocusedStacksTopActivities:2476 com.android.server.wm.ActivityStarter.startActivityInner:2288 com.android.server.wm.ActivityStarter.startActivityUnchecked:1997 
06-26 20:57:22.845  1887  4179 D ActivityTaskManager: setWillCloseOrEnterPip:false ActivityRecord:ActivityRecord{6bde3a2 u0 com.teslacoilsw.launcher/.NovaLauncher t5} callers:com.android.server.wm.ActivityStack.completePauseLocked:1325 com.android.server.wm.ActivityRecord.activityPaused:5483 com.android.server.wm.ActivityTaskManagerService.activityPaused:1998 android.app.IActivityTaskManager$Stub.onTransact:1956 com.android.server.wm.OppoActivityTaskManagerService.onTransact:174 
06-26 20:57:22.848  1887  2535 I MotorManagerService: notifyActivityChanged: mBackgroudPkg = com.teslacoilsw.launcher mFocusPkg = io.rvkt.flutterify mIsSplitMode = true mBackActivity = com.teslacoilsw.launcher.NovaLauncher mFocusActivity = io.rvkt.flutterify.MainActivity
06-26 20:57:22.861  1887  2010 D CompatibilityChangeReporter: Compat change id reported: 135634846; UID 10813; state: DISABLED
06-26 20:57:22.862  1887  2073 D CompatibilityChangeReporter: Compat change id reported: 143937733; UID 10813; state: ENABLED
06-26 20:57:22.862  1887  2010 D PowerManagerService: setScreenBrightnessOverrideFromWindowManagerInternal brightness=NaN mScreenBrightnessOverrideFromWindowManager=NaN
06-26 20:57:22.863  1887  2010 D OplusBaseBatteryStatsImpl: pausedBatteryLevel:79 activityFocusedTimeInMin:0
06-26 20:57:22.864  1887  2010 D PowerManagerService: setScreenBrightnessOverrideFromWindowManagerInternal brightness=NaN mScreenBrightnessOverrideFromWindowManager=NaN
06-26 20:57:22.864  1887  2010 D PowerManagerService: setScreenBrightnessOverrideFromWindowManagerInternal brightness=NaN mScreenBrightnessOverrideFromWindowManager=NaN
06-26 20:57:22.864  1887  2011 D ColorViewRootUtil: initSwipState, isDisplayCompatApp false
06-26 20:57:22.864  1887  2011 D ColorViewRootUtil: mScreenHeight 2340, mScreenWidth 1080
06-26 20:57:22.883  1887  2073 I ActivityManager: Start proc 4761:io.rvkt.flutterify/u0a813 for pre-top-activity {io.rvkt.flutterify/io.rvkt.flutterify.MainActivity}
06-26 20:57:22.887  1887  2011 D WindowManager: WARNING: focused app window can't receive keys, focusedApp:ActivityRecord{6bde3a2 u0 com.teslacoilsw.launcher/.NovaLauncher t5} window:Window{f7ea94b u0 com.teslacoilsw.launcher/com.teslacoilsw.launcher.NovaLauncher}
06-26 20:57:22.887  1887  2011 D WindowManager: isRecentsAnimationConsumingAppInput:false isParentWindowHidden:false mAnimatingExit:false mRelayoutCalled:true
06-26 20:57:22.887  1887  2011 V WindowManager: Changing focus from Window{f7ea94b u0 com.teslacoilsw.launcher/com.teslacoilsw.launcher.NovaLauncher} to null,diplayid=0
06-26 20:57:22.889  1887  2010 D PowerManagerService: setScreenBrightnessOverrideFromWindowManagerInternal brightness=NaN mScreenBrightnessOverrideFromWindowManager=NaN
06-26 20:57:22.889  1887  2011 V OplusZoomWindowDecorViewHelper: setLastReportedMergedConfiguration mZoomDisplayHeight: 2340 getDecorView.DecorView@a429951[flutterify]
06-26 20:57:22.906  1887  2010 D PowerManagerService: setScreenBrightnessOverrideFromWindowManagerInternal brightness=NaN mScreenBrightnessOverrideFromWindowManager=NaN
06-26 20:57:22.923  1887  5348 I ColorAppSwitchManagerService: appswitch hasProcess ActivityRecord{55dbd5d u0 io.rvkt.flutterify/.MainActivity t1871}
06-26 20:57:22.923  1887  5348 I ColorAppSwitchManagerService: appswitch hasProcess ActivityRecord{55dbd5d u0 io.rvkt.flutterify/.MainActivity t1871}
06-26 20:57:22.938  1887  4179 D ColorDefaultAppPolicyManager: check , currentMode = false mUd = 0
06-26 20:57:22.942  1887  5348 D ColorDefaultAppPolicyManager: check , currentMode = false mUd = 0
06-26 20:57:22.953  1887 17578 E OppoThermalStats: Error getting package info: io.rvkt.flutterify
06-26 20:57:22.975  1887  2010 D OplusBaseBatteryStatsImpl: resumedUid:10813 resumedBatteryLevel:79  resumedPackage:io.rvkt.flutterify  resumedBatteryRealtimeCapacity:2220
06-26 20:57:22.975  1887  2010 D PowerManagerService: setScreenBrightnessOverrideFromWindowManagerInternal brightness=NaN mScreenBrightnessOverrideFromWindowManager=NaN
06-26 20:57:22.976  1887  2010 D PowerManagerService: setScreenBrightnessOverrideFromWindowManagerInternal brightness=NaN mScreenBrightnessOverrideFromWindowManager=NaN
06-26 20:57:23.001  1887  4342 E ORMS_Platform : OplusResourceManagerPlatformUtils: readFile function exception:/sys/devices/platform/soc/5000000.qcom,kgsl-3d0/kgsl/kgsl-3d0/freq_table_mhz: open failed: EACCES (Permission denied)
06-26 20:57:23.022  1887  4342 E ORMS_Platform : OplusResourceManagerPlatformUtils: readFile function exception:/sys/devices/platform/soc/5000000.qcom,kgsl-3d0/kgsl/kgsl-3d0/freq_table_mhz: open failed: EACCES (Permission denied)
06-26 20:57:23.114  4761  4761 D OplusInputMethodUtil: init DEBUG to false, update DEBUG_IME to false
06-26 20:57:23.145  4761  4761 D ColorViewRootUtil: initSwipState, isDisplayCompatApp false
06-26 20:57:23.145  4761  4761 D ColorViewRootUtil: mScreenHeight 2340, mScreenWidth 1080
06-26 20:57:23.172  1887  5348 V WindowManager: Changing focus from null to Window{c435855 u0 io.rvkt.flutterify/io.rvkt.flutterify.MainActivity},diplayid=0
06-26 20:57:23.176  1887  2010 D PowerManagerService: setScreenBrightnessOverrideFromWindowManagerInternal brightness=NaN mScreenBrightnessOverrideFromWindowManager=NaN
06-26 20:57:23.177  4761  4761 V OplusZoomWindowDecorViewHelper: setLastReportedMergedConfiguration mZoomDisplayHeight: 2340 getDecorView.DecorView@c43316c[MainActivity]
06-26 20:57:23.203  1887  5348 D CompatibilityChangeReporter: Compat change id reported: 136274596; UID 10813; state: ENABLED
06-26 20:57:23.223  1887  4342 W ActivityManager: setGlThreads detect 4761 4798
06-26 20:57:23.239  1887  2010 D PowerManagerService: setScreenBrightnessOverrideFromWindowManagerInternal brightness=NaN mScreenBrightnessOverrideFromWindowManager=NaN
06-26 20:57:23.244  4761  4813 E AndroidRuntime: FATAL EXCEPTION: pool-2-thread-1
06-26 20:57:23.244  4761  4813 E AndroidRuntime: Process: io.rvkt.flutterify, PID: 4761
06-26 20:57:23.244  4761  4813 E AndroidRuntime: java.util.MissingResourceException: Error locating the logging class
06-26 20:57:23.244  4761  4813 E AndroidRuntime: 	at p1.b.a(SourceFile:27)
06-26 20:57:23.244  4761  4813 E AndroidRuntime: 	at o1.c.<init>(SourceFile:1)
06-26 20:57:23.244  4761  4813 E AndroidRuntime: 	at q0.a.run(SourceFile:26)
06-26 20:57:23.244  4761  4813 E AndroidRuntime: 	at java.util.concurrent.ThreadPoolExecutor.runWorker(ThreadPoolExecutor.java:1167)
06-26 20:57:23.244  4761  4813 E AndroidRuntime: 	at java.util.concurrent.ThreadPoolExecutor$Worker.run(ThreadPoolExecutor.java:641)
06-26 20:57:23.244  4761  4813 E AndroidRuntime: 	at java.lang.Thread.run(Thread.java:923)
06-26 20:57:23.254  1887  5348 W ActivityTaskManager:   Force finishing activity io.rvkt.flutterify/.MainActivity
06-26 20:57:23.256  1887  5348 D WindowManager: WARNING: focused app window can't receive keys, focusedApp:ActivityRecord{6bde3a2 u0 com.teslacoilsw.launcher/.NovaLauncher t5} window:Window{f7ea94b u0 com.teslacoilsw.launcher/com.teslacoilsw.launcher.NovaLauncher}
06-26 20:57:23.256  1887  5348 D WindowManager: isRecentsAnimationConsumingAppInput:false isParentWindowHidden:false mAnimatingExit:false mRelayoutCalled:true
06-26 20:57:23.257  1887  5348 V WindowManager: Changing focus from Window{c435855 u0 io.rvkt.flutterify/io.rvkt.flutterify.MainActivity} to null,diplayid=0
06-26 20:57:23.262  1887  5348 V ColorZoomWindowManagerService: prepareZoomTransition: curStack=Task{b8a26d2 #1871 visible=true type=standard mode=fullscreen translucent=true I=io.rvkt.flutterify/.MainActivity U=0 StackId=1871 sz=1}   nextStackTask{9a8a699 #1 visible=true type=home mode=fullscreen translucent=true I=com.teslacoilsw.launcher/.NovaLauncher U=0 StackId=1 sz=1}
06-26 20:57:23.273  1887  1973 W ActivityManager: setGlThreads detect 4761 4785
06-26 20:57:23.291  1887  5348 D ActivityTaskManager: setWillCloseOrEnterPip:false ActivityRecord:ActivityRecord{55dbd5d u0 io.rvkt.flutterify/.MainActivity t1871 f}} callers:com.android.server.wm.ActivityStack.completePauseLocked:1325 com.android.server.wm.ActivityRecord.activityPaused:5483 com.android.server.wm.ActivityTaskManagerService.activityPaused:1998 android.app.IActivityTaskManager$Stub.onTransact:1956 com.android.server.wm.OppoActivityTaskManagerService.onTransact:174 
06-26 20:57:23.297  1887  2535 I MotorManagerService: notifyActivityChanged: mBackgroudPkg = io.rvkt.flutterify mFocusPkg = com.teslacoilsw.launcher mIsSplitMode = true mBackActivity = io.rvkt.flutterify.MainActivity mFocusActivity = com.teslacoilsw.launcher.NovaLauncher
06-26 20:57:23.316  1887  4298 D ColorDefaultAppPolicyManager: check , currentMode = false mUd = 0
06-26 20:57:23.317  1887  4823 I OplusServiceFactoryImpl: IOplusCpuExceptionMonitor
06-26 20:57:23.318  1887  4823 I DropBoxManagerService: add tag=data_app_crash isTagEnabled=true flags=0x2
06-26 20:57:23.323  1887  3385 D ColorDefaultAppPolicyManager: check , currentMode = false mUd = 0
06-26 20:57:23.331  1887  2011 V ColorZoomWindowManagerService: onAnimationFinished:  r = ActivityRecord{55dbd5d u0 io.rvkt.flutterify/.MainActivity t1871 f}}
06-26 20:57:23.333  1887  4823 D DropBoxManagerService: file :: /data/system/dropbox/data_app_crash@1750951643328.txt
06-26 20:57:23.337  1887  2011 I OplusMirageDisplayManagerService: onAnimationFinished:
06-26 20:57:23.340  1887  2011 V ColorZoomWindowManagerService: onAnimationFinished:  r = ActivityRecord{6bde3a2 u0 com.teslacoilsw.launcher/.NovaLauncher t5}
06-26 20:57:23.340  1887  2011 I ColorAppSwitchManagerService:  handleAppVisible , r = ActivityRecord{6bde3a2 u0 com.teslacoilsw.launcher/.NovaLauncher t5}
06-26 20:57:23.340  1887  2011 I OplusMirageDisplayManagerService: onAnimationFinished:
06-26 20:57:23.345  1887  4179 E OppoThermalStats: Error getting package info: com.teslacoilsw.launcher
06-26 20:57:23.346  1887  2011 W WindowManager: Cannot find window which accessibility connection is added to
06-26 20:57:23.350  1887  2011 W WindowManager: Failed looking up window session=Session{8904bfa 1887:1000} callers=com.android.server.wm.WindowManagerService.windowForClientLocked:5912 com.android.server.wm.WindowManagerService.removeWindow:2132 com.android.server.wm.Session.remove:201 
06-26 20:57:23.354  1887  2011 V WindowManager: Changing focus from null to Window{f7ea94b u0 com.teslacoilsw.launcher/com.teslacoilsw.launcher.NovaLauncher},diplayid=0
06-26 20:57:23.373  1887  3385 D DisplayManagerService: Display listener for pid 4761 died.
06-26 20:57:23.386  1887  4179 W ActivityManager: Slow operation: 75ms so far, now at getContentProviderImpl: after updateOomAdj
06-26 20:57:23.386  1887  4179 W ActivityManager: Slow operation: 75ms so far, now at getContentProviderImpl: done!
06-26 20:57:23.390  1887  5351 W WindowManager: Cannot find window which accessibility connection is added to
06-26 20:57:23.395  1887  2108 W BroadcastQueue: Background execution not allowed: receiving Intent { act=android.intent.action.DROPBOX_ENTRY_ADDED flg=0x10 (has extras) } to com.google.android.gms/.stats.service.DropBoxEntryAddedReceiver
06-26 20:57:23.399  1887  1887 I ColorStatusBarManagerService:  getTopIsFullscreen mTopIsFullscreen: false
06-26 20:57:23.402  1887  1887 D NotificationService: 0|io.rvkt.flutterify|1|null|10813: granting content://settings/system/notification_sound
06-26 20:57:23.403  1887  1887 D NotificationService: 0|io.rvkt.flutterify|1|null|10813: granting content://settings/system/notification_sound
06-26 20:57:23.403  1887  6016 I ActivityManager: Process io.rvkt.flutterify (pid 4761) has died: fg  TOP 
06-26 20:57:23.403  1887  1887 D NotificationService: 0|io.rvkt.flutterify|1|null|10813: granting content://settings/system/notification_sound
06-26 20:57:23.403  1887  6016 W ContextImpl: Calling a method in the system process without a qualified user: android.app.ContextImpl.sendBroadcast:1159 com.android.server.am.OppoExtraActivityManagerService.setKeyLockModeNormal:51 com.android.server.am.ActivityManagerService.appDiedLocked:4308 com.android.server.am.ActivityManagerService$AppDeathRecipient.binderDied:1777 android.os.IBinder$DeathRecipient.binderDied:305 
06-26 20:57:23.403  1887  1887 D NotificationService: 0|io.rvkt.flutterify|1|null|10813: granting content://settings/system/notification_sound
06-26 20:57:23.403  1887  1887 I chatty  : uid=1000 system_server identical 2 lines
06-26 20:57:23.404  1887  1887 D NotificationService: 0|io.rvkt.flutterify|1|null|10813: granting content://settings/system/notification_sound
06-26 20:57:23.404  1887  3418 W ContextImpl: Calling a method in the system process without a qualified user: android.app.ContextImpl.startService:1717 com.oplus.util.OplusStatisticsImpl.startService:216 com.oplus.util.OplusStatisticsImpl.sendDataToDCS:192 com.oplus.util.OplusStatisticsImpl.onCommonSync:84 com.oplus.util.OplusStatisticsImpl$1.run:124 
06-26 20:57:23.407  1887  1887 W NotificationHistory: Attempted to add notif for locked/gone/disabled user 0
06-26 20:57:23.414  1887  6016 W ActivityManager: Scheduling restart of crashed service io.rvkt.flutterify/.services.MqttTtsService in 1000ms for start-requested
06-26 20:57:23.415  1887  5348 D OppoUserManagerService: getMultiSystemUserId  res = -10000
06-26 20:57:23.432  1887  2010 D PowerManagerService: setScreenBrightnessOverrideFromWindowManagerInternal brightness=NaN mScreenBrightnessOverrideFromWindowManager=NaN
06-26 20:57:23.441  1887  2010 I chatty  : uid=1000(system) android.display identical 1 line
06-26 20:57:23.441  1887  2010 D PowerManagerService: setScreenBrightnessOverrideFromWindowManagerInternal brightness=NaN mScreenBrightnessOverrideFromWindowManager=NaN
06-26 20:57:23.442  1887  2010 D OplusBaseBatteryStatsImpl: pausedBatteryLevel:79 activityFocusedTimeInMin:0
06-26 20:57:23.447  1887  2010 D OplusBaseBatteryStatsImpl: resumedUid:10489 resumedBatteryLevel:79  resumedPackage:com.teslacoilsw.launcher  resumedBatteryRealtimeCapacity:2220
06-26 20:57:23.448  1887  5348 E ORMS_Platform : OplusResourceManagerPlatformUtils: readFile function exception:/sys/devices/platform/soc/5000000.qcom,kgsl-3d0/kgsl/kgsl-3d0/freq_table_mhz: open failed: EACCES (Permission denied)
06-26 20:57:23.448  1887  2010 D PowerManagerService: setScreenBrightnessOverrideFromWindowManagerInternal brightness=NaN mScreenBrightnessOverrideFromWindowManager=NaN
06-26 20:57:23.449  1887  2010 I chatty  : uid=1000(system) android.display identical 3 lines
06-26 20:57:23.449  1887  2010 D PowerManagerService: setScreenBrightnessOverrideFromWindowManagerInternal brightness=NaN mScreenBrightnessOverrideFromWindowManager=NaN
06-26 20:57:23.450  1887  1973 D ColorAppListInterceptManager: shouldFilterTask
06-26 20:57:23.450  1887  1973 D ColorAppListInterceptManager: shouldFilterTask::packageName = io.rvkt.flutterify
06-26 20:57:23.450  1887  1973 D ColorAppListInterceptManager: shouldFilterTask
06-26 20:57:23.450  1887  1973 D ColorAppListInterceptManager: shouldFilterTask::packageName = com.android.settings
06-26 20:57:23.450  1887  1973 D ColorAppListInterceptManager: shouldFilterTask
06-26 20:57:23.450  1887  1973 D ColorAppListInterceptManager: shouldFilterTask::packageName = com.whatsapp
06-26 20:57:23.455  1887  2010 D PowerManagerService: setScreenBrightnessOverrideFromWindowManagerInternal brightness=NaN mScreenBrightnessOverrideFromWindowManager=NaN
06-26 20:57:23.458  1887  5355 D ColorAppListInterceptManager: shouldFilterTask
06-26 20:57:23.458  1887  5355 D ColorAppListInterceptManager: shouldFilterTask::packageName = io.rvkt.flutterify
06-26 20:57:23.458  1887  5355 D ColorAppListInterceptManager: shouldFilterTask
06-26 20:57:23.458  1887  5355 D ColorAppListInterceptManager: shouldFilterTask::packageName = com.android.settings
06-26 20:57:23.458  1887  5355 D ColorAppListInterceptManager: shouldFilterTask
06-26 20:57:23.458  1887  5355 D ColorAppListInterceptManager: shouldFilterTask::packageName = com.whatsapp
06-26 20:57:23.460  1887  2010 W ActivityManager: setHasOverlayUi called on unknown pid: 4761
06-26 20:57:23.460  1887  2010 D PowerManagerService: setScreenBrightnessOverrideFromWindowManagerInternal brightness=NaN mScreenBrightnessOverrideFromWindowManager=NaN
06-26 20:57:23.461  1887  6016 D ColorAppListInterceptManager: shouldFilterTask
06-26 20:57:23.461  1887  6016 D ColorAppListInterceptManager: shouldFilterTask::packageName = io.rvkt.flutterify
06-26 20:57:23.461  1887  6016 D ColorAppListInterceptManager: shouldFilterTask
06-26 20:57:23.461  1887  6016 D ColorAppListInterceptManager: shouldFilterTask::packageName = com.android.settings
06-26 20:57:23.461  1887  6016 D ColorAppListInterceptManager: shouldFilterTask
06-26 20:57:23.461  1887  6016 D ColorAppListInterceptManager: shouldFilterTask::packageName = com.whatsapp
06-26 20:57:23.483  1887  5348 E ORMS_Platform : OplusResourceManagerPlatformUtils: readFile function exception:/sys/devices/platform/soc/5000000.qcom,kgsl-3d0/kgsl/kgsl-3d0/freq_table_mhz: open failed: EACCES (Permission denied)
06-26 20:57:24.149  1887  2530 D JobScheduler.Temperature: get temperature=36.302
06-26 20:57:24.382  1887  3233 D OppoBasePowerManagerService: do restore jobs
06-26 20:57:24.382  1887  3233 I chatty  : uid=1000(system) HansManagerHand identical 2 lines
06-26 20:57:24.382  1887  3233 D OppoBasePowerManagerService: do restore jobs
06-26 20:57:24.429  1887  2072 D CompatibilityChangeReporter: Compat change id reported: 135634846; UID 10813; state: DISABLED
06-26 20:57:24.429  1887  2073 D CompatibilityChangeReporter: Compat change id reported: 143937733; UID 10813; state: ENABLED
06-26 20:57:24.454  1887  2073 I ActivityManager: Start proc 4856:io.rvkt.flutterify/u0a813 for service {io.rvkt.flutterify/io.rvkt.flutterify.services.MqttTtsService}
06-26 20:57:24.482  1887  5355 W ActivityManager: Stopping service due to app idle: u0a813 -1s346ms io.rvkt.flutterify/.services.MqttTtsService
06-26 20:57:24.498  1887  5355 D CompatibilityChangeReporter: Compat change id reported: 136219221; UID 10813; state: ENABLED
06-26 20:57:24.652  4856  4881 E AndroidRuntime: FATAL EXCEPTION: pool-2-thread-1
06-26 20:57:24.652  4856  4881 E AndroidRuntime: Process: io.rvkt.flutterify, PID: 4856
06-26 20:57:24.652  4856  4881 E AndroidRuntime: java.util.MissingResourceException: Error locating the logging class
06-26 20:57:24.652  4856  4881 E AndroidRuntime: 	at p1.b.a(SourceFile:27)
06-26 20:57:24.652  4856  4881 E AndroidRuntime: 	at o1.c.<init>(SourceFile:1)
06-26 20:57:24.652  4856  4881 E AndroidRuntime: 	at q0.a.run(SourceFile:26)
06-26 20:57:24.652  4856  4881 E AndroidRuntime: 	at java.util.concurrent.ThreadPoolExecutor.runWorker(ThreadPoolExecutor.java:1167)
06-26 20:57:24.652  4856  4881 E AndroidRuntime: 	at java.util.concurrent.ThreadPoolExecutor$Worker.run(ThreadPoolExecutor.java:641)
06-26 20:57:24.652  4856  4881 E AndroidRuntime: 	at java.lang.Thread.run(Thread.java:923)
06-26 20:57:24.694  1887  6016 D DisplayManagerService: Display listener for pid 4856 died.
06-26 20:57:24.695  1887  5351 I ActivityManager: Process io.rvkt.flutterify (pid 4856) has died: cch+5 CEM 
06-26 20:57:24.695  1887  5351 W ContextImpl: Calling a method in the system process without a qualified user: android.app.ContextImpl.sendBroadcast:1159 com.android.server.am.OppoExtraActivityManagerService.setKeyLockModeNormal:51 com.android.server.am.ActivityManagerService.appDiedLocked:4308 com.android.server.am.ActivityManagerService$AppDeathRecipient.binderDied:1777 android.os.IBinder$DeathRecipient.binderDied:305 
06-26 20:57:24.706  1887  1887 I ColorStatusBarManagerService:  getTopIsFullscreen mTopIsFullscreen: false
06-26 20:57:24.710  1887  1887 D NotificationService: 0|io.rvkt.flutterify|1|null|10813: granting content://settings/system/notification_sound
06-26 20:57:24.712  1887  1887 I chatty  : uid=1000 system_server identical 5 lines
06-26 20:57:24.712  1887  1887 D NotificationService: 0|io.rvkt.flutterify|1|null|10813: granting content://settings/system/notification_sound
06-26 20:57:24.714  1887  1887 W NotificationHistory: Attempted to add notif for locked/gone/disabled user 0
06-26 20:57:24.719  1887  1973 D OppoUserManagerService: getMultiSystemUserId  res = -10000
06-26 20:57:24.927  1887  3407 I ColorGameSpaceManager: in handleApplicationSwitchInner ---- gamemode = 0 ----mModeStatus = 0
06-26 20:57:25.302  1887  3407 I ColorGameSpaceManager: in handleApplicationSwitchInner ---- gamemode = 0 ----mModeStatus = 0
06-26 20:57:25.871 32534 24655 W ContextImpl: Calling a method in the system process without a qualified user: android.app.ContextImpl.startService:1717 android.content.ContextWrapper.startService:730 com.c.a.a.c.b.a:206 com.c.a.a.c.b.a:133 com.c.a.a.a.c.a:14 
06-26 20:57:25.887 32534 24655 W ContextImpl: Calling a method in the system process without a qualified user: android.app.ContextImpl.startService:1717 android.content.ContextWrapper.startService:730 com.c.a.a.c.b.a:206 com.c.a.a.c.b.a:133 com.c.a.a.a.c.a:14 
06-26 20:57:26.697  1887  2771 D BatteryLed: getLightInColorState, oppoLightMgr empty!
06-26 20:57:29.020  1887  4298 I ActivityManager: Killing 2838:com.android.chrome/u0a154 (adj 999): empty #31
06-26 20:57:29.022  1887  4298 I ActivityManager: Killing 2732:com.coloros.childrenspace/u0a197 (adj 999): empty #32
06-26 20:57:29.053  1887  4298 D DisplayManagerService: Display listener for pid 2732 died.
06-26 20:57:29.063  1887  5355 D DisplayManagerService: Display listener for pid 2838 died.
06-26 20:57:29.654  1887  5351 I ActivityManager: Killing 2923:com.google.android.apps.maps/u0a167 (adj 935): empty #31
06-26 20:57:29.733  1887  5348 D ConnectivityService: ConnectivityService NetworkRequestInfo binderDied(NetworkRequest [ TRACK_DEFAULT id=26258, [ Capabilities: INTERNET&NOT_RESTRICTED&TRUSTED Uid: 10167 AdministratorUids: [] RequestorUid: 10167 RequestorPackageName: com.google.android.apps.maps] ], android.os.BinderProxy@e5af080)
06-26 20:57:29.734  1887  2506 D ConnectivityService: releasing NetworkRequest [ TRACK_DEFAULT id=26258, [ Capabilities: INTERNET&NOT_RESTRICTED&TRUSTED Uid: 10167 AdministratorUids: [] RequestorUid: 10167 RequestorPackageName: com.google.android.apps.maps] ] (release request)
06-26 20:57:29.751  1887  4298 D DisplayManagerService: Display listener for pid 2923 died.
06-26 20:57:31.669  1887  2771 D BatteryLed: getLightInColorState, oppoLightMgr empty!
06-26 20:57:34.157  1887  2530 D JobScheduler.Temperature: get temperature=36.302
06-26 20:57:36.712  1887  2771 D BatteryLed: getLightInColorState, oppoLightMgr empty!
06-26 20:57:40.374  1887  2072 I ActivityManager: Force stopping io.rvkt.flutterify appid=10813 user=-1: deletePackageX
06-26 20:57:40.375  1887  2072 W ContextImpl: Calling a method in the system process without a qualified user: android.app.ContextImpl.sendBroadcast:1159 com.android.server.am.OppoExtraActivityManagerService.setKeyLockModeNormal:51 com.android.server.am.ActivityManagerService.forceStopPackageLocked:5381 com.android.server.am.ActivityManagerService$MainHandler.handleMessage:2014 android.os.Handler.dispatchMessage:106 
06-26 20:57:40.376  1887  4958 D OplusDexOptimizeManager: Try to protect stablebility.. 
06-26 20:57:40.392  1887  2226 I PackageManager: Removing permission io.rvkt.flutterify.DYNAMIC_RECEIVER_NOT_EXPORTED_PERMISSION that used to be declared by io.rvkt.flutterify
06-26 20:57:40.394  1887  2226 W PackageManager: Removing dangling permission: io.rvkt.flutterify.DYNAMIC_RECEIVER_NOT_EXPORTED_PERMISSION from package io.rvkt.flutterify
06-26 20:57:40.394  1887  2226 I PackageManager: Permission ownership changed. Updating all permissions.
06-26 20:57:40.395  1887  2226 D ColorSensitivePermGrantPolicyManager: allow refined permission com.oppo.permission.safe.SAU for com.coloros.backuprestore
06-26 20:57:40.397  1887  2226 D ColorSensitivePermGrantPolicyManager: allow refined permission oppo.permission.OPPO_COMPONENT_SAFE for com.coloros.backuprestore
06-26 20:57:40.397  1887  2226 D ColorSensitivePermGrantPolicyManager: allow refined permission com.oppo.permission.safe.BACKUP for com.coloros.backuprestore
06-26 20:57:40.397  1887  2226 D ColorSensitivePermGrantPolicyManager: allow refined permission com.oppo.permission.safe.SECURITY for com.coloros.backuprestore
06-26 20:57:40.397  1887  2226 D ColorSensitivePermGrantPolicyManager: allow refined permission oplus.permission.OPLUS_COMPONENT_SAFE for com.coloros.backuprestore
06-26 20:57:40.397  1887  2226 D ColorSensitivePermGrantPolicyManager: allow refined permission com.oplus.permission.safe.LOG for com.coloros.backuprestore
06-26 20:57:40.397  1887  2226 D ColorSensitivePermGrantPolicyManager: allow refined permission com.oplus.permission.safe.AI_APP for com.coloros.backuprestore
06-26 20:57:40.398  1887  2226 D ColorSensitivePermGrantPolicyManager: allow refined permission oppo.permission.OPPO_COMPONENT_SAFE for com.coloros.apprecover
06-26 20:57:40.398  1887  2226 D ColorSensitivePermGrantPolicyManager: allow refined permission com.oppo.permission.safe.SAU for com.coloros.apprecover
06-26 20:57:40.399  1887  2226 D ColorSensitivePermGrantPolicyManager: allow refined permission oppo.permission.OPPO_COMPONENT_SAFE for com.coloros.onekeylockscreen
06-26 20:57:40.399  1887  2226 D ColorSensitivePermGrantPolicyManager: allow refined permission oplus.permission.OPLUS_COMPONENT_SAFE for com.coloros.onekeylockscreen
06-26 20:57:40.399  1887  2226 D ColorSensitivePermGrantPolicyManager: allow refined permission com.oplus.permission.safe.LOG for com.coloros.onekeylockscreen
06-26 20:57:40.399  1887  2226 D ColorSensitivePermGrantPolicyManager: allow refined permission oppo.permission.OPPO_COMPONENT_SAFE for com.coloros.phonenoareainquire
06-26 20:57:40.399  1887  2226 D ColorSensitivePermGrantPolicyManager: allow refined permission com.oppo.permission.safe.SECURITY for com.coloros.phonenoareainquire
06-26 20:57:40.402  1887  2226 D ColorSensitivePermGrantPolicyManager: allow refined permission oppo.permission.OPPO_COMPONENT_SAFE for com.heytap.pictorial
06-26 20:57:40.402  1887  2226 D ColorSensitivePermGrantPolicyManager: allow refined permission oplus.permission.OPLUS_COMPONENT_SAFE for com.heytap.pictorial
06-26 20:57:40.403  1887  2226 D ColorSensitivePermGrantPolicyManager: allow refined permission com.oplus.permission.safe.SECURITY for com.heytap.pictorial
06-26 20:57:40.403  1887  2226 D ColorSensitivePermGrantPolicyManager: allow refined permission com.oppo.permission.safe.SECURITY for com.heytap.pictorial
06-26 20:57:40.403  1887  2226 D ColorSensitivePermGrantPolicyManager: allow refined permission com.oppo.permission.safe.SETTINGS for com.heytap.pictorial
06-26 20:57:40.403  1887  2226 D ColorSensitivePermGrantPolicyManager: allow refined permission com.oplus.permission.safe.SETTINGS for com.heytap.pictorial
06-26 20:57:40.403  1887  2226 D ColorSensitivePermGrantPolicyManager: allow refined permission com.oplus.permission.safe.SAU for com.heytap.pictorial
06-26 20:57:40.403  1887  2226 D ColorSensitivePermGrantPolicyManager: allow refined permission com.oppo.permission.safe.SAU for com.heytap.pictorial
06-26 20:57:40.403  1887  2226 D ColorSensitivePermGrantPolicyManager: allow refined permission com.oplus.permission.safe.APP_MANAGER for com.heytap.pictorial
06-26 20:57:40.403  1887  2226 D ColorSensitivePermGrantPolicyManager: allow refined permission com.oplus.permission.safe.SETTINGS_SEARCH for com.heytap.pictorial
06-26 20:57:40.403  1887  2226 D ColorSensitivePermGrantPolicyManager: allow refined permission com.oplus.permission.safe.LOG for com.heytap.pictorial
06-26 20:57:40.403  1887  2226 D ColorSensitivePermGrantPolicyManager: allow refined permission oppo.permission.OPPO_COMPONENT_SAFE for com.coloros.smartsidebar
06-26 20:57:40.404  1887  2226 D ColorSensitivePermGrantPolicyManager: allow refined permission com.oppo.permission.safe.PICTURE for com.coloros.smartsidebar
06-26 20:57:40.404  1887  2226 D ColorSensitivePermGrantPolicyManager: allow refined permission com.oppo.permission.safe.LOG for com.coloros.smartsidebar
06-26 20:57:40.404  1887  2226 D ColorSensitivePermGrantPolicyManager: allow refined permission com.oppo.permission.safe.SAU for com.coloros.smartsidebar
06-26 20:57:40.404  1887  2226 D ColorSensitivePermGrantPolicyManager: allow refined permission com.oppo.permission.safe.APP_MANAGER for com.coloros.smartsidebar
06-26 20:57:40.404  1887  2226 D ColorSensitivePermGrantPolicyManager: allow refined permission com.oppo.permission.safe.SECURITY for com.coloros.smartsidebar
06-26 20:57:40.404  1887  2226 D ColorSensitivePermGrantPolicyManager: allow refined permission oppo.permission.OPPO_COMPONENT_SAFE for com.coloros.karaoke
06-26 20:57:40.405  1887  2226 D ColorSensitivePermGrantPolicyManager: permission-key is not suitable for com.coloros.karaoke: 64AAFAF1D5BC9155A9E417A849E4F8EDA1D0D1341667C28ED7C443C76F820B9A
06-26 20:57:40.406  1887  2226 D ColorSensitivePermGrantPolicyManager: allow refined permission com.oplus.permission.safe.CLOUD for com.heytap.cloud
06-26 20:57:40.406  1887  2226 D ColorSensitivePermGrantPolicyManager: allow refined permission oplus.permission.OPLUS_COMPONENT_SAFE for com.heytap.cloud
06-26 20:57:40.406  1887  2226 D ColorSensitivePermGrantPolicyManager: allow refined permission oppo.permission.OPPO_COMPONENT_SAFE for com.heytap.cloud
06-26 20:57:40.406  1887  2226 D ColorSensitivePermGrantPolicyManager: allow refined permission com.oppo.permission.safe.BACKUP for com.heytap.cloud
06-26 20:57:40.406  1887  2226 D ColorSensitivePermGrantPolicyManager: allow refined permission com.oplus.permission.safe.BACKUP for com.heytap.cloud
06-26 20:57:40.407  1887  2226 D ColorSensitivePermGrantPolicyManager: allow refined permission com.oppo.permission.safe.CLOUD for com.heytap.cloud
06-26 20:57:40.407  1887  2226 D ColorSensitivePermGrantPolicyManager: allow refined permission com.oppo.permission.safe.PRIVATE for com.heytap.cloud
06-26 20:57:40.407  1887  2226 D ColorSensitivePermGrantPolicyManager: allow refined permission com.oppo.permission.safe.SECURITY for com.heytap.cloud
06-26 20:57:40.407  1887  2226 D ColorSensitivePermGrantPolicyManager: allow refined permission com.oplus.permission.safe.LOG for com.heytap.cloud
06-26 20:57:40.407  1887  2226 D ColorSensitivePermGrantPolicyManager: allow refined permission oppo.permission.OPPO_COMPONENT_SAFE for com.heytap.music
06-26 20:57:40.407  1887  2226 D ColorSensitivePermGrantPolicyManager: permission-key is not suitable for com.heytap.music: 9DA4BDAFD1B1E91C6CA6D98D5890D54F07E0F1BD3A272A8C8CBE44AC639BF22E
06-26 20:57:40.407  1887  2226 D ColorSensitivePermGrantPolicyManager: allow refined permission oplus.permission.OPLUS_COMPONENT_SAFE for com.heytap.music
06-26 20:57:40.408  1887  2226 D ColorSensitivePermGrantPolicyManager: no OplusPermissionKey in com.heytap.store
06-26 20:57:40.408  1887  2226 D ColorSensitivePermGrantPolicyManager: allow refined permission oppo.permission.OPPO_COMPONENT_SAFE for com.coloros.gamespace
06-26 20:57:40.409  1887  2226 D ColorSensitivePermGrantPolicyManager: allow refined permission com.oppo.permission.safe.PERSISTENT for com.coloros.gamespace
06-26 20:57:40.409  1887  2226 D ColorSensitivePermGrantPolicyManager: allow refined permission com.oppo.permission.safe.SECURITY for com.coloros.gamespace
06-26 20:57:40.409  1887  2226 D ColorSensitivePermGrantPolicyManager: allow refined permission com.oppo.permission.safe.GAME for com.coloros.gamespace
06-26 20:57:40.409  1887  2226 D ColorSensitivePermGrantPolicyManager: allow refined permission com.oppo.permission.safe.LOG for com.coloros.gamespace
06-26 20:57:40.409  1887  2226 D ColorSensitivePermGrantPolicyManager: allow refined permission oppo.permission.OPPO_COMPONENT_SAFE for com.oppoex.afterservice
06-26 20:57:40.409  1887  2226 D ColorSensitivePermGrantPolicyManager: allow refined permission oplus.permission.OPLUS_COMPONENT_SAFE for com.oppoex.afterservice
06-26 20:57:40.410  1887  2226 D ColorSensitivePermGrantPolicyManager: allow refined permission oppo.permission.OPPO_COMPONENT_SAFE for com.oppo.operationManual
06-26 20:57:40.410  1887  2226 D ColorSensitivePermGrantPolicyManager: allow refined permission oplus.permission.OPLUS_COMPONENT_SAFE for com.oppo.operationManual
06-26 20:57:40.410  1887  2226 D ColorSensitivePermGrantPolicyManager: no OplusPermissionKey in com.android.htmlviewer
06-26 20:57:40.410  1887  2226 D ColorSensitivePermGrantPolicyManager: allow refined permission oppo.permission.OPPO_COMPONENT_SAFE for com.coloros.healthcheck
06-26 20:57:40.411  1887  2226 D ColorSensitivePermGrantPolicyManager: allow refined permission com.oppo.permission.safe.SAU for com.coloros.healthcheck
06-26 20:57:40.411  1887  2226 D ColorSensitivePermGrantPolicyManager: allow refined permission com.oppo.permission.safe.SECURITY for com.coloros.healthcheck
06-26 20:57:40.411  1887  2226 D ColorSensitivePermGrantPolicyManager: allow refined permission com.oppo.permission.safe.SETTINGS for com.coloros.healthcheck
06-26 20:57:40.411  1887  2226 D ColorSensitivePermGrantPolicyManager: allow refined permission com.oplus.permission.safe.LOG for com.coloros.healthcheck
06-26 20:57:40.411  1887  2226 D ColorSensitivePermGrantPolicyManager: allow refined permission oplus.permission.OPLUS_COMPONENT_SAFE for com.coloros.healthcheck
06-26 20:57:40.412  1887  2226 D ColorSensitivePermGrantPolicyManager: allow refined permission oppo.permission.OPPO_COMPONENT_SAFE for com.coloros.weather.service
06-26 20:57:40.412  1887  2226 D ColorSensitivePermGrantPolicyManager: allow refined permission com.oppo.permission.safe.SECURITY for com.coloros.weather.service
06-26 20:57:40.413  1887  2226 D ColorSensitivePermGrantPolicyManager: allow refined permission oppo.permission.OPPO_COMPONENT_SAFE for com.android.providers.downloads
06-26 20:57:40.413  1887  2226 D ColorSensitivePermGrantPolicyManager: no OplusPermissionKey in com.android.providers.downloads
06-26 20:57:40.413  1887  2226 D ColorSensitivePermGrantPolicyManager: allow refined permission oppo.permission.OPPO_COMPONENT_SAFE for com.coloros.providers.downloads.ui
06-26 20:57:40.413  1887  2226 D ColorSensitivePermGrantPolicyManager: no OplusPermissionKey in com.coloros.providers.downloads.ui
06-26 20:57:40.413  1887  2226 D ColorSensitivePermGrantPolicyManager: allow refined permission oppo.permission.OPPO_COMPONENT_SAFE for com.coloros.blacklistapp
06-26 20:57:40.414  1887  4958 D OplusDexOptimizeManager: can not detect dex2oat...
06-26 20:57:40.414  1887  2226 D ColorSensitivePermGrantPolicyManager: allow refined permission com.oppo.permission.safe.SAU for com.coloros.blacklistapp
06-26 20:57:40.414  1887  2226 D ColorSensitivePermGrantPolicyManager: allow refined permission com.oppo.permission.safe.SECURITY for com.coloros.blacklistapp
06-26 20:57:40.415  1887  2226 D ColorSensitivePermGrantPolicyManager: allow refined permission com.oppo.permission.safe.SECURITY for com.mediatek.omacp
06-26 20:57:40.415  1887  2226 D ColorSensitivePermGrantPolicyManager: allow refined permission oppo.permission.OPPO_COMPONENT_SAFE for com.mediatek.omacp
06-26 20:57:40.415  1887  2226 D ColorSensitivePermGrantPolicyManager: no OplusPermissionKey in com.coloros.locationproxy
06-26 20:57:40.416  1887  2226 D ColorSensitivePermGrantPolicyManager: allow refined permission com.oppo.permission.safe.SECURITY for com.heytap.market
06-26 20:57:40.416  1887  2226 D ColorSensitivePermGrantPolicyManager: allow refined permission oppo.permission.OPPO_COMPONENT_SAFE for com.heytap.market
06-26 20:57:40.416  1887  2226 D ColorSensitivePermGrantPolicyManager: allow refined permission oplus.permission.OPLUS_COMPONENT_SAFE for com.heytap.market
06-26 20:57:40.416  1887  2226 D ColorSensitivePermGrantPolicyManager: allow refined permission com.oplus.permission.safe.SECURITY for com.heytap.market
06-26 20:57:40.416  1887  2226 D ColorSensitivePermGrantPolicyManager: allow refined permission com.oplus.permission.safe.APP_MANAGER for com.heytap.market
06-26 20:57:40.416  1887  2226 D ColorSensitivePermGrantPolicyManager: allow refined permission com.oplus.permission.safe.SETTINGS for com.heytap.market
06-26 20:57:40.416  1887  2226 D ColorSensitivePermGrantPolicyManager: allow refined permission com.oppo.permission.safe.SAU for com.heytap.market
06-26 20:57:40.416  1887  2226 D ColorSensitivePermGrantPolicyManager: allow refined permission com.oplus.permission.safe.LOG for com.heytap.market
06-26 20:57:40.418  1887  2226 D ColorSensitivePermGrantPolicyManager: allow refined permission oppo.permission.OPPO_COMPONENT_SAFE for com.heytap.openid
06-26 20:57:40.418  1887  2226 D ColorSensitivePermGrantPolicyManager: allow refined permission com.oppo.permission.safe.SECURITY for com.heytap.openid
06-26 20:57:40.419  1887  2226 D ColorSensitivePermGrantPolicyManager: allow refined permission com.oppo.permission.safe.SAU for com.coloros.focusmode
06-26 20:57:40.419  1887  2226 D ColorSensitivePermGrantPolicyManager: allow refined permission com.oppo.permission.safe.PERSISTENT for com.coloros.focusmode
06-26 20:57:40.419  1887  2226 D ColorSensitivePermGrantPolicyManager: allow refined permission com.oppo.permission.safe.SECURITY for com.coloros.focusmode
06-26 20:57:40.419  1887  2226 D ColorSensitivePermGrantPolicyManager: allow refined permission oppo.permission.OPPO_COMPONENT_SAFE for com.coloros.focusmode
06-26 20:57:40.419  1887  2226 D ColorSensitivePermGrantPolicyManager: allow refined permission com.oppo.permission.safe.SETTINGS_SEARCH for com.coloros.focusmode
06-26 20:57:40.420  1887  2226 D ColorSensitivePermGrantPolicyManager: allow refined permission oppo.permission.OPPO_COMPONENT_SAFE for com.coloros.oshare
06-26 20:57:40.421  1887  2226 D ColorSensitivePermGrantPolicyManager: allow refined permission com.oppo.permission.safe.PERSISTENT for com.coloros.oshare
06-26 20:57:40.421  1887  2226 D ColorSensitivePermGrantPolicyManager: allow refined permission com.oppo.permission.safe.SAU for com.coloros.oshare
06-26 20:57:40.421  1887  2226 D ColorSensitivePermGrantPolicyManager: allow refined permission com.oppo.permission.safe.SECURITY for com.coloros.oshare
06-26 20:57:40.422  1887  2226 D ColorSensitivePermGrantPolicyManager: allow refined permission com.oppo.permission.safe.SECURITY for com.coloros.scenemode
06-26 20:57:40.422  1887  2226 D ColorSensitivePermGrantPolicyManager: allow refined permission oppo.permission.OPPO_COMPONENT_SAFE for com.coloros.scenemode
06-26 20:57:40.424  1887  2226 D ColorSensitivePermGrantPolicyManager: allow refined permission oppo.permission.OPPO_COMPONENT_SAFE for com.coloros.bootreg
06-26 20:57:40.424  1887  2226 D ColorSensitivePermGrantPolicyManager: allow refined permission com.oppo.permission.safe.SECURITY for com.coloros.bootreg
06-26 20:57:40.424  1887  2226 D ColorSensitivePermGrantPolicyManager: allow refined permission com.oppo.permission.safe.SETTINGS for com.coloros.bootreg
06-26 20:57:40.425  1887  2226 D ColorSensitivePermGrantPolicyManager: allow refined permission oppo.permission.OPPO_COMPONENT_SAFE for com.coloros.screenrecorder
06-26 20:57:40.425  1887  2226 D ColorSensitivePermGrantPolicyManager: allow refined permission com.oppo.permission.safe.SAU for com.coloros.screenrecorder
06-26 20:57:40.425  1887  2226 D ColorSensitivePermGrantPolicyManager: allow refined permission com.oppo.permission.safe.SECURITY for com.coloros.screenrecorder
06-26 20:57:40.425  1887  2226 D ColorSensitivePermGrantPolicyManager: allow refined permission oplus.permission.OPLUS_COMPONENT_SAFE for com.coloros.screenrecorder
06-26 20:57:40.425  1887  2226 D ColorSensitivePermGrantPolicyManager: allow refined permission oppo.permission.OPPO_COMPONENT_SAFE for com.android.contacts
06-26 20:57:40.426  1887  2226 D ColorSensitivePermGrantPolicyManager: allow refined permission com.oppo.permission.safe.SAU for com.android.contacts
06-26 20:57:40.426  1887  2226 D ColorSensitivePermGrantPolicyManager: allow refined permission com.oppo.permission.safe.UPDATE for com.android.contacts
06-26 20:57:40.426  1887  2226 D ColorSensitivePermGrantPolicyManager: allow refined permission com.oppo.permission.safe.SECURITY for com.android.contacts
06-26 20:57:40.426  1887  2226 D ColorSensitivePermGrantPolicyManager: allow refined permission oppo.permission.OPPO_COMPONENT_SAFE for com.ted.number
06-26 20:57:40.427  1887  2226 D ColorSensitivePermGrantPolicyManager: allow refined permission com.oppo.permission.safe.SECURITY for com.ted.number
06-26 20:57:40.428  1887  2226 D ColorSensitivePermGrantPolicyManager: allow refined permission com.oppo.permission.safe.SAU for com.android.mms
06-26 20:57:40.428  1887  2226 D ColorSensitivePermGrantPolicyManager: allow refined permission oppo.permission.OPPO_COMPONENT_SAFE for com.android.mms
06-26 20:57:40.428  1887  2226 D ColorSensitivePermGrantPolicyManager: allow refined permission com.oppo.permission.safe.SECURITY for com.android.mms
06-26 20:57:40.428  1887  2226 D ColorSensitivePermGrantPolicyManager: allow refined permission com.oppo.permission.safe.SETTINGS for com.android.mms
06-26 20:57:40.428  1887  2226 D ColorSensitivePermGrantPolicyManager: allow refined permission oplus.permission.OPLUS_COMPONENT_SAFE for com.android.mms
06-26 20:57:40.428  1887  2226 D ColorSensitivePermGrantPolicyManager: allow refined permission com.oplus.permission.safe.SAU for com.android.mms
06-26 20:57:40.428  1887  2226 D ColorSensitivePermGrantPolicyManager: allow refined permission com.oplus.permission.safe.SECURITY for com.android.mms
06-26 20:57:40.428  1887  2226 D ColorSensitivePermGrantPolicyManager: allow refined permission com.oplus.permission.safe.MMS for com.android.mms
06-26 20:57:40.428  1887  2226 D ColorSensitivePermGrantPolicyManager: allow refined permission com.oplus.permission.safe.SETTINGS for com.android.mms
06-26 20:57:40.428  1887  2226 D ColorSensitivePermGrantPolicyManager: allow refined permission com.oplus.permission.safe.PHONE for com.android.mms
06-26 20:57:40.429  1887  2226 D ColorSensitivePermGrantPolicyManager: allow refined permission oppo.permission.OPPO_COMPONENT_SAFE for com.coloros.assistantscreen
06-26 20:57:40.430  1887  2226 D ColorSensitivePermGrantPolicyManager: allow refined permission com.oppo.permission.safe.SAU for com.coloros.assistantscreen
06-26 20:57:40.430  1887  2226 D ColorSensitivePermGrantPolicyManager: allow refined permission com.oppo.permission.safe.IOT for com.coloros.assistantscreen
06-26 20:57:40.430  1887  2226 D ColorSensitivePermGrantPolicyManager: allow refined permission com.oppo.permission.safe.SECURITY for com.coloros.assistantscreen
06-26 20:57:40.430  1887  2226 D ColorSensitivePermGrantPolicyManager: allow refined permission oppo.permission.OPPO_COMPONENT_SAFE for com.coloros.activation
06-26 20:57:40.431  1887  2226 D ColorSensitivePermGrantPolicyManager: allow refined permission com.oppo.permission.safe.SAU for com.coloros.activation
06-26 20:57:40.431  1887  2226 D ColorSensitivePermGrantPolicyManager: allow refined permission oplus.permission.OPLUS_COMPONENT_SAFE for com.coloros.activation
06-26 20:57:40.434  1887  2226 D ColorSensitivePermGrantPolicyManager: allow refined permission oppo.permission.OPPO_COMPONENT_SAFE for com.coloros.ocs.opencapabilityservice
06-26 20:57:40.435  1887  2226 D ColorSensitivePermGrantPolicyManager: allow refined permission com.oppo.permission.safe.CAMERA for com.coloros.ocs.opencapabilityservice
06-26 20:57:40.435  1887  2226 D ColorSensitivePermGrantPolicyManager: allow refined permission com.oppo.permission.safe.AUTHENTICATE for com.coloros.ocs.opencapabilityservice
06-26 20:57:40.436  1887  2226 D ColorSensitivePermGrantPolicyManager: allow refined permission oppo.permission.OPPO_COMPONENT_SAFE for com.coloros.smartdrive
06-26 20:57:40.436  1887  2226 D ColorSensitivePermGrantPolicyManager: allow refined permission oplus.permission.OPLUS_COMPONENT_SAFE for com.coloros.smartdrive
06-26 20:57:40.437  1887  2226 D ColorSensitivePermGrantPolicyManager: allow refined permission com.oppo.permission.safe.SAU for com.coloros.smartdrive
06-26 20:57:40.437  1887  2226 D ColorSensitivePermGrantPolicyManager: allow refined permission com.oplus.permission.safe.SAU for com.coloros.smartdrive
06-26 20:57:40.437  1887  2226 D ColorSensitivePermGrantPolicyManager: allow refined permission com.oppo.permission.safe.SECURITY for com.coloros.smartdrive
06-26 20:57:40.437  1887  2226 D ColorSensitivePermGrantPolicyManager: allow refined permission com.oplus.permission.safe.SECURITY for com.coloros.smartdrive
06-26 20:57:40.438  1887  2226 D ColorSensitivePermGrantPolicyManager: allow refined permission oppo.permission.OPPO_COMPONENT_SAFE for com.redteamobile.roaming
06-26 20:57:40.438  1887  2226 D ColorSensitivePermGrantPolicyManager: allow refined permission com.oppo.permission.safe.SAU for com.redteamobile.roaming
06-26 20:57:40.438  1887  2226 D ColorSensitivePermGrantPolicyManager: allow refined permission com.oppo.permission.safe.SECURITY for com.redteamobile.roaming
06-26 20:57:40.438  1887  2226 D ColorSensitivePermGrantPolicyManager: allow refined permission oppo.permission.OPPO_COMPONENT_SAFE for com.coloros.translate.engine
06-26 20:57:40.441  1887  2226 D ColorSensitivePermGrantPolicyManager: allow refined permission oppo.permission.OPPO_COMPONENT_SAFE for com.coloros.wallpapers
06-26 20:57:40.442  1887  2226 D ColorSensitivePermGrantPolicyManager: allow refined permission com.oppo.permission.safe.SECURITY for com.coloros.wallpapers
06-26 20:57:40.443  1887  2226 D ColorSensitivePermGrantPolicyManager: allow refined permission com.oppo.permission.safe.SAU for com.coloros.weather2
06-26 20:57:40.443  1887  2226 D ColorSensitivePermGrantPolicyManager: allow refined permission com.oppo.permission.safe.SAFE_MANAGER for com.coloros.weather2
06-26 20:57:40.443  1887  2226 D ColorSensitivePermGrantPolicyManager: allow refined permission oplus.permission.OPLUS_COMPONENT_SAFE for com.coloros.weather2
06-26 20:57:40.443  1887  2226 D ColorSensitivePermGrantPolicyManager: allow refined permission oppo.permission.OPPO_COMPONENT_SAFE for com.coloros.weather2
06-26 20:57:40.443  1887  2226 D ColorSensitivePermGrantPolicyManager: allow refined permission oppo.permission.OPPO_COMPONENT_SAFE for com.coloros.encryption
06-26 20:57:40.443  1887  2226 D ColorSensitivePermGrantPolicyManager: allow refined permission com.oppo.permission.safe.SECURITY for com.coloros.encryption
06-26 20:57:40.443  1887  2226 D ColorSensitivePermGrantPolicyManager: allow refined permission com.oppo.permission.safe.SAU for com.coloros.encryption
06-26 20:57:40.443  1887  2226 D ColorSensitivePermGrantPolicyManager: allow refined permission oplus.permission.OPLUS_COMPONENT_SAFE for com.coloros.encryption
06-26 20:57:40.445  1887  2226 D ColorSensitivePermGrantPolicyManager: allow refined permission oppo.permission.OPPO_COMPONENT_SAFE for com.coloros.compass2
06-26 20:57:40.446  1887  2226 D ColorSensitivePermGrantPolicyManager: allow refined permission com.oppo.permission.safe.SAU for com.coloros.compass2
06-26 20:57:40.446  1887  2226 D ColorSensitivePermGrantPolicyManager: allow refined permission com.oppo.permission.safe.SECURITY for com.nearme.gamecenter
06-26 20:57:40.447  1887  2226 D ColorSensitivePermGrantPolicyManager: allow refined permission oppo.permission.OPPO_COMPONENT_SAFE for com.nearme.gamecenter
06-26 20:57:40.447  1887  2226 D ColorSensitivePermGrantPolicyManager: allow refined permission oplus.permission.OPLUS_COMPONENT_SAFE for com.nearme.gamecenter
